 zlib1

 Timestamp is 56714cb5 (Wed Dec 16 13:36:21 2015)

 Preferred load address is 0000000180000000

 Start         Length     Name                   Class
 0001:00000000 00029baeH .text$mn                CODE
 0001:00029bb0 000010d5H .text$x                 CODE
 0002:00000000 00000109H .CRT$XCA                DATA
 0002:00000110 00000109H .CRT$XCZ                DATA
 0002:00000220 00000109H .CRT$XIA                DATA
 0002:00000330 00000109H .CRT$XIAA               DATA
 0002:00000440 00000109H .CRT$XIC                DATA
 0002:00000550 00000109H .CRT$XIZ                DATA
 0002:00000660 00004f68H .rdata                  DATA
 0002:000055c8 000001acH .rdata$debug            DATA
 0002:00005778 00000109H .rtc$IAA                DATA
 0002:00005888 00000109H .rtc$IZZ                DATA
 0002:00005998 00000109H .rtc$TAA                DATA
 0002:00005aa8 00000109H .rtc$TZZ                DATA
 0002:00005bb8 00000ba5H .xdata                  DATA
 0002:00006760 00000fb4H .edata                  DATA
 0003:00000000 0000098aH .data                   DATA
 0003:00000990 00000069H .bss                    DATA
 0004:00000000 00000c30H .pdata                  DATA
 0005:00000000 000002e0H .idata$5                DATA
 0005:000002e0 00000028H .idata$2                DATA
 0005:00000308 00000014H .idata$3                DATA
 0005:00000320 000002e0H .idata$4                DATA
 0005:00000600 00000486H .idata$6                DATA
 0006:00000000 00000169H .rsrc$01                DATA
 0006:00000170 000004dcH .rsrc$02                DATA

  Address         Publics by Value              Rva+Base               Lib:Object

 0000:00000000       __guard_flags              0000000000000000     <absolute>
 0000:00000000       ___safe_se_handler_table   0000000000000000     <absolute>
 0000:00000000       __guard_fids_table         0000000000000000     <absolute>
 0000:00000000       ___safe_se_handler_count   0000000000000000     <absolute>
 0000:00000000       __guard_fids_count         0000000000000000     <absolute>
 0000:00000000       __ImageBase                0000000180000000     <linker-defined>
 0001:000006a0       adler32                    00000001800016a0 f   adler32.obj
 0001:00000e90       adler32_combine            0000000180001e90 f   adler32.obj
 0001:00001000       adler32_combine64          0000000180002000 f   adler32.obj
 0001:00001290       compress                   0000000180002290 f   compress.obj
 0001:000012e0       compress2                  00000001800022e0 f   compress.obj
 0001:00001410       compressBound              0000000180002410 f   compress.obj
 0001:000014b0       crc32                      00000001800024b0 f   crc32.obj
 0001:00001820       crc32_combine              0000000180002820 f   crc32.obj
 0001:00001860       get_crc_table              0000000180002860 f   crc32.obj
 0001:00002b10       crc32_combine64            0000000180003b10 f   crc32.obj
 0001:000030e0       deflate                    00000001800040e0 f   deflate.obj
 0001:000044d0       deflateEnd                 00000001800054d0 f   deflate.obj
 0001:00004650       deflateSetDictionary       0000000180005650 f   deflate.obj
 0001:000049d0       deflateCopy                00000001800059d0 f   deflate.obj
 0001:00004ce0       deflateReset               0000000180005ce0 f   deflate.obj
 0001:00004d20       deflateParams              0000000180005d20 f   deflate.obj
 0001:00004ef0       deflateTune                0000000180005ef0 f   deflate.obj
 0001:00004f80       deflateBound               0000000180005f80 f   deflate.obj
 0001:00005180       deflatePending             0000000180006180 f   deflate.obj
 0001:000051f0       deflatePrime               00000001800061f0 f   deflate.obj
 0001:00005330       deflateSetHeader           0000000180006330 f   deflate.obj
 0001:00005390       deflateInit_               0000000180006390 f   deflate.obj
 0001:000053f0       deflateInit2_              00000001800063f0 f   deflate.obj
 0001:00005860       deflateResetKeep           0000000180006860 f   deflate.obj
 0001:0000a670       gzclose                    000000018000b670 f   gzclose.obj
 0001:0000a6e0       gzdopen                    000000018000b6e0 f   gzlib.obj
 0001:0000a760       gzbuffer                   000000018000b760 f   gzlib.obj
 0001:0000a7e0       gzrewind                   000000018000b7e0 f   gzlib.obj
 0001:0000a870       gzeof                      000000018000b870 f   gzlib.obj
 0001:0000a8e0       gzerror                    000000018000b8e0 f   gzlib.obj
 0001:0000a9a0       gzclearerr                 000000018000b9a0 f   gzlib.obj
 0001:0000aa20       gzopen                     000000018000ba20 f   gzlib.obj
 0001:0000aa50       gzseek                     000000018000ba50 f   gzlib.obj
 0001:0000aab0       gztell                     000000018000bab0 f   gzlib.obj
 0001:0000ab00       gzoffset                   000000018000bb00 f   gzlib.obj
 0001:0000ab50       gzopen_w                   000000018000bb50 f   gzlib.obj
 0001:0000ab80       gzopen64                   000000018000bb80 f   gzlib.obj
 0001:0000abb0       gzseek64                   000000018000bbb0 f   gzlib.obj
 0001:0000aec0       gztell64                   000000018000bec0 f   gzlib.obj
 0001:0000af40       gzoffset64                 000000018000bf40 f   gzlib.obj
 0001:0000b000       gz_error                   000000018000c000 f   gzlib.obj
 0001:0000bac0       gzread                     000000018000cac0 f   gzread.obj
 0001:0000bd70       gzgets                     000000018000cd70 f   gzread.obj
 0001:0000bfa0       gzgetc                     000000018000cfa0 f   gzread.obj
 0001:0000c0a0       gzungetc                   000000018000d0a0 f   gzread.obj
 0001:0000c2f0       gzdirect                   000000018000d2f0 f   gzread.obj
 0001:0000c350       gzclose_r                  000000018000d350 f   gzread.obj
 0001:0000c450       gzgetc_                    000000018000d450 f   gzread.obj
 0001:0000d1c0       gzsetparams                000000018000e1c0 f   gzwrite.obj
 0001:0000d2f0       gzwrite                    000000018000e2f0 f   gzwrite.obj
 0001:0000d560       gzprintf                   000000018000e560 f   gzwrite.obj
 0001:0000d5c0       gzputs                     000000018000e5c0 f   gzwrite.obj
 0001:0000d630       gzputc                     000000018000e630 f   gzwrite.obj
 0001:0000d7b0       gzflush                    000000018000e7b0 f   gzwrite.obj
 0001:0000d870       gzclose_w                  000000018000e870 f   gzwrite.obj
 0001:0000d9b0       gzvprintf                  000000018000e9b0 f   gzwrite.obj
 0001:0000e400       inflateBack                000000018000f400 f   infback.obj
 0001:00010010       inflateBackEnd             0000000180011010 f   infback.obj
 0001:00010080       inflateBackInit_           0000000180011080 f   infback.obj
 0001:000109d0       inflate_fast               00000001800119d0 f   inffast.obj
 0001:00011830       inflate                    0000000180012830 f   inflate.obj
 0001:00014540       inflateEnd                 0000000180015540 f   inflate.obj
 0001:000145e0       inflateSetDictionary       00000001800155e0 f   inflate.obj
 0001:000146e0       inflateGetDictionary       00000001800156e0 f   inflate.obj
 0001:000147d0       inflateSync                00000001800157d0 f   inflate.obj
 0001:000149d0       inflateCopy                00000001800159d0 f   inflate.obj
 0001:00014c40       inflateReset               0000000180015c40 f   inflate.obj
 0001:00014cb0       inflateReset2              0000000180015cb0 f   inflate.obj
 0001:00014db0       inflatePrime               0000000180015db0 f   inflate.obj
 0001:00014ea0       inflateMark                0000000180015ea0 f   inflate.obj
 0001:00014f40       inflateGetHeader           0000000180015f40 f   inflate.obj
 0001:00014fc0       inflateInit_               0000000180015fc0 f   inflate.obj
 0001:00015000       inflateInit2_              0000000180016000 f   inflate.obj
 0001:00015160       inflateSyncPoint           0000000180016160 f   inflate.obj
 0001:000151d0       inflateUndermine           00000001800161d0 f   inflate.obj
 0001:00015250       inflateResetKeep           0000000180016250 f   inflate.obj
 0001:00016680       inflate_table              0000000180017680 f   inftrees.obj
 0001:00017070       fill_fopen64_filefunc      0000000180018070 f   ioapi.obj
 0001:00017100       fill_fopen_filefunc        0000000180018100 f   ioapi.obj
 0001:00017190       call_zopen64               0000000180018190 f   ioapi.obj
 0001:00017200       call_zseek64               0000000180018200 f   ioapi.obj
 0001:00017290       call_ztell64               0000000180018290 f   ioapi.obj
 0001:00017300       fill_zlib_filefunc64_32_def_from_filefunc32 0000000180018300 f   ioapi.obj
 0001:000179b0       fill_win32_filefunc        00000001800189b0 f   iowin32.obj
 0001:00017a40       fill_win32_filefunc64      0000000180018a40 f   iowin32.obj
 0001:00017ad0       fill_win32_filefunc64A     0000000180018ad0 f   iowin32.obj
 0001:00017b60       fill_win32_filefunc64W     0000000180018b60 f   iowin32.obj
 0001:00017bf0       win32_open_file_func       0000000180018bf0 f   iowin32.obj
 0001:00017ca0       win32_read_file_func       0000000180018ca0 f   iowin32.obj
 0001:00017d50       win32_write_file_func      0000000180018d50 f   iowin32.obj
 0001:00017e00       win32_tell64_file_func     0000000180018e00 f   iowin32.obj
 0001:00017ea0       win32_seek64_file_func     0000000180018ea0 f   iowin32.obj
 0001:00017f90       win32_close_file_func      0000000180018f90 f   iowin32.obj
 0001:00017ff0       win32_error_file_func      0000000180018ff0 f   iowin32.obj
 0001:00018180       win32_open64_file_func     0000000180019180 f   iowin32.obj
 0001:00018230       win32_open64_file_funcA    0000000180019230 f   iowin32.obj
 0001:000182e0       win32_open64_file_funcW    00000001800192e0 f   iowin32.obj
 0001:00018430       win32_tell_file_func       0000000180019430 f   iowin32.obj
 0001:000184d0       win32_seek_file_func       00000001800194d0 f   iowin32.obj
 0001:000188c0       _tr_init                   00000001800198c0 f   trees.obj
 0001:00018980       _tr_tally                  0000000180019980 f   trees.obj
 0001:00018b30       _tr_flush_block            0000000180019b30 f   trees.obj
 0001:00018fb0       _tr_flush_bits             0000000180019fb0 f   trees.obj
 0001:00018fd0       _tr_align                  0000000180019fd0 f   trees.obj
 0001:000192e0       _tr_stored_block           000000018001a2e0 f   trees.obj
 0001:0001d600       uncompress                 000000018001e600 f   uncompr.obj
 0001:0001d770       unzStringFileNameCompare   000000018001e770 f   unzip.obj
 0001:0001d7d0       unzOpen                    000000018001e7d0 f   unzip.obj
 0001:0001d800       unzOpen64                  000000018001e800 f   unzip.obj
 0001:0001d830       unzOpen2                   000000018001e830 f   unzip.obj
 0001:0001d8a0       unzOpen2_64                000000018001e8a0 f   unzip.obj
 0001:0001d930       unzClose                   000000018001e930 f   unzip.obj
 0001:0001d9b0       unzGetGlobalInfo           000000018001e9b0 f   unzip.obj
 0001:0001da00       unzGetGlobalInfo64         000000018001ea00 f   unzip.obj
 0001:0001da50       unzGetGlobalComment        000000018001ea50 f   unzip.obj
 0001:0001db50       unzGoToFirstFile           000000018001eb50 f   unzip.obj
 0001:0001dc40       unzGoToNextFile            000000018001ec40 f   unzip.obj
 0001:0001dda0       unzLocateFile              000000018001eda0 f   unzip.obj
 0001:0001df70       unzGetFilePos              000000018001ef70 f   unzip.obj
 0001:0001dfc0       unzGoToFilePos             000000018001efc0 f   unzip.obj
 0001:0001e010       unzGetFilePos64            000000018001f010 f   unzip.obj
 0001:0001e090       unzGoToFilePos64           000000018001f090 f   unzip.obj
 0001:0001e180       unzGetCurrentFileInfo64    000000018001f180 f   unzip.obj
 0001:0001e200       unzGetCurrentFileInfo      000000018001f200 f   unzip.obj
 0001:0001e3b0       unzGetCurrentFileZStreamPos64 000000018001f3b0 f   unzip.obj
 0001:0001e410       unzOpenCurrentFile         000000018001f410 f   unzip.obj
 0001:0001e440       unzOpenCurrentFilePassword 000000018001f440 f   unzip.obj
 0001:0001e480       unzOpenCurrentFile2        000000018001f480 f   unzip.obj
 0001:0001e4d0       unzOpenCurrentFile3        000000018001f4d0 f   unzip.obj
 0001:0001e8e0       unzCloseCurrentFile        000000018001f8e0 f   unzip.obj
 0001:0001e9f0       unzReadCurrentFile         000000018001f9f0 f   unzip.obj
 0001:0001ef70       unztell                    000000018001ff70 f   unzip.obj
 0001:0001efd0       unztell64                  000000018001ffd0 f   unzip.obj
 0001:0001f030       unzeof                     0000000180020030 f   unzip.obj
 0001:0001f0a0       unzGetLocalExtrafield      00000001800200a0 f   unzip.obj
 0001:0001f1e0       unzGetOffset64             00000001800201e0 f   unzip.obj
 0001:0001f260       unzGetOffset               0000000180020260 f   unzip.obj
 0001:0001f2a0       unzSetOffset64             00000001800202a0 f   unzip.obj
 0001:0001f390       unzSetOffset               0000000180020390 f   unzip.obj
 0001:00021f90       zipOpen                    0000000180022f90 f   zip.obj
 0001:00021fc0       zipOpen64                  0000000180022fc0 f   zip.obj
 0001:00021ff0       zipOpen2                   0000000180022ff0 f   zip.obj
 0001:00022080       zipOpen2_64                0000000180023080 f   zip.obj
 0001:00022130       zipOpenNewFileInZip        0000000180023130 f   zip.obj
 0001:00022220       zipOpenNewFileInZip64      0000000180023220 f   zip.obj
 0001:00022310       zipOpenNewFileInZip2       0000000180023310 f   zip.obj
 0001:00022400       zipOpenNewFileInZip2_64    0000000180023400 f   zip.obj
 0001:000224f0       zipOpenNewFileInZip3       00000001800234f0 f   zip.obj
 0001:000225f0       zipOpenNewFileInZip3_64    00000001800235f0 f   zip.obj
 0001:000226f0       zipOpenNewFileInZip4       00000001800236f0 f   zip.obj
 0001:000227f0       zipOpenNewFileInZip4_64    00000001800237f0 f   zip.obj
 0001:00023160       zipWriteInFileInZip        0000000180024160 f   zip.obj
 0001:00023440       zipCloseFileInZip          0000000180024440 f   zip.obj
 0001:00023470       zipCloseFileInZipRaw       0000000180024470 f   zip.obj
 0001:000234b0       zipCloseFileInZipRaw64     00000001800244b0 f   zip.obj
 0001:00023cb0       zipClose                   0000000180024cb0 f   zip.obj
 0001:00023f00       zipRemoveExtraInfoBlock    0000000180024f00 f   zip.obj
 0001:00025340       LoadCentralDirectoryRecord 0000000180026340 f   zip.obj
 0001:00025ad0       zipOpen3                   0000000180026ad0 f   zip.obj
 0001:00025ce0       Write_LocalFileHeader      0000000180026ce0 f   zip.obj
 0001:000262a0       Write_Zip64EndOfCentralDirectoryLocator 00000001800272a0 f   zip.obj
 0001:00026390       Write_Zip64EndOfCentralDirectoryRecord 0000000180027390 f   zip.obj
 0001:000265a0       Write_EndOfCentralDirectoryRecord 00000001800275a0 f   zip.obj
 0001:000267e0       Write_GlobalComment        00000001800277e0 f   zip.obj
 0001:00027ad0       zlibVersion                0000000180028ad0 f   zutil.obj
 0001:00027ae0       zlibCompileFlags           0000000180028ae0 f   zutil.obj
 0001:00027c00       zError                     0000000180028c00 f   zutil.obj
 0001:00027c30       zcalloc                    0000000180028c30 f   zutil.obj
 0001:00027c80       zcfree                     0000000180028c80 f   zutil.obj
 0001:00027d12       CreateFileA                0000000180028d12 f   kernel32:KERNEL32.dll
 0001:00027d18       CreateFileW                0000000180028d18 f   kernel32:KERNEL32.dll
 0001:00027d1e       ReadFile                   0000000180028d1e f   kernel32:KERNEL32.dll
 0001:00027d24       SetFilePointer             0000000180028d24 f   kernel32:KERNEL32.dll
 0001:00027d2a       WriteFile                  0000000180028d2a f   kernel32:KERNEL32.dll
 0001:00027d30       CloseHandle                0000000180028d30 f   kernel32:KERNEL32.dll
 0001:00027d36       GetLastError               0000000180028d36 f   kernel32:KERNEL32.dll
 0001:00027d3c       memcpy                     0000000180028d3c f   MSVCRTD:MSVCR120D.dll
 0001:00027d42       memset                     0000000180028d42 f   MSVCRTD:MSVCR120D.dll
 0001:00027d48       _snprintf                  0000000180028d48 f   MSVCRTD:MSVCR120D.dll
 0001:00027d4e       strlen                     0000000180028d4e f   MSVCRTD:MSVCR120D.dll
 0001:00027d54       wcstombs                   0000000180028d54 f   MSVCRTD:MSVCR120D.dll
 0001:00027d5a       free                       0000000180028d5a f   MSVCRTD:MSVCR120D.dll
 0001:00027d60       malloc                     0000000180028d60 f   MSVCRTD:MSVCR120D.dll
 0001:00027d66       _lseeki64                  0000000180028d66 f   MSVCRTD:MSVCR120D.dll
 0001:00027d6c       _wopen                     0000000180028d6c f   MSVCRTD:MSVCR120D.dll
 0001:00027d72       _errno                     0000000180028d72 f   MSVCRTD:MSVCR120D.dll
 0001:00027d78       memchr                     0000000180028d78 f   MSVCRTD:MSVCR120D.dll
 0001:00027d7e       strerror                   0000000180028d7e f   MSVCRTD:MSVCR120D.dll
 0001:00027d84       fclose                     0000000180028d84 f   MSVCRTD:MSVCR120D.dll
 0001:00027d8a       ferror                     0000000180028d8a f   MSVCRTD:MSVCR120D.dll
 0001:00027d90       fopen                      0000000180028d90 f   MSVCRTD:MSVCR120D.dll
 0001:00027d96       fread                      0000000180028d96 f   MSVCRTD:MSVCR120D.dll
 0001:00027d9c       fseek                      0000000180028d9c f   MSVCRTD:MSVCR120D.dll
 0001:00027da2       ftell                      0000000180028da2 f   MSVCRTD:MSVCR120D.dll
 0001:00027da8       _fseeki64                  0000000180028da8 f   MSVCRTD:MSVCR120D.dll
 0001:00027dae       _ftelli64                  0000000180028dae f   MSVCRTD:MSVCR120D.dll
 0001:00027db4       fwrite                     0000000180028db4 f   MSVCRTD:MSVCR120D.dll
 0001:00027dba       strcmp                     0000000180028dba f   MSVCRTD:MSVCR120D.dll
 0001:00027dc0       rand                       0000000180028dc0 f   MSVCRTD:MSVCR120D.dll
 0001:00027dc6       srand                      0000000180028dc6 f   MSVCRTD:MSVCR120D.dll
 0001:00027dcc       _time64                    0000000180028dcc f   MSVCRTD:MSVCR120D.dll
 0001:00027df0       __chkstk                   0000000180028df0 f   MSVCRTD:chkstk.obj
 0001:00027df0       _alloca_probe              0000000180028df0 f   MSVCRTD:chkstk.obj
 0001:00027ed0       NtCurrentTeb               0000000180028ed0 f i MSVCRTD:crtdll.obj
 0001:00027ee0       _CRT_INIT                  0000000180028ee0 f   MSVCRTD:crtdll.obj
 0001:00028290       _DllMainCRTStartup         0000000180029290 f   MSVCRTD:crtdll.obj
 0001:00028442       _vsnprintf                 0000000180029442 f   MSVCRTD:MSVCR120D.dll
 0001:00028448       __CppXcptFilter            0000000180029448 f   MSVCRTD:MSVCR120D.dll
 0001:0002844e       _amsg_exit                 000000018002944e f   MSVCRTD:MSVCR120D.dll
 0001:00028454       _malloc_dbg                0000000180029454 f   MSVCRTD:MSVCR120D.dll
 0001:0002845a       _free_dbg                  000000018002945a f   MSVCRTD:MSVCR120D.dll
 0001:00028460       _CrtSetCheckCount          0000000180029460 f   MSVCRTD:MSVCR120D.dll
 0001:00028470       _FindPESection             0000000180029470 f   MSVCRTD:pesect.obj
 0001:00028520       _IsNonwritableInCurrentImage 0000000180029520 f   MSVCRTD:pesect.obj
 0001:000285b0       _ValidateImageBase         00000001800295b0 f   MSVCRTD:pesect.obj
 0001:00028630       __atonexitinit             0000000180029630 f   MSVCRTD:atonexit.obj
 0001:00028720       _onexit                    0000000180029720 f   MSVCRTD:atonexit.obj
 0001:000287f0       atexit                     00000001800297f0 f   MSVCRTD:atonexit.obj
 0001:00028830       __security_init_cookie     0000000180029830 f   MSVCRTD:gs_support.obj
 0001:00028950       DllMain                    0000000180029950 f   MSVCRTD:dllmain.obj
 0001:00028990       _RTC_Initialize            0000000180029990 f   MSVCRTD:initsect.obj
 0001:000289d0       _RTC_Terminate             00000001800299d0 f   MSVCRTD:initsect.obj
 0001:00028a0e       _initterm                  0000000180029a0e f   MSVCRTD:MSVCR120D.dll
 0001:00028a14       _initterm_e                0000000180029a14 f   MSVCRTD:MSVCR120D.dll
 0001:00028a20       __clean_type_info_names    0000000180029a20 f   MSVCRTD:tncleanup.obj
 0001:00028a36       __C_specific_handler       0000000180029a36 f   MSVCRTD:MSVCR120D.dll
 0001:00028a3c       _lock                      0000000180029a3c f   MSVCRTD:MSVCR120D.dll
 0001:00028a42       _unlock                    0000000180029a42 f   MSVCRTD:MSVCR120D.dll
 0001:00028a48       _CrtDbgReportW             0000000180029a48 f   MSVCRTD:MSVCR120D.dll
 0001:00028a4e       _calloc_dbg                0000000180029a4e f   MSVCRTD:MSVCR120D.dll
 0001:00028a54       __dllonexit                0000000180029a54 f   MSVCRTD:MSVCR120D.dll
 0001:00028a5a       __clean_type_info_names_internal 0000000180029a5a f   MSVCRTD:MSVCR120D.dll
 0001:00028a60       EncodePointer              0000000180029a60 f   kernel32:KERNEL32.dll
 0001:00028a66       DecodePointer              0000000180029a66 f   kernel32:KERNEL32.dll
 0001:00028a6c       QueryPerformanceCounter    0000000180029a6c f   kernel32:KERNEL32.dll
 0001:00028a72       GetCurrentProcessId        0000000180029a72 f   kernel32:KERNEL32.dll
 0001:00028a78       GetCurrentThreadId         0000000180029a78 f   kernel32:KERNEL32.dll
 0001:00028a7e       GetSystemTimeAsFileTime    0000000180029a7e f   kernel32:KERNEL32.dll
 0001:00028a84       DisableThreadLibraryCalls  0000000180029a84 f   kernel32:KERNEL32.dll
 0001:00028a8a       _open                      0000000180029a8a f   MSVCRTD:MSVCR120D.dll
 0001:00028a90       _close                     0000000180029a90 f   MSVCRTD:MSVCR120D.dll
 0001:00028a96       _read                      0000000180029a96 f   MSVCRTD:MSVCR120D.dll
 0001:00028a9c       _write                     0000000180029a9c f   MSVCRTD:MSVCR120D.dll
 0002:00000000       __xc_a                     000000018002c000     MSVCRTD:cinitexe.obj
 0002:00000110       __xc_z                     000000018002c110     MSVCRTD:cinitexe.obj
 0002:00000220       __xi_a                     000000018002c220     MSVCRTD:cinitexe.obj
 0002:00000550       __xi_z                     000000018002c550     MSVCRTD:cinitexe.obj
 0002:00002d10       deflate_copyright          000000018002ed10     deflate.obj
 0002:000042f0       inflate_copyright          00000001800302f0     inftrees.obj
 0002:00004460       _length_code               0000000180030460     trees.obj
 0002:00004560       _dist_code                 0000000180030560     trees.obj
 0002:000050e0       unz_copyright              00000001800310e0     unzip.obj
 0002:00005150       zip_copyright              0000000180031150     zip.obj
 0002:000051b0       z_errmsg                   00000001800311b0     zutil.obj
 0002:00005210       _pDefaultRawDllMain        0000000180031210     MSVCRTD:crtdll.obj
 0002:00005210       _pRawDllMain               0000000180031210     MSVCRTD:crtdll.obj
 0002:00005218       ??_C@_0CL@CCAGLLEM@f?3?2dd?2vctools?2crt?2crtw32?2dllstuf@ 0000000180031218     MSVCRTD:crtdll.obj
 0002:00005250       ??_C@_1MC@KPMPFEII@?$AA?$CI?$AA_?$AA_?$AAo?$AAn?$AAe?$AAx?$AAi?$AAt?$AAb?$AAe?$AAg?$AAi?$AAn?$AA?5?$AA?$CB?$AA?$DN?$AA?5?$AAN?$AAU?$AAL?$AAL?$AA?5?$AA?$CG?$AA?$CG?$AA?5?$AA_?$AA_?$AAo?$AAn?$AAe?$AAx@ 0000000180031250     MSVCRTD:atonexit.obj
 0002:00005314       ??_C@_15GANGMFKL@?$AA?$CF?$AAs?$AA?$AA@ 0000000180031314     MSVCRTD:atonexit.obj
 0002:00005320       ??_C@_1FK@IGIDCAPD@?$AAf?$AA?3?$AA?2?$AAd?$AAd?$AA?2?$AAv?$AAc?$AAt?$AAo?$AAo?$AAl?$AAs?$AA?2?$AAc?$AAr?$AAt?$AA?2?$AAc?$AAr?$AAt?$AAw?$AA3?$AA2?$AA?2?$AAd?$AAl?$AAl?$AAs?$AAt?$AAu?$AAf@ 0000000180031320     MSVCRTD:atonexit.obj
 0002:00005380       ??_C@_0CN@LMJJPMEG@f?3?2dd?2vctools?2crt?2crtw32?2dllstuf@ 0000000180031380     MSVCRTD:atonexit.obj
 0002:000053b0       ?ProcessDetach@NativeDll@<CrtImplementationDetails>@@0IB 00000001800313b0     MSVCRTD:initsect.obj
 0002:000053b4       ?ProcessAttach@NativeDll@<CrtImplementationDetails>@@0IB 00000001800313b4     MSVCRTD:initsect.obj
 0002:000053b8       ?ThreadAttach@NativeDll@<CrtImplementationDetails>@@0IB 00000001800313b8     MSVCRTD:initsect.obj
 0002:000053bc       ?ThreadDetach@NativeDll@<CrtImplementationDetails>@@0IB 00000001800313bc     MSVCRTD:initsect.obj
 0002:000053c0       ?ProcessVerifier@NativeDll@<CrtImplementationDetails>@@0IB 00000001800313c0     MSVCRTD:initsect.obj
 0002:000053c4       ?value@?$integral_constant@_N$0A@@std@@2_NB 00000001800313c4     MSVCRTD:tncleanup.obj
 0002:000053c5       ?value@?$integral_constant@_N$00@std@@2_NB 00000001800313c5     MSVCRTD:tncleanup.obj
 0002:000053d0       _load_config_used          00000001800313d0     MSVCRTD:loadcfg.obj
 0002:00005778       __rtc_iaa                  0000000180031778     MSVCRTD:initsect.obj
 0002:00005888       __rtc_izz                  0000000180031888     MSVCRTD:initsect.obj
 0002:00005998       __rtc_taa                  0000000180031998     MSVCRTD:initsect.obj
 0002:00005aa8       __rtc_tzz                  0000000180031aa8     MSVCRTD:initsect.obj
 0003:00000860       __native_dllmain_reason    0000000180034860     MSVCRTD:natstart.obj
 0003:00000868       __security_cookie          0000000180034868     MSVCRTD:gs_cookie.obj
 0003:00000870       __security_cookie_complement 0000000180034870     MSVCRTD:gs_cookie.obj
 0003:000009a0       ?__type_info_root_node@@3U__type_info_node@@A 00000001800349a0     MSVCRTD:tncleanup.obj
 0003:000009b0       __native_startup_lock      00000001800349b0     <common>
 0003:000009c4       __native_startup_state     00000001800349c4     <common>
 0003:000009c8       __onexitend                00000001800349c8     <common>
 0003:000009e0       __onexitbegin              00000001800349e0     <common>
 0003:000009e8       __dyn_tls_init_callback    00000001800349e8     <common>
 0005:00000000       __imp_CreateFileA          0000000180036000     kernel32:KERNEL32.dll
 0005:00000008       __imp_CreateFileW          0000000180036008     kernel32:KERNEL32.dll
 0005:00000010       __imp_ReadFile             0000000180036010     kernel32:KERNEL32.dll
 0005:00000018       __imp_SetFilePointer       0000000180036018     kernel32:KERNEL32.dll
 0005:00000020       __imp_WriteFile            0000000180036020     kernel32:KERNEL32.dll
 0005:00000028       __imp_CloseHandle          0000000180036028     kernel32:KERNEL32.dll
 0005:00000030       __imp_GetLastError         0000000180036030     kernel32:KERNEL32.dll
 0005:00000038       __imp_GetSystemTimeAsFileTime 0000000180036038     kernel32:KERNEL32.dll
 0005:00000040       __imp_GetCurrentThreadId   0000000180036040     kernel32:KERNEL32.dll
 0005:00000048       __imp_GetCurrentProcessId  0000000180036048     kernel32:KERNEL32.dll
 0005:00000050       __imp_QueryPerformanceCounter 0000000180036050     kernel32:KERNEL32.dll
 0005:00000058       __imp_DecodePointer        0000000180036058     kernel32:KERNEL32.dll
 0005:00000060       __imp_EncodePointer        0000000180036060     kernel32:KERNEL32.dll
 0005:00000068       __imp_DisableThreadLibraryCalls 0000000180036068     kernel32:KERNEL32.dll
 0005:00000070       \177KERNEL32_NULL_THUNK_DATA 0000000180036070     kernel32:KERNEL32.dll
 0005:000000d8       __imp__lseeki64            00000001800360d8     MSVCRTD:MSVCR120D.dll
 0005:000000e0       __imp__wopen               00000001800360e0     MSVCRTD:MSVCR120D.dll
 0005:000000e8       __imp__errno               00000001800360e8     MSVCRTD:MSVCR120D.dll
 0005:000000f0       __imp_memchr               00000001800360f0     MSVCRTD:MSVCR120D.dll
 0005:000000f8       __imp_strerror             00000001800360f8     MSVCRTD:MSVCR120D.dll
 0005:00000100       __imp_fclose               0000000180036100     MSVCRTD:MSVCR120D.dll
 0005:00000108       __imp_ferror               0000000180036108     MSVCRTD:MSVCR120D.dll
 0005:00000110       __imp_fopen                0000000180036110     MSVCRTD:MSVCR120D.dll
 0005:00000118       __imp_fread                0000000180036118     MSVCRTD:MSVCR120D.dll
 0005:00000120       __imp_fseek                0000000180036120     MSVCRTD:MSVCR120D.dll
 0005:00000128       __imp_ftell                0000000180036128     MSVCRTD:MSVCR120D.dll
 0005:00000130       __imp__fseeki64            0000000180036130     MSVCRTD:MSVCR120D.dll
 0005:00000138       __imp__ftelli64            0000000180036138     MSVCRTD:MSVCR120D.dll
 0005:00000140       __imp_malloc               0000000180036140     MSVCRTD:MSVCR120D.dll
 0005:00000148       __imp_strcmp               0000000180036148     MSVCRTD:MSVCR120D.dll
 0005:00000150       __imp_rand                 0000000180036150     MSVCRTD:MSVCR120D.dll
 0005:00000158       __imp_srand                0000000180036158     MSVCRTD:MSVCR120D.dll
 0005:00000160       __imp__time64              0000000180036160     MSVCRTD:MSVCR120D.dll
 0005:00000168       __imp_vsnprintf            0000000180036168     MSVCRTD:MSVCR120D.dll
 0005:00000168       __imp__vsnprintf           0000000180036168     MSVCRTD:MSVCR120D.dll
 0005:00000170       __imp___CppXcptFilter      0000000180036170     MSVCRTD:MSVCR120D.dll
 0005:00000178       __imp__amsg_exit           0000000180036178     MSVCRTD:MSVCR120D.dll
 0005:00000180       __imp__malloc_dbg          0000000180036180     MSVCRTD:MSVCR120D.dll
 0005:00000188       __imp__free_dbg            0000000180036188     MSVCRTD:MSVCR120D.dll
 0005:00000190       __imp__CrtSetCheckCount    0000000180036190     MSVCRTD:MSVCR120D.dll
 0005:00000198       __imp__initterm            0000000180036198     MSVCRTD:MSVCR120D.dll
 0005:000001a0       __imp__initterm_e          00000001800361a0     MSVCRTD:MSVCR120D.dll
 0005:000001a8       __imp___C_specific_handler 00000001800361a8     MSVCRTD:MSVCR120D.dll
 0005:000001b0       __imp__lock                00000001800361b0     MSVCRTD:MSVCR120D.dll
 0005:000001b8       __imp__unlock              00000001800361b8     MSVCRTD:MSVCR120D.dll
 0005:000001c0       __imp__CrtDbgReportW       00000001800361c0     MSVCRTD:MSVCR120D.dll
 0005:000001c8       __imp__calloc_dbg          00000001800361c8     MSVCRTD:MSVCR120D.dll
 0005:000001d0       __imp___dllonexit          00000001800361d0     MSVCRTD:MSVCR120D.dll
 0005:000001d8       __imp__onexit              00000001800361d8     MSVCRTD:MSVCR120D.dll
 0005:000001e0       __imp___clean_type_info_names_internal 00000001800361e0     MSVCRTD:MSVCR120D.dll
 0005:000001e8       __imp_free                 00000001800361e8     MSVCRTD:MSVCR120D.dll
 0005:000001f0       __imp_wcstombs             00000001800361f0     MSVCRTD:MSVCR120D.dll
 0005:000001f8       __imp_strlen               00000001800361f8     MSVCRTD:MSVCR120D.dll
 0005:00000200       __imp__snprintf            0000000180036200     MSVCRTD:MSVCR120D.dll
 0005:00000208       __imp_memset               0000000180036208     MSVCRTD:MSVCR120D.dll
 0005:00000210       __imp_memcpy               0000000180036210     MSVCRTD:MSVCR120D.dll
 0005:00000218       __imp_fwrite               0000000180036218     MSVCRTD:MSVCR120D.dll
 0005:00000220       __imp_open                 0000000180036220     MSVCRTD:MSVCR120D.dll
 0005:00000220       __imp__open                0000000180036220     MSVCRTD:MSVCR120D.dll
 0005:00000228       __imp_close                0000000180036228     MSVCRTD:MSVCR120D.dll
 0005:00000228       __imp__close               0000000180036228     MSVCRTD:MSVCR120D.dll
 0005:00000230       __imp_read                 0000000180036230     MSVCRTD:MSVCR120D.dll
 0005:00000230       __imp__read                0000000180036230     MSVCRTD:MSVCR120D.dll
 0005:00000238       __imp__write               0000000180036238     MSVCRTD:MSVCR120D.dll
 0005:00000238       __imp_write                0000000180036238     MSVCRTD:MSVCR120D.dll
 0005:00000240       \177MSVCR120D_NULL_THUNK_DATA 0000000180036240     MSVCRTD:MSVCR120D.dll
 0005:000002e0       __IMPORT_DESCRIPTOR_KERNEL32 00000001800362e0     kernel32:KERNEL32.dll
 0005:000002f4       __IMPORT_DESCRIPTOR_MSVCR120D 00000001800362f4     MSVCRTD:MSVCR120D.dll
 0005:00000308       __NULL_IMPORT_DESCRIPTOR   0000000180036308     kernel32:KERNEL32.dll
