 zlib1

 Timestamp is 582ec2ba (Fri Nov 18 10:58:34 2016)

 Preferred load address is 0000000180000000

 Start         Length     Name                   Class
 0001:00000000 00011700H .text$mn                CODE
 0001:00011700 00000012H .text$mn$00             CODE
 0001:00011712 00000081H .text$x                 CODE
 0002:00000000 00000238H .idata$5                DATA
 0002:00000238 00000010H .00cfg                  DATA
 0002:00000248 00000008H .CRT$XCA                DATA
 0002:00000250 00000008H .CRT$XCZ                DATA
 0002:00000258 00000008H .CRT$XIA                DATA
 0002:00000260 00000008H .CRT$XIZ                DATA
 0002:00000268 00000008H .CRT$XPA                DATA
 0002:00000270 00000008H .CRT$XPZ                DATA
 0002:00000278 00000008H .CRT$XTA                DATA
 0002:00000280 00000010H .CRT$XTZ                DATA
 0002:00000290 000042f4H .rdata                  DATA
 0002:00004584 000002ecH .rdata$zzzdbg           DATA
 0002:00004870 00000008H .rtc$IAA                DATA
 0002:00004878 00000008H .rtc$IZZ                DATA
 0002:00004880 00000008H .rtc$TAA                DATA
 0002:00004888 00000008H .rtc$TZZ                DATA
 0002:00004890 00001820H .xdata                  DATA
 0002:000060b0 00000c44H .edata                  DATA
 0002:00006cf4 000000a0H .idata$2                DATA
 0002:00006d94 00000014H .idata$3                DATA
 0002:00006da8 00000238H .idata$4                DATA
 0002:00006fe0 000004eeH .idata$6                DATA
 0003:00000000 000000a0H .data                   DATA
 0003:000000a0 00000098H .bss                    DATA
 0004:00000000 00001128H .pdata                  DATA
 0005:00000000 00000018H .gfids$y                DATA
 0006:00000000 00000060H .rsrc$01                DATA
 0006:00000060 00000338H .rsrc$02                DATA

  Address         Publics by Value              Rva+Base               Lib:Object

 0000:00000000       __guard_fids_count         0000000000000000     <absolute>
 0000:00000000       ___safe_se_handler_table   0000000000000000     <absolute>
 0000:00000000       __guard_iat_count          0000000000000000     <absolute>
 0000:00000000       ___safe_se_handler_count   0000000000000000     <absolute>
 0000:00000000       __guard_longjmp_count      0000000000000000     <absolute>
 0000:00000000       __guard_longjmp_table      0000000000000000     <absolute>
 0000:00000000       __dynamic_value_reloc_table 0000000000000000     <absolute>
 0000:00000000       __guard_iat_table          0000000000000000     <absolute>
 0000:00000000       __guard_fids_table         0000000000000000     <absolute>
 0000:00000100       __guard_flags              0000000000000100     <absolute>
 0000:00000000       __ImageBase                0000000180000000     <linker-defined>
 0001:00000000       adler32                    0000000180001000 f   adler32.obj
 0001:000003b0       adler32_combine            00000001800013b0 f   adler32.obj
 0001:000003c0       compress2                  00000001800013c0 f   compress.obj
 0001:00000470       compress                   0000000180001470 f   compress.obj
 0001:00000490       compressBound              0000000180001490 f   compress.obj
 0001:000004b0       get_crc_table              00000001800014b0 f   crc32.obj
 0001:000004c0       crc32                      00000001800014c0 f   crc32.obj
 0001:00000ca0       crc32_combine              0000000180001ca0 f   crc32.obj
 0001:00000cb0       deflateInit_               0000000180001cb0 f   deflate.obj
 0001:00000cf0       deflateInit2_              0000000180001cf0 f   deflate.obj
 0001:00000f80       deflateSetDictionary       0000000180001f80 f   deflate.obj
 0001:000011b0       deflateResetKeep           00000001800021b0 f   deflate.obj
 0001:00001280       deflateReset               0000000180002280 f   deflate.obj
 0001:000012b0       deflateSetHeader           00000001800022b0 f   deflate.obj
 0001:000012e0       deflatePending             00000001800022e0 f   deflate.obj
 0001:00001320       deflatePrime               0000000180002320 f   deflate.obj
 0001:000013e0       deflateParams              00000001800023e0 f   deflate.obj
 0001:00001510       deflateTune                0000000180002510 f   deflate.obj
 0001:00001550       deflateBound               0000000180002550 f   deflate.obj
 0001:00001710       deflate                    0000000180002710 f   deflate.obj
 0001:00001fb0       deflateEnd                 0000000180002fb0 f   deflate.obj
 0001:00002090       deflateCopy                0000000180003090 f   deflate.obj
 0001:00003890       gzclose                    0000000180004890 f   gzclose.obj
 0001:000038b0       __local_stdio_printf_options 00000001800048b0 f i gzlib.obj
 0001:000038c0       _vsnprintf_l               00000001800048c0 f i gzlib.obj
 0001:00003920       _vsnprintf                 0000000180004920 f i gzlib.obj
 0001:00003990       _snprintf                  0000000180004990 f i gzlib.obj
 0001:00003d50       gzopen                     0000000180004d50 f   gzlib.obj
 0001:00003d60       gzdopen                    0000000180004d60 f   gzlib.obj
 0001:00003df0       gzopen_w                   0000000180004df0 f   gzlib.obj
 0001:00003e00       gzbuffer                   0000000180004e00 f   gzlib.obj
 0001:00003e30       gzrewind                   0000000180004e30 f   gzlib.obj
 0001:00003e90       gzseek64                   0000000180004e90 f   gzlib.obj
 0001:00003fe0       gzseek                     0000000180004fe0 f   gzlib.obj
 0001:00004000       gztell64                   0000000180005000 f   gzlib.obj
 0001:00004040       gztell                     0000000180005040 f   gzlib.obj
 0001:00004060       gzoffset64                 0000000180005060 f   gzlib.obj
 0001:000040c0       gzoffset                   00000001800050c0 f   gzlib.obj
 0001:000040e0       gzeof                      00000001800050e0 f   gzlib.obj
 0001:00004110       gzerror                    0000000180005110 f   gzlib.obj
 0001:00004160       gzclearerr                 0000000180005160 f   gzlib.obj
 0001:00004190       gz_error                   0000000180005190 f   gzlib.obj
 0001:000047f0       gzread                     00000001800057f0 f   gzread.obj
 0001:000049a0       gzgetc                     00000001800059a0 f   gzread.obj
 0001:00004a10       gzgetc_                    0000000180005a10 f   gzread.obj
 0001:00004a20       gzungetc                   0000000180005a20 f   gzread.obj
 0001:00004b30       gzgets                     0000000180005b30 f   gzread.obj
 0001:00004c70       gzdirect                   0000000180005c70 f   gzread.obj
 0001:00004cb0       gzclose_r                  0000000180005cb0 f   gzread.obj
 0001:00004d60       vsnprintf                  0000000180005d60 f i gzwrite.obj
 0001:00005110       gzwrite                    0000000180006110 f   gzwrite.obj
 0001:00005260       gzputc                     0000000180006260 f   gzwrite.obj
 0001:00005320       gzputs                     0000000180006320 f   gzwrite.obj
 0001:00005360       gzvprintf                  0000000180006360 f   gzwrite.obj
 0001:00005480       gzprintf                   0000000180006480 f   gzwrite.obj
 0001:000054b0       gzflush                    00000001800064b0 f   gzwrite.obj
 0001:00005530       gzsetparams                0000000180006530 f   gzwrite.obj
 0001:00005600       gzclose_w                  0000000180006600 f   gzwrite.obj
 0001:000056d0       inflateBackInit_           00000001800066d0 f   infback.obj
 0001:00005810       inflateBack                0000000180006810 f   infback.obj
 0001:00006680       inflateBackEnd             0000000180007680 f   infback.obj
 0001:000066d0       inflate_fast               00000001800076d0 f   inffast.obj
 0001:00006bb0       inflateResetKeep           0000000180007bb0 f   inflate.obj
 0001:00006c30       inflateReset               0000000180007c30 f   inflate.obj
 0001:00006c60       inflateReset2              0000000180007c60 f   inflate.obj
 0001:00006d10       inflateInit2_              0000000180007d10 f   inflate.obj
 0001:00006e00       inflateInit_               0000000180007e00 f   inflate.obj
 0001:00006e10       inflatePrime               0000000180007e10 f   inflate.obj
 0001:00006fa0       inflate                    0000000180007fa0 f   inflate.obj
 0001:00008730       inflateEnd                 0000000180009730 f   inflate.obj
 0001:00008790       inflateGetDictionary       0000000180009790 f   inflate.obj
 0001:00008820       inflateSetDictionary       0000000180009820 f   inflate.obj
 0001:000088d0       inflateGetHeader           00000001800098d0 f   inflate.obj
 0001:00008970       inflateSync                0000000180009970 f   inflate.obj
 0001:00008a80       inflateSyncPoint           0000000180009a80 f   inflate.obj
 0001:00008ab0       inflateCopy                0000000180009ab0 f   inflate.obj
 0001:00008cf0       inflateUndermine           0000000180009cf0 f   inflate.obj
 0001:00008d20       inflateMark                0000000180009d20 f   inflate.obj
 0001:00008d80       inflate_table              0000000180009d80 f   inftrees.obj
 0001:00009240       call_zopen64               000000018000a240 f   ioapi.obj
 0001:00009260       call_zseek64               000000018000a260 f   ioapi.obj
 0001:00009290       call_ztell64               000000018000a290 f   ioapi.obj
 0001:000092d0       fill_zlib_filefunc64_32_def_from_filefunc32 000000018000a2d0 f   ioapi.obj
 0001:00009500       fill_fopen64_filefunc      000000018000a500 f   ioapi.obj
 0001:00009630       win32_open64_file_func     000000018000a630 f   iowin32.obj
 0001:000096b0       win32_open64_file_funcA    000000018000a6b0 f   iowin32.obj
 0001:00009730       win32_open64_file_funcW    000000018000a730 f   iowin32.obj
 0001:000097b0       win32_open_file_func       000000018000a7b0 f   iowin32.obj
 0001:00009830       win32_read_file_func       000000018000a830 f   iowin32.obj
 0001:000098a0       win32_write_file_func      000000018000a8a0 f   iowin32.obj
 0001:00009980       win32_tell_file_func       000000018000a980 f   iowin32.obj
 0001:000099d0       win32_tell64_file_func     000000018000a9d0 f   iowin32.obj
 0001:00009a20       win32_seek_file_func       000000018000aa20 f   iowin32.obj
 0001:00009a90       win32_seek64_file_func     000000018000aa90 f   iowin32.obj
 0001:00009b00       win32_close_file_func      000000018000ab00 f   iowin32.obj
 0001:00009b40       win32_error_file_func      000000018000ab40 f   iowin32.obj
 0001:00009b50       fill_win32_filefunc        000000018000ab50 f   iowin32.obj
 0001:00009bb0       fill_win32_filefunc64      000000018000abb0 f   iowin32.obj
 0001:00009c10       fill_win32_filefunc64A     000000018000ac10 f   iowin32.obj
 0001:00009c70       fill_win32_filefunc64W     000000018000ac70 f   iowin32.obj
 0001:00009ce0       _tr_init                   000000018000ace0 f   trees.obj
 0001:0000ae10       _tr_stored_block           000000018000be10 f   trees.obj
 0001:0000aeb0       _tr_flush_bits             000000018000beb0 f   trees.obj
 0001:0000aec0       _tr_align                  000000018000bec0 f   trees.obj
 0001:0000afe0       _tr_flush_block            000000018000bfe0 f   trees.obj
 0001:0000b890       uncompress                 000000018000c890 f   uncompr.obj
 0001:0000bd00       unzStringFileNameCompare   000000018000cd00 f   unzip.obj
 0001:0000c540       unzOpen2                   000000018000d540 f   unzip.obj
 0001:0000c590       unzOpen2_64                000000018000d590 f   unzip.obj
 0001:0000c5f0       unzOpen                    000000018000d5f0 f   unzip.obj
 0001:0000c600       unzOpen64                  000000018000d600 f   unzip.obj
 0001:0000c610       unzClose                   000000018000d610 f   unzip.obj
 0001:0000c660       unzGetGlobalInfo64         000000018000d660 f   unzip.obj
 0001:0000c680       unzGetGlobalInfo           000000018000d680 f   unzip.obj
 0001:0000cc50       unzGetCurrentFileInfo64    000000018000dc50 f   unzip.obj
 0001:0000cca0       unzGetCurrentFileInfo      000000018000dca0 f   unzip.obj
 0001:0000cda0       unzGoToFirstFile           000000018000dda0 f   unzip.obj
 0001:0000ce20       unzGoToNextFile            000000018000de20 f   unzip.obj
 0001:0000cee0       unzLocateFile              000000018000dee0 f   unzip.obj
 0001:0000d0c0       unzGetFilePos64            000000018000e0c0 f   unzip.obj
 0001:0000d100       unzGetFilePos              000000018000e100 f   unzip.obj
 0001:0000d130       unzGoToFilePos64           000000018000e130 f   unzip.obj
 0001:0000d1b0       unzGoToFilePos             000000018000e1b0 f   unzip.obj
 0001:0000d410       unzOpenCurrentFile3        000000018000e410 f   unzip.obj
 0001:0000d690       unzOpenCurrentFile         000000018000e690 f   unzip.obj
 0001:0000d6b0       unzOpenCurrentFilePassword 000000018000e6b0 f   unzip.obj
 0001:0000d6d0       unzOpenCurrentFile2        000000018000e6d0 f   unzip.obj
 0001:0000d6f0       unzGetCurrentFileZStreamPos64 000000018000e6f0 f   unzip.obj
 0001:0000d710       unzReadCurrentFile         000000018000e710 f   unzip.obj
 0001:0000d9d0       unztell                    000000018000e9d0 f   unzip.obj
 0001:0000d9f0       unztell64                  000000018000e9f0 f   unzip.obj
 0001:0000da10       unzeof                     000000018000ea10 f   unzip.obj
 0001:0000da40       unzGetLocalExtrafield      000000018000ea40 f   unzip.obj
 0001:0000db30       unzCloseCurrentFile        000000018000eb30 f   unzip.obj
 0001:0000dbf0       unzGetGlobalComment        000000018000ebf0 f   unzip.obj
 0001:0000e840       LoadCentralDirectoryRecord 000000018000f840 f   zip.obj
 0001:0000ebe0       zipOpen3                   000000018000fbe0 f   zip.obj
 0001:0000ee10       zipOpen2                   000000018000fe10 f   zip.obj
 0001:0000ee60       zipOpen2_64                000000018000fe60 f   zip.obj
 0001:0000eec0       zipOpen                    000000018000fec0 f   zip.obj
 0001:0000eed0       zipOpen64                  000000018000fed0 f   zip.obj
 0001:0000eee0       Write_LocalFileHeader      000000018000fee0 f   zip.obj
 0001:0000f140       zipOpenNewFileInZip4_64    0000000180010140 f   zip.obj
 0001:0000f6d0       zipOpenNewFileInZip3       00000001800106d0 f   zip.obj
 0001:0000f780       zipOpenNewFileInZip3_64    0000000180010780 f   zip.obj
 0001:0000f840       zipOpenNewFileInZip2       0000000180010840 f   zip.obj
 0001:0000f8d0       zipOpenNewFileInZip2_64    00000001800108d0 f   zip.obj
 0001:0000f970       zipOpenNewFileInZip64      0000000180010970 f   zip.obj
 0001:0000fa00       zipOpenNewFileInZip        0000000180010a00 f   zip.obj
 0001:0000fb70       zipWriteInFileInZip        0000000180010b70 f   zip.obj
 0001:0000fce0       zipCloseFileInZipRaw       0000000180010ce0 f   zip.obj
 0001:0000fcf0       zipCloseFileInZipRaw64     0000000180010cf0 f   zip.obj
 0001:00010150       zipCloseFileInZip          0000000180011150 f   zip.obj
 0001:00010160       Write_Zip64EndOfCentralDirectoryLocator 0000000180011160 f   zip.obj
 0001:000101e0       Write_Zip64EndOfCentralDirectoryRecord 00000001800111e0 f   zip.obj
 0001:00010310       Write_EndOfCentralDirectoryRecord 0000000180011310 f   zip.obj
 0001:00010430       Write_GlobalComment        0000000180011430 f   zip.obj
 0001:000104c0       zipClose                   00000001800114c0 f   zip.obj
 0001:00010630       zlibVersion                0000000180011630 f   zutil.obj
 0001:00010640       zlibCompileFlags           0000000180011640 f   zutil.obj
 0001:00010650       zError                     0000000180011650 f   zutil.obj
 0001:00010670       zcalloc                    0000000180011670 f   zutil.obj
 0001:00010680       zcfree                     0000000180011680 f   zutil.obj
 0001:0001068a       ReadFile                   000000018001168a f   kernel32:KERNEL32.dll
 0001:00010690       WriteFile                  0000000180011690 f   kernel32:KERNEL32.dll
 0001:00010696       SetFilePointer             0000000180011696 f   kernel32:KERNEL32.dll
 0001:0001069c       CreateFileW                000000018001169c f   kernel32:KERNEL32.dll
 0001:000106a2       GetLastError               00000001800116a2 f   kernel32:KERNEL32.dll
 0001:000106a8       CreateFileA                00000001800116a8 f   kernel32:KERNEL32.dll
 0001:000106ae       CloseHandle                00000001800116ae f   kernel32:KERNEL32.dll
 0001:00010a00       _CRT_INIT                  0000000180011a00 f   MSVCRT:dll_dllmain.obj
 0001:00010a08       _DllMainCRTStartup         0000000180011a08 f   MSVCRT:dll_dllmain.obj
 0001:00010a48       ??$__crt_fast_decode_pointer@PEAP6AXXZ@@YAPEAP6AXXZQEAP6AXXZ@Z 0000000180011a48 f i MSVCRT:utility.obj
 0001:00010a60       ??$__crt_fast_encode_pointer@PEAP6AXXZ@@YAPEAP6AXXZQEAP6AXXZ@Z 0000000180011a60 f i MSVCRT:utility.obj
 0001:00010a80       ?__crt_rotate_pointer_value@@YA_K_KH@Z 0000000180011a80 f i MSVCRT:utility.obj
 0001:00010a8c       ?configure_argv@__scrt_narrow_argv_policy@@SAHXZ 0000000180011a8c f i MSVCRT:utility.obj
 0001:00010b1c       NtCurrentTeb               0000000180011b1c f i MSVCRT:utility.obj
 0001:00010b28       __scrt_acquire_startup_lock 0000000180011b28 f   MSVCRT:utility.obj
 0001:00010b64       __scrt_dllmain_after_initialize_c 0000000180011b64 f   MSVCRT:utility.obj
 0001:00010b98       __scrt_dllmain_before_initialize_c 0000000180011b98 f   MSVCRT:utility.obj
 0001:00010bb0       __scrt_dllmain_crt_thread_attach 0000000180011bb0 f   MSVCRT:utility.obj
 0001:00010bd8       __scrt_dllmain_crt_thread_detach 0000000180011bd8 f   MSVCRT:utility.obj
 0001:00010bf0       __scrt_dllmain_exception_filter 0000000180011bf0 f   MSVCRT:utility.obj
 0001:00010c54       __scrt_dllmain_uninitialize_c 0000000180011c54 f   MSVCRT:utility.obj
 0001:00010c84       __scrt_dllmain_uninitialize_critical 0000000180011c84 f   MSVCRT:utility.obj
 0001:00010c98       __scrt_initialize_crt      0000000180011c98 f   MSVCRT:utility.obj
 0001:00010ce4       __scrt_initialize_onexit_tables 0000000180011ce4 f   MSVCRT:utility.obj
 0001:00010db0       __scrt_is_nonwritable_in_current_image 0000000180011db0 f   MSVCRT:utility.obj
 0001:00010e4c       __scrt_release_startup_lock 0000000180011e4c f   MSVCRT:utility.obj
 0001:00010e70       __scrt_uninitialize_crt    0000000180011e70 f   MSVCRT:utility.obj
 0001:00010e9c       _onexit                    0000000180011e9c f   MSVCRT:utility.obj
 0001:00010eec       at_quick_exit              0000000180011eec f   MSVCRT:utility.obj
 0001:00010f24       atexit                     0000000180011f24 f   MSVCRT:utility.obj
 0001:00010f3c       __security_init_cookie     0000000180011f3c f   MSVCRT:gs_support.obj
 0001:00010fe8       DllMain                    0000000180011fe8 f   MSVCRT:dll_dllmain_stub.obj
 0001:0001100c       ?__scrt_initialize_type_info@@YAXXZ 000000018001200c f   MSVCRT:tncleanup.obj
 0001:0001101c       ?__scrt_uninitialize_type_info@@YAXXZ 000000018001201c f   MSVCRT:tncleanup.obj
 0001:00011028       __local_stdio_scanf_options 0000000180012028 f i MSVCRT:default_local_stdio_options.obj
 0001:00011030       __scrt_initialize_default_local_stdio_options 0000000180012030 f   MSVCRT:default_local_stdio_options.obj
 0001:0001104c       __scrt_get_dyn_tls_init_callback 000000018001204c f   MSVCRT:dyn_tls_init.obj
 0001:00011054       __crt_debugger_hook        0000000180012054 f   MSVCRT:utility_desktop.obj
 0001:0001105c       __scrt_fastfail            000000018001205c f   MSVCRT:utility_desktop.obj
 0001:000111a4       __scrt_get_show_window_mode 00000001800121a4 f   MSVCRT:utility_desktop.obj
 0001:000111e0       __scrt_initialize_winrt    00000001800121e0 f   MSVCRT:utility_desktop.obj
 0001:000111e4       __scrt_is_managed_app      00000001800121e4 f   MSVCRT:utility_desktop.obj
 0001:00011238       __scrt_set_unhandled_exception_filter 0000000180012238 f   MSVCRT:utility_desktop.obj
 0001:00011248       __scrt_unhandled_exception_filter 0000000180012248 f   MSVCRT:utility_desktop.obj
 0001:00011280       _RTC_Initialize            0000000180012280 f   MSVCRT:_initsect_.obj
 0001:000112cc       _RTC_Terminate             00000001800122cc f   MSVCRT:_initsect_.obj
 0001:00011318       _guard_check_icall         0000000180012318 f i MSVCRT:checkcfg.obj
 0001:00011320       __isa_available_init       0000000180012320 f   MSVCRT:_cpu_disp_.obj
 0001:000114e8       _get_startup_argv_mode     00000001800124e8 f   MSVCRT:argv_mode.obj
 0001:000114f0       __scrt_is_ucrt_dll_in_use  00000001800124f0 f   MSVCRT:ucrt_detection.obj
 0001:000114fc       _guard_check_icall_nop     00000001800124fc f i MSVCRT:guard_support.obj
 0001:00011500       _guard_icall_checks_enforced 0000000180012500 f i MSVCRT:guard_support.obj
 0001:00011520       memchr                     0000000180012520 f   vcruntime:VCRUNTIME140.dll
 0001:00011526       __C_specific_handler       0000000180012526 f   vcruntime:VCRUNTIME140.dll
 0001:0001152c       __std_type_info_destroy_list 000000018001252c f   vcruntime:VCRUNTIME140.dll
 0001:00011532       memset                     0000000180012532 f   vcruntime:VCRUNTIME140.dll
 0001:00011538       _lseeki64                  0000000180012538 f   ucrt:api-ms-win-crt-stdio-l1-1-0.dll
 0001:0001153e       _wopen                     000000018001253e f   ucrt:api-ms-win-crt-stdio-l1-1-0.dll
 0001:00011544       wcstombs                   0000000180012544 f   ucrt:api-ms-win-crt-convert-l1-1-0.dll
 0001:0001154a       __stdio_common_vsprintf    000000018001254a f   ucrt:api-ms-win-crt-stdio-l1-1-0.dll
 0001:00011550       free                       0000000180012550 f   ucrt:api-ms-win-crt-heap-l1-1-0.dll
 0001:00011556       malloc                     0000000180012556 f   ucrt:api-ms-win-crt-heap-l1-1-0.dll
 0001:0001155c       _errno                     000000018001255c f   ucrt:api-ms-win-crt-runtime-l1-1-0.dll
 0001:00011562       strerror                   0000000180012562 f   ucrt:api-ms-win-crt-runtime-l1-1-0.dll
 0001:00011568       ftell                      0000000180012568 f   ucrt:api-ms-win-crt-stdio-l1-1-0.dll
 0001:0001156e       ferror                     000000018001256e f   ucrt:api-ms-win-crt-stdio-l1-1-0.dll
 0001:00011574       fopen                      0000000180012574 f   ucrt:api-ms-win-crt-stdio-l1-1-0.dll
 0001:0001157a       fclose                     000000018001257a f   ucrt:api-ms-win-crt-stdio-l1-1-0.dll
 0001:00011580       fseek                      0000000180012580 f   ucrt:api-ms-win-crt-stdio-l1-1-0.dll
 0001:00011586       fwrite                     0000000180012586 f   ucrt:api-ms-win-crt-stdio-l1-1-0.dll
 0001:0001158c       _ftelli64                  000000018001258c f   ucrt:api-ms-win-crt-stdio-l1-1-0.dll
 0001:00011592       fread                      0000000180012592 f   ucrt:api-ms-win-crt-stdio-l1-1-0.dll
 0001:00011598       _fseeki64                  0000000180012598 f   ucrt:api-ms-win-crt-stdio-l1-1-0.dll
 0001:0001159e       srand                      000000018001259e f   ucrt:api-ms-win-crt-utility-l1-1-0.dll
 0001:000115a4       rand                       00000001800125a4 f   ucrt:api-ms-win-crt-utility-l1-1-0.dll
 0001:000115aa       _time64                    00000001800125aa f   ucrt:api-ms-win-crt-time-l1-1-0.dll
 0001:000115b0       _initterm                  00000001800125b0 f   ucrt:api-ms-win-crt-runtime-l1-1-0.dll
 0001:000115b6       _initterm_e                00000001800125b6 f   ucrt:api-ms-win-crt-runtime-l1-1-0.dll
 0001:000115bc       _seh_filter_dll            00000001800125bc f   ucrt:api-ms-win-crt-runtime-l1-1-0.dll
 0001:000115c2       _configure_narrow_argv     00000001800125c2 f   ucrt:api-ms-win-crt-runtime-l1-1-0.dll
 0001:000115c8       _initialize_narrow_environment 00000001800125c8 f   ucrt:api-ms-win-crt-runtime-l1-1-0.dll
 0001:000115ce       _initialize_onexit_table   00000001800125ce f   ucrt:api-ms-win-crt-runtime-l1-1-0.dll
 0001:000115d4       _register_onexit_function  00000001800125d4 f   ucrt:api-ms-win-crt-runtime-l1-1-0.dll
 0001:000115da       _execute_onexit_table      00000001800125da f   ucrt:api-ms-win-crt-runtime-l1-1-0.dll
 0001:000115e0       _crt_atexit                00000001800125e0 f   ucrt:api-ms-win-crt-runtime-l1-1-0.dll
 0001:000115e6       _crt_at_quick_exit         00000001800125e6 f   ucrt:api-ms-win-crt-runtime-l1-1-0.dll
 0001:000115ec       _cexit                     00000001800125ec f   ucrt:api-ms-win-crt-runtime-l1-1-0.dll
 0001:000115f2       terminate                  00000001800125f2 f   ucrt:api-ms-win-crt-runtime-l1-1-0.dll
 0001:000115f8       _open                      00000001800125f8 f   ucrt:api-ms-win-crt-stdio-l1-1-0.dll
 0001:000115fe       _read                      00000001800125fe f   ucrt:api-ms-win-crt-stdio-l1-1-0.dll
 0001:00011604       _close                     0000000180012604 f   ucrt:api-ms-win-crt-stdio-l1-1-0.dll
 0001:0001160a       _write                     000000018001260a f   ucrt:api-ms-win-crt-stdio-l1-1-0.dll
 0001:00011610       QueryPerformanceCounter    0000000180012610 f   kernel32:KERNEL32.dll
 0001:00011616       GetCurrentProcessId        0000000180012616 f   kernel32:KERNEL32.dll
 0001:0001161c       GetCurrentThreadId         000000018001261c f   kernel32:KERNEL32.dll
 0001:00011622       GetSystemTimeAsFileTime    0000000180012622 f   kernel32:KERNEL32.dll
 0001:00011628       DisableThreadLibraryCalls  0000000180012628 f   kernel32:KERNEL32.dll
 0001:0001162e       InitializeSListHead        000000018001262e f   kernel32:KERNEL32.dll
 0001:00011634       RtlCaptureContext          0000000180012634 f   kernel32:KERNEL32.dll
 0001:0001163a       RtlLookupFunctionEntry     000000018001263a f   kernel32:KERNEL32.dll
 0001:00011640       RtlVirtualUnwind           0000000180012640 f   kernel32:KERNEL32.dll
 0001:00011646       IsDebuggerPresent          0000000180012646 f   kernel32:KERNEL32.dll
 0001:0001164c       UnhandledExceptionFilter   000000018001264c f   kernel32:KERNEL32.dll
 0001:00011652       SetUnhandledExceptionFilter 0000000180012652 f   kernel32:KERNEL32.dll
 0001:00011658       GetStartupInfoW            0000000180012658 f   kernel32:KERNEL32.dll
 0001:0001165e       IsProcessorFeaturePresent  000000018001265e f   kernel32:KERNEL32.dll
 0001:00011664       GetModuleHandleW           0000000180012664 f   kernel32:KERNEL32.dll
 0001:0001166c       __acrt_initialize          000000018001266c f   MSVCRT:ucrt_stubs.obj
 0001:0001166c       __scrt_stub_for_acrt_initialize 000000018001266c f   MSVCRT:ucrt_stubs.obj
 0001:0001166c       __vcrt_initialize          000000018001266c f   MSVCRT:ucrt_stubs.obj
 0001:00011670       __vcrt_thread_attach       0000000180012670 f   MSVCRT:ucrt_stubs.obj
 0001:00011670       __acrt_thread_attach       0000000180012670 f   MSVCRT:ucrt_stubs.obj
 0001:00011670       __scrt_stub_for_acrt_thread_attach 0000000180012670 f   MSVCRT:ucrt_stubs.obj
 0001:00011674       __scrt_stub_for_acrt_thread_detach 0000000180012674 f   MSVCRT:ucrt_stubs.obj
 0001:00011674       __acrt_thread_detach       0000000180012674 f   MSVCRT:ucrt_stubs.obj
 0001:00011674       __vcrt_thread_detach       0000000180012674 f   MSVCRT:ucrt_stubs.obj
 0001:00011678       __scrt_stub_for_acrt_uninitialize 0000000180012678 f   MSVCRT:ucrt_stubs.obj
 0001:00011678       __acrt_uninitialize        0000000180012678 f   MSVCRT:ucrt_stubs.obj
 0001:00011678       __vcrt_uninitialize        0000000180012678 f   MSVCRT:ucrt_stubs.obj
 0001:0001167c       __scrt_stub_for_acrt_uninitialize_critical 000000018001267c f   MSVCRT:ucrt_stubs.obj
 0001:0001167c       __vcrt_uninitialize_critical 000000018001267c f   MSVCRT:ucrt_stubs.obj
 0001:0001167c       __acrt_uninitialize_critical 000000018001267c f   MSVCRT:ucrt_stubs.obj
 0001:00011680       __scrt_stub_for_is_c_termination_complete 0000000180012680 f   MSVCRT:ucrt_stubs.obj
 0001:00011680       _is_c_termination_complete 0000000180012680 f   MSVCRT:ucrt_stubs.obj
 0001:000116a0       __chkstk                   00000001800126a0 f   MSVCRT:_chkstk_.obj
 0001:000116a0       _alloca_probe              00000001800126a0 f   MSVCRT:_chkstk_.obj
 0001:000116f2       memcpy                     00000001800126f2 f   vcruntime:VCRUNTIME140.dll
 0001:00011710       _guard_dispatch_icall_nop  0000000180012710 f   MSVCRT:_guard_dispatch_.obj
 0002:00000000       __imp_ReadFile             0000000180013000     kernel32:KERNEL32.dll
 0002:00000008       __imp_WriteFile            0000000180013008     kernel32:KERNEL32.dll
 0002:00000010       __imp_SetFilePointer       0000000180013010     kernel32:KERNEL32.dll
 0002:00000018       __imp_CreateFileW          0000000180013018     kernel32:KERNEL32.dll
 0002:00000020       __imp_GetLastError         0000000180013020     kernel32:KERNEL32.dll
 0002:00000028       __imp_CreateFileA          0000000180013028     kernel32:KERNEL32.dll
 0002:00000030       __imp_CloseHandle          0000000180013030     kernel32:KERNEL32.dll
 0002:00000038       __imp_GetCurrentProcessId  0000000180013038     kernel32:KERNEL32.dll
 0002:00000040       __imp_GetCurrentThreadId   0000000180013040     kernel32:KERNEL32.dll
 0002:00000048       __imp_GetSystemTimeAsFileTime 0000000180013048     kernel32:KERNEL32.dll
 0002:00000050       __imp_DisableThreadLibraryCalls 0000000180013050     kernel32:KERNEL32.dll
 0002:00000058       __imp_InitializeSListHead  0000000180013058     kernel32:KERNEL32.dll
 0002:00000060       __imp_GetModuleHandleW     0000000180013060     kernel32:KERNEL32.dll
 0002:00000068       __imp_IsProcessorFeaturePresent 0000000180013068     kernel32:KERNEL32.dll
 0002:00000070       __imp_GetStartupInfoW      0000000180013070     kernel32:KERNEL32.dll
 0002:00000078       __imp_SetUnhandledExceptionFilter 0000000180013078     kernel32:KERNEL32.dll
 0002:00000080       __imp_UnhandledExceptionFilter 0000000180013080     kernel32:KERNEL32.dll
 0002:00000088       __imp_IsDebuggerPresent    0000000180013088     kernel32:KERNEL32.dll
 0002:00000090       __imp_RtlVirtualUnwind     0000000180013090     kernel32:KERNEL32.dll
 0002:00000098       __imp_RtlLookupFunctionEntry 0000000180013098     kernel32:KERNEL32.dll
 0002:000000a0       __imp_RtlCaptureContext    00000001800130a0     kernel32:KERNEL32.dll
 0002:000000a8       __imp_QueryPerformanceCounter 00000001800130a8     kernel32:KERNEL32.dll
 0002:000000b0       \177KERNEL32_NULL_THUNK_DATA 00000001800130b0     kernel32:KERNEL32.dll
 0002:000000b8       __imp___std_type_info_destroy_list 00000001800130b8     vcruntime:VCRUNTIME140.dll
 0002:000000c0       __imp___C_specific_handler 00000001800130c0     vcruntime:VCRUNTIME140.dll
 0002:000000c8       __imp_memchr               00000001800130c8     vcruntime:VCRUNTIME140.dll
 0002:000000d0       __imp_memset               00000001800130d0     vcruntime:VCRUNTIME140.dll
 0002:000000d8       __imp_memcpy               00000001800130d8     vcruntime:VCRUNTIME140.dll
 0002:000000e0       \177VCRUNTIME140_NULL_THUNK_DATA 00000001800130e0     vcruntime:VCRUNTIME140.dll
 0002:000000e8       __imp_wcstombs             00000001800130e8     ucrt:api-ms-win-crt-convert-l1-1-0.dll
 0002:000000f0       \177api-ms-win-crt-convert-l1-1-0_NULL_THUNK_DATA 00000001800130f0     ucrt:api-ms-win-crt-convert-l1-1-0.dll
 0002:000000f8       __imp_free                 00000001800130f8     ucrt:api-ms-win-crt-heap-l1-1-0.dll
 0002:00000100       __imp_malloc               0000000180013100     ucrt:api-ms-win-crt-heap-l1-1-0.dll
 0002:00000108       \177api-ms-win-crt-heap-l1-1-0_NULL_THUNK_DATA 0000000180013108     ucrt:api-ms-win-crt-heap-l1-1-0.dll
 0002:00000110       __imp__initterm_e          0000000180013110     ucrt:api-ms-win-crt-runtime-l1-1-0.dll
 0002:00000118       __imp__errno               0000000180013118     ucrt:api-ms-win-crt-runtime-l1-1-0.dll
 0002:00000120       __imp__configure_narrow_argv 0000000180013120     ucrt:api-ms-win-crt-runtime-l1-1-0.dll
 0002:00000128       __imp__initialize_narrow_environment 0000000180013128     ucrt:api-ms-win-crt-runtime-l1-1-0.dll
 0002:00000130       __imp__initterm            0000000180013130     ucrt:api-ms-win-crt-runtime-l1-1-0.dll
 0002:00000138       __imp__register_onexit_function 0000000180013138     ucrt:api-ms-win-crt-runtime-l1-1-0.dll
 0002:00000140       __imp__execute_onexit_table 0000000180013140     ucrt:api-ms-win-crt-runtime-l1-1-0.dll
 0002:00000148       __imp__crt_atexit          0000000180013148     ucrt:api-ms-win-crt-runtime-l1-1-0.dll
 0002:00000150       __imp__crt_at_quick_exit   0000000180013150     ucrt:api-ms-win-crt-runtime-l1-1-0.dll
 0002:00000158       __imp__cexit               0000000180013158     ucrt:api-ms-win-crt-runtime-l1-1-0.dll
 0002:00000160       __imp_terminate            0000000180013160     ucrt:api-ms-win-crt-runtime-l1-1-0.dll
 0002:00000168       __imp_strerror             0000000180013168     ucrt:api-ms-win-crt-runtime-l1-1-0.dll
 0002:00000170       __imp__initialize_onexit_table 0000000180013170     ucrt:api-ms-win-crt-runtime-l1-1-0.dll
 0002:00000178       __imp__seh_filter_dll      0000000180013178     ucrt:api-ms-win-crt-runtime-l1-1-0.dll
 0002:00000180       \177api-ms-win-crt-runtime-l1-1-0_NULL_THUNK_DATA 0000000180013180     ucrt:api-ms-win-crt-runtime-l1-1-0.dll
 0002:00000188       __imp__write               0000000180013188     ucrt:api-ms-win-crt-stdio-l1-1-0.dll
 0002:00000188       __imp_write                0000000180013188     ucrt:api-ms-win-crt-stdio-l1-1-0.dll
 0002:00000190       __imp__close               0000000180013190     ucrt:api-ms-win-crt-stdio-l1-1-0.dll
 0002:00000190       __imp_close                0000000180013190     ucrt:api-ms-win-crt-stdio-l1-1-0.dll
 0002:00000198       __imp__read                0000000180013198     ucrt:api-ms-win-crt-stdio-l1-1-0.dll
 0002:00000198       __imp_read                 0000000180013198     ucrt:api-ms-win-crt-stdio-l1-1-0.dll
 0002:000001a0       __imp__lseeki64            00000001800131a0     ucrt:api-ms-win-crt-stdio-l1-1-0.dll
 0002:000001a8       __imp__wopen               00000001800131a8     ucrt:api-ms-win-crt-stdio-l1-1-0.dll
 0002:000001b0       __imp__ftelli64            00000001800131b0     ucrt:api-ms-win-crt-stdio-l1-1-0.dll
 0002:000001b8       __imp_fwrite               00000001800131b8     ucrt:api-ms-win-crt-stdio-l1-1-0.dll
 0002:000001c0       __imp_fseek                00000001800131c0     ucrt:api-ms-win-crt-stdio-l1-1-0.dll
 0002:000001c8       __imp_fclose               00000001800131c8     ucrt:api-ms-win-crt-stdio-l1-1-0.dll
 0002:000001d0       __imp_fopen                00000001800131d0     ucrt:api-ms-win-crt-stdio-l1-1-0.dll
 0002:000001d8       __imp_ferror               00000001800131d8     ucrt:api-ms-win-crt-stdio-l1-1-0.dll
 0002:000001e0       __imp_ftell                00000001800131e0     ucrt:api-ms-win-crt-stdio-l1-1-0.dll
 0002:000001e8       __imp_open                 00000001800131e8     ucrt:api-ms-win-crt-stdio-l1-1-0.dll
 0002:000001e8       __imp__open                00000001800131e8     ucrt:api-ms-win-crt-stdio-l1-1-0.dll
 0002:000001f0       __imp_fread                00000001800131f0     ucrt:api-ms-win-crt-stdio-l1-1-0.dll
 0002:000001f8       __imp___stdio_common_vsprintf 00000001800131f8     ucrt:api-ms-win-crt-stdio-l1-1-0.dll
 0002:00000200       __imp__fseeki64            0000000180013200     ucrt:api-ms-win-crt-stdio-l1-1-0.dll
 0002:00000208       \177api-ms-win-crt-stdio-l1-1-0_NULL_THUNK_DATA 0000000180013208     ucrt:api-ms-win-crt-stdio-l1-1-0.dll
 0002:00000210       __imp__time64              0000000180013210     ucrt:api-ms-win-crt-time-l1-1-0.dll
 0002:00000218       \177api-ms-win-crt-time-l1-1-0_NULL_THUNK_DATA 0000000180013218     ucrt:api-ms-win-crt-time-l1-1-0.dll
 0002:00000220       __imp_srand                0000000180013220     ucrt:api-ms-win-crt-utility-l1-1-0.dll
 0002:00000228       __imp_rand                 0000000180013228     ucrt:api-ms-win-crt-utility-l1-1-0.dll
 0002:00000230       \177api-ms-win-crt-utility-l1-1-0_NULL_THUNK_DATA 0000000180013230     ucrt:api-ms-win-crt-utility-l1-1-0.dll
 0002:00000238       __guard_check_icall_fptr   0000000180013238     MSVCRT:guard_support.obj
 0002:00000240       __guard_dispatch_icall_fptr 0000000180013240     MSVCRT:guard_support.obj
 0002:00000248       __xc_a                     0000000180013248     MSVCRT:initializers.obj
 0002:00000250       __xc_z                     0000000180013250     MSVCRT:initializers.obj
 0002:00000258       __xi_a                     0000000180013258     MSVCRT:initializers.obj
 0002:00000260       __xi_z                     0000000180013260     MSVCRT:initializers.obj
 0002:00000268       __xp_a                     0000000180013268     MSVCRT:initializers.obj
 0002:00000270       __xp_z                     0000000180013270     MSVCRT:initializers.obj
 0002:00000278       __xt_a                     0000000180013278     MSVCRT:initializers.obj
 0002:00000280       __xt_z                     0000000180013280     MSVCRT:initializers.obj
 0002:00000290       _pRawDllMain               0000000180013290     MSVCRT:dll_dllmain.obj
 0002:00000290       _pDefaultRawDllMain        0000000180013290     MSVCRT:dll_dllmain.obj
 0002:00000298       ??_C@_05IAIEPMAK@1?42?48?$AA@ 0000000180013298     compress.obj
 0002:000035b0       _length_code               00000001800165b0     trees.obj
 0002:000036b0       _dist_code                 00000001800166b0     trees.obj
 0002:00004020       unz_copyright              0000000180017020     unzip.obj
 0002:00004080       z_errmsg                   0000000180017080     zutil.obj
 0002:000040d0       ??_C@_02DKCKIIND@?$CFs?$AA@ 00000001800170d0     gzlib.obj
 0002:000040d8       ??_C@_07EBNKNFJN@?$DMfd?3?$CFd?$DO?$AA@ 00000001800170d8     gzlib.obj
 0002:000040e0       ??_C@_0O@BNNCBLEN@out?5of?5memory?$AA@ 00000001800170e0     gzlib.obj
 0002:000040ee       ??_C@_00CNPNBAHC@?$AA@     00000001800170ee     gzlib.obj
 0002:000040f0       ??_C@_02LMMGGCAJ@?3?5?$AA@ 00000001800170f0     gzlib.obj
 0002:000040f4       ??_C@_06DIJPEION@?$CFs?$CFs?$CFs?$AA@ 00000001800170f4     gzlib.obj
 0002:00004100       ??_C@_0BH@CFIIDOJD@unexpected?5end?5of?5file?$AA@ 0000000180017100     gzread.obj
 0002:00004118       ??_C@_0CH@CPOLIEKA@internal?5error?3?5inflate?5stream?5c@ 0000000180017118     gzread.obj
 0002:00004140       ??_C@_0BG@HCKBMIHF@compressed?5data?5error?$AA@ 0000000180017140     gzread.obj
 0002:00004158       ??_C@_0CF@MLPJFDMM@requested?5length?5does?5not?5fit?5in@ 0000000180017158     gzread.obj
 0002:00004180       ??_C@_0BP@IIKIGMCC@out?5of?5room?5to?5push?5characters?$AA@ 0000000180017180     gzread.obj
 0002:000041a0       ??_C@_0CH@DEEGAHIB@internal?5error?3?5deflate?5stream?5c@ 00000001800171a0     gzwrite.obj
 0002:000041c8       ??_C@_0BD@PJCBIDD@invalid?5block?5type?$AA@ 00000001800171c8     infback.obj
 0002:000041e0       ??_C@_0BN@LGAADGOK@invalid?5stored?5block?5lengths?$AA@ 00000001800171e0     infback.obj
 0002:00004200       ??_C@_0CE@GMIGFPBB@too?5many?5length?5or?5distance?5symb@ 0000000180017200     infback.obj
 0002:00004228       ??_C@_0BJ@HDEPPGOH@invalid?5code?5lengths?5set?$AA@ 0000000180017228     infback.obj
 0002:00004248       ??_C@_0BK@BMMPFBBH@invalid?5bit?5length?5repeat?$AA@ 0000000180017248     infback.obj
 0002:00004268       ??_C@_0CF@DGDMADCD@invalid?5code?5?9?9?5missing?5end?9of?9b@ 0000000180017268     infback.obj
 0002:00004290       ??_C@_0BM@IIMGAINC@invalid?5literal?1lengths?5set?$AA@ 0000000180017290     infback.obj
 0002:000042b0       ??_C@_0BG@GMDFCBGP@invalid?5distances?5set?$AA@ 00000001800172b0     infback.obj
 0002:000042c8       ??_C@_0BM@FFFLPBBC@invalid?5literal?1length?5code?$AA@ 00000001800172c8     infback.obj
 0002:000042e8       ??_C@_0BG@LBKINIKP@invalid?5distance?5code?$AA@ 00000001800172e8     infback.obj
 0002:00004300       ??_C@_0BO@ECPMAOGG@invalid?5distance?5too?5far?5back?$AA@ 0000000180017300     infback.obj
 0002:00004320       ??_C@_0BH@LIBMMIGA@incorrect?5header?5check?$AA@ 0000000180017320     inflate.obj
 0002:00004338       ??_C@_0BL@IHKGDAEE@unknown?5compression?5method?$AA@ 0000000180017338     inflate.obj
 0002:00004358       ??_C@_0BE@EMOGCLGO@invalid?5window?5size?$AA@ 0000000180017358     inflate.obj
 0002:00004370       ??_C@_0BJ@BLBBCOMO@unknown?5header?5flags?5set?$AA@ 0000000180017370     inflate.obj
 0002:00004390       ??_C@_0BE@GONKLEPM@header?5crc?5mismatch?$AA@ 0000000180017390     inflate.obj
 0002:000043a8       ??_C@_0BF@MEIGEHBE@incorrect?5data?5check?$AA@ 00000001800173a8     inflate.obj
 0002:000043c0       ??_C@_0BH@FGKKJGOC@incorrect?5length?5check?$AA@ 00000001800173c0     inflate.obj
 0002:000043d8       ??_C@_02JDPG@rb?$AA@       00000001800173d8     ioapi.obj
 0002:000043dc       ??_C@_03HMFOOINA@r?$CLb?$AA@ 00000001800173dc     ioapi.obj
 0002:000043e0       ??_C@_02GMLFBBN@wb?$AA@    00000001800173e0     ioapi.obj
 0002:000043e4       ??_C@_01JOAMLHOP@?9?$AA@   00000001800173e4     zip.obj
 0002:000043e8       ??_C@_0BA@MOKMMFOD@need?5dictionary?$AA@ 00000001800173e8     zutil.obj
 0002:000043f8       ??_C@_0L@FNAOCBOG@stream?5end?$AA@ 00000001800173f8     zutil.obj
 0002:00004408       ??_C@_0L@KIJFAKBJ@file?5error?$AA@ 0000000180017408     zutil.obj
 0002:00004418       ??_C@_0N@MKKNPMJD@stream?5error?$AA@ 0000000180017418     zutil.obj
 0002:00004428       ??_C@_0L@HAHMBNLP@data?5error?$AA@ 0000000180017428     zutil.obj
 0002:00004438       ??_C@_0BE@OGGJBMCE@insufficient?5memory?$AA@ 0000000180017438     zutil.obj
 0002:00004450       ??_C@_0N@DFPGLBGC@buffer?5error?$AA@ 0000000180017450     zutil.obj
 0002:00004460       ??_C@_0BF@CJFPCCEG@incompatible?5version?$AA@ 0000000180017460     zutil.obj
 0002:000044f0       _load_config_used          00000001800174f0     MSVCRT:loadcfg.obj
 0002:00004870       __rtc_iaa                  0000000180017870     MSVCRT:_initsect_.obj
 0002:00004878       __rtc_izz                  0000000180017878     MSVCRT:_initsect_.obj
 0002:00004880       __rtc_taa                  0000000180017880     MSVCRT:_initsect_.obj
 0002:00004888       __rtc_tzz                  0000000180017888     MSVCRT:_initsect_.obj
 0002:00006cf4       __IMPORT_DESCRIPTOR_KERNEL32 0000000180019cf4     kernel32:KERNEL32.dll
 0002:00006d08       __IMPORT_DESCRIPTOR_VCRUNTIME140 0000000180019d08     vcruntime:VCRUNTIME140.dll
 0002:00006d1c       __IMPORT_DESCRIPTOR_api-ms-win-crt-stdio-l1-1-0 0000000180019d1c     ucrt:api-ms-win-crt-stdio-l1-1-0.dll
 0002:00006d30       __IMPORT_DESCRIPTOR_api-ms-win-crt-convert-l1-1-0 0000000180019d30     ucrt:api-ms-win-crt-convert-l1-1-0.dll
 0002:00006d44       __IMPORT_DESCRIPTOR_api-ms-win-crt-heap-l1-1-0 0000000180019d44     ucrt:api-ms-win-crt-heap-l1-1-0.dll
 0002:00006d58       __IMPORT_DESCRIPTOR_api-ms-win-crt-runtime-l1-1-0 0000000180019d58     ucrt:api-ms-win-crt-runtime-l1-1-0.dll
 0002:00006d6c       __IMPORT_DESCRIPTOR_api-ms-win-crt-utility-l1-1-0 0000000180019d6c     ucrt:api-ms-win-crt-utility-l1-1-0.dll
 0002:00006d80       __IMPORT_DESCRIPTOR_api-ms-win-crt-time-l1-1-0 0000000180019d80     ucrt:api-ms-win-crt-time-l1-1-0.dll
 0002:00006d94       __NULL_IMPORT_DESCRIPTOR   0000000180019d94     kernel32:KERNEL32.dll
 0003:00000000       __scrt_native_dllmain_reason 000000018001b000     MSVCRT:utility.obj
 0003:00000008       __isa_available            000000018001b008     MSVCRT:_cpu_disp_.obj
 0003:0000000c       __isa_enabled              000000018001b00c     MSVCRT:_cpu_disp_.obj
 0003:00000010       __memcpy_nt_iters          000000018001b010     MSVCRT:_cpu_disp_.obj
 0003:00000018       __security_cookie          000000018001b018     MSVCRT:gs_cookie.obj
 0003:00000020       __security_cookie_complement 000000018001b020     MSVCRT:gs_cookie.obj
 0003:00000030       __scrt_ucrt_dll_is_in_use  000000018001b030     MSVCRT:ucrt_stubs.obj
 0003:000000a8       __scrt_current_native_startup_state 000000018001b0a8     MSVCRT:utility.obj
 0003:000000b0       __scrt_native_startup_lock 000000018001b0b0     MSVCRT:utility.obj
 0003:000000f0       ?__type_info_root_node@@3U__type_info_node@@A 000000018001b0f0     MSVCRT:tncleanup.obj
 0003:00000100       ?_OptionsStorage@?1??__local_stdio_printf_options@@9@4_KA 000000018001b100     MSVCRT:default_local_stdio_options.obj
 0003:00000108       ?_OptionsStorage@?1??__local_stdio_scanf_options@@9@4_KA 000000018001b108     MSVCRT:default_local_stdio_options.obj
 0003:00000110       __scrt_debugger_hook_flag  000000018001b110     MSVCRT:utility_desktop.obj
 0003:00000114       __favor                    000000018001b114     MSVCRT:_cpu_disp_.obj
 0003:00000120       __dyn_tls_init_callback    000000018001b120     <common>
 0003:00000128       ?_OptionsStorage@?1??__local_stdio_printf_options@@9@9 000000018001b128     <common>
 0003:00000130       ?_OptionsStorage@?1??__local_stdio_scanf_options@@9@9 000000018001b130     <common>

 entry point at        0001:00010a08

 Static symbols

 0000:fffdf000       .debug$S                   0000000180000000     kernel32:KERNEL32.dll
 0000:fffdf000       .debug$S                   0000000180000000     kernel32:KERNEL32.dll
 0000:fffdf000       .debug$S                   0000000180000000     kernel32:KERNEL32.dll
 0000:fffdf000       .debug$S                   0000000180000000     zlib1.exp
 0000:fffdf000       .debug$S                   0000000180000000     kernel32:KERNEL32.dll
 0000:fffdf000       .debug$S                   0000000180000000     kernel32:KERNEL32.dll
 0000:fffdf000       .debug$S                   0000000180000000     kernel32:KERNEL32.dll
 0000:fffdf000       .debug$S                   0000000180000000     kernel32:KERNEL32.dll
 0000:fffdf000       .debug$S                   0000000180000000     kernel32:KERNEL32.dll
 0000:fffdf000       .debug$S                   0000000180000000     kernel32:KERNEL32.dll
 0000:fffdf000       .debug$S                   0000000180000000     kernel32:KERNEL32.dll
 0000:fffdf000       .debug$S                   0000000180000000     kernel32:KERNEL32.dll
 0000:fffdf000       .debug$S                   0000000180000000     kernel32:KERNEL32.dll
 0000:fffdf000       .debug$S                   0000000180000000     kernel32:KERNEL32.dll
 0000:fffdf000       .debug$S                   0000000180000000     vcruntime:VCRUNTIME140.dll
 0000:fffdf000       .debug$S                   0000000180000000     vcruntime:VCRUNTIME140.dll
 0000:fffdf000       .debug$S                   0000000180000000     kernel32:KERNEL32.dll
 0000:fffdf000       .debug$S                   0000000180000000     vcruntime:VCRUNTIME140.dll
 0000:fffdf000       .debug$S                   0000000180000000     ucrt:api-ms-win-crt-convert-l1-1-0.dll
 0000:fffdf000       .debug$S                   0000000180000000     ucrt:api-ms-win-crt-heap-l1-1-0.dll
 0000:fffdf000       .debug$S                   0000000180000000     vcruntime:VCRUNTIME140.dll
 0000:fffdf000       .debug$S                   0000000180000000     kernel32:KERNEL32.dll
 0000:fffdf000       .debug$S                   0000000180000000     ucrt:api-ms-win-crt-heap-l1-1-0.dll
 0000:fffdf000       .debug$S                   0000000180000000     kernel32:KERNEL32.dll
 0000:fffdf000       .debug$S                   0000000180000000     ucrt:api-ms-win-crt-runtime-l1-1-0.dll
 0000:fffdf000       .debug$S                   0000000180000000     vcruntime:VCRUNTIME140.dll
 0000:fffdf000       .debug$S                   0000000180000000     kernel32:KERNEL32.dll
 0000:fffdf000       .debug$S                   0000000180000000     ucrt:api-ms-win-crt-runtime-l1-1-0.dll
 0000:fffdf000       .debug$S                   0000000180000000     kernel32:KERNEL32.dll
 0000:fffdf000       .debug$S                   0000000180000000     ucrt:api-ms-win-crt-runtime-l1-1-0.dll
 0000:fffdf000       .debug$S                   0000000180000000     ucrt:api-ms-win-crt-utility-l1-1-0.dll
 0000:fffdf000       .debug$S                   0000000180000000     ucrt:api-ms-win-crt-runtime-l1-1-0.dll
 0000:fffdf000       .debug$S                   0000000180000000     kernel32:KERNEL32.dll
 0000:fffdf000       .debug$S                   0000000180000000     ucrt:api-ms-win-crt-runtime-l1-1-0.dll
 0000:fffdf000       .debug$S                   0000000180000000     ucrt:api-ms-win-crt-utility-l1-1-0.dll
 0000:fffdf000       .debug$S                   0000000180000000     ucrt:api-ms-win-crt-runtime-l1-1-0.dll
 0000:fffdf000       .debug$S                   0000000180000000     kernel32:KERNEL32.dll
 0000:fffdf000       .debug$S                   0000000180000000     ucrt:api-ms-win-crt-runtime-l1-1-0.dll
 0000:fffdf000       .debug$S                   0000000180000000     kernel32:KERNEL32.dll
 0000:fffdf000       .debug$S                   0000000180000000     ucrt:api-ms-win-crt-time-l1-1-0.dll
 0000:fffdf000       .debug$S                   0000000180000000     ucrt:api-ms-win-crt-stdio-l1-1-0.dll
 0000:fffdf000       .debug$S                   0000000180000000     ucrt:api-ms-win-crt-stdio-l1-1-0.dll
 0000:fffdf000       .debug$S                   0000000180000000     ucrt:api-ms-win-crt-stdio-l1-1-0.dll
 0000:fffdf000       .debug$S                   0000000180000000     ucrt:api-ms-win-crt-stdio-l1-1-0.dll
 0000:fffdf000       .debug$S                   0000000180000000     ucrt:api-ms-win-crt-runtime-l1-1-0.dll
 0000:fffdf000       .debug$S                   0000000180000000     ucrt:api-ms-win-crt-stdio-l1-1-0.dll
 0000:fffdf000       .debug$S                   0000000180000000     ucrt:api-ms-win-crt-runtime-l1-1-0.dll
 0000:fffdf000       .debug$S                   0000000180000000     ucrt:api-ms-win-crt-stdio-l1-1-0.dll
 0000:fffdf000       .debug$S                   0000000180000000     ucrt:api-ms-win-crt-runtime-l1-1-0.dll
 0000:fffdf000       .debug$S                   0000000180000000     ucrt:api-ms-win-crt-stdio-l1-1-0.dll
 0000:fffdf000       .debug$S                   0000000180000000     ucrt:api-ms-win-crt-runtime-l1-1-0.dll
 0000:fffdf000       .debug$S                   0000000180000000     ucrt:api-ms-win-crt-stdio-l1-1-0.dll
 0000:fffdf000       .debug$S                   0000000180000000     ucrt:api-ms-win-crt-runtime-l1-1-0.dll
 0000:fffdf000       .debug$S                   0000000180000000     ucrt:api-ms-win-crt-stdio-l1-1-0.dll
 0000:fffdf000       .debug$S                   0000000180000000     ucrt:api-ms-win-crt-runtime-l1-1-0.dll
 0000:fffdf000       .debug$S                   0000000180000000     ucrt:api-ms-win-crt-stdio-l1-1-0.dll
 0000:fffdf000       .debug$S                   0000000180000000     ucrt:api-ms-win-crt-runtime-l1-1-0.dll
 0000:fffdf000       .debug$S                   0000000180000000     kernel32:KERNEL32.dll
 0000:fffdf000       .debug$S                   0000000180000000     ucrt:api-ms-win-crt-stdio-l1-1-0.dll
 0000:fffdf000       .debug$S                   0000000180000000     ucrt:api-ms-win-crt-stdio-l1-1-0.dll
 0000:fffdf000       .debug$S                   0000000180000000     ucrt:api-ms-win-crt-stdio-l1-1-0.dll
 0000:fffdf000       .debug$S                   0000000180000000     ucrt:api-ms-win-crt-stdio-l1-1-0.dll
 0000:fffdf000       .debug$S                   0000000180000000     ucrt:api-ms-win-crt-stdio-l1-1-0.dll
 0000:fffdf000       .debug$S                   0000000180000000     ucrt:api-ms-win-crt-stdio-l1-1-0.dll
 0001:000002e0       adler32_combine_           00000001800012e0 f   adler32.obj
 0001:000004d0       crc32_little               00000001800014d0 f   crc32.obj
 0001:000007d0       crc32_big                  00000001800017d0 f   crc32.obj
 0001:00000b60       gf2_matrix_times           0000000180001b60 f   crc32.obj
 0001:00000b80       gf2_matrix_square          0000000180001b80 f   crc32.obj
 0001:00000bc0       crc32_combine_             0000000180001bc0 f   crc32.obj
 0001:00001660       putShortMSB                0000000180002660 f   deflate.obj
 0001:00001690       flush_pending              0000000180002690 f   deflate.obj
 0001:00002300       read_buf                   0000000180003300 f   deflate.obj
 0001:000023a0       lm_init                    00000001800033a0 f   deflate.obj
 0001:00002450       longest_match              0000000180003450 f   deflate.obj
 0001:00002620       fill_window                0000000180003620 f   deflate.obj
 0001:00002880       deflate_stored             0000000180003880 f   deflate.obj
 0001:00002a70       deflate_fast               0000000180003a70 f   deflate.obj
 0001:00002e70       deflate_slow               0000000180003e70 f   deflate.obj
 0001:00003380       deflate_rle                0000000180004380 f   deflate.obj
 0001:000036c0       deflate_huff               00000001800046c0 f   deflate.obj
 0001:000039f0       gz_reset                   00000001800049f0 f   gzlib.obj
 0001:00003a40       gz_open                    0000000180004a40 f   gzlib.obj
 0001:00003ccc       $LN52                      0000000180004ccc     gzlib.obj
 0001:00003cf8       $LN51                      0000000180004cf8     gzlib.obj
 0001:00004290       gz_load                    0000000180005290 f   gzread.obj
 0001:00004330       gz_avail                   0000000180005330 f   gzread.obj
 0001:000043c0       gz_look                    00000001800053c0 f   gzread.obj
 0001:000045b0       gz_decomp                  00000001800055b0 f   gzread.obj
 0001:000046c0       gz_fetch                   00000001800056c0 f   gzread.obj
 0001:00004770       gz_skip                    0000000180005770 f   gzread.obj
 0001:00004dd0       gz_init                    0000000180005dd0 f   gzwrite.obj
 0001:00004ed0       gz_comp                    0000000180005ed0 f   gzwrite.obj
 0001:00005050       gz_zero                    0000000180006050 f   gzwrite.obj
 0001:000057e0       fixedtables                00000001800067e0 f   infback.obj
 0001:0000662c       $LN473                     000000018000762c     infback.obj
 0001:00006e70       fixedtables                0000000180007e70 f   inflate.obj
 0001:00006ea0       updatewindow               0000000180007ea0 f   inflate.obj
 0001:000086a8       $LN799                     00000001800096a8     inflate.obj
 0001:00008900       syncsearch                 0000000180009900 f   inflate.obj
 0001:00009320       fopen_file_func            000000018000a320 f   ioapi.obj
 0001:00009370       fopen64_file_func          000000018000a370 f   ioapi.obj
 0001:000093c0       fread_file_func            000000018000a3c0 f   ioapi.obj
 0001:000093e0       fwrite_file_func           000000018000a3e0 f   ioapi.obj
 0001:00009400       ftell_file_func            000000018000a400 f   ioapi.obj
 0001:00009410       ftell64_file_func          000000018000a410 f   ioapi.obj
 0001:00009420       fseek_file_func            000000018000a420 f   ioapi.obj
 0001:00009480       fseek64_file_func          000000018000a480 f   ioapi.obj
 0001:000094e0       fclose_file_func           000000018000a4e0 f   ioapi.obj
 0001:000094f0       ferror_file_func           000000018000a4f0 f   ioapi.obj
 0001:00009560       win32_translate_open_mode  000000018000a560 f   iowin32.obj
 0001:000095c0       win32_build_iowin          000000018000a5c0 f   iowin32.obj
 0001:00009910       MySetFilePointerEx         000000018000a910 f   iowin32.obj
 0001:00009cd0       tr_static_init             000000018000acd0 f   trees.obj
 0001:00009d50       init_block                 000000018000ad50 f   trees.obj
 0001:00009dd0       pqdownheap                 000000018000add0 f   trees.obj
 0001:00009ee0       gen_bitlen                 000000018000aee0 f   trees.obj
 0001:0000a0f0       gen_codes                  000000018000b0f0 f   trees.obj
 0001:0000a170       build_tree                 000000018000b170 f   trees.obj
 0001:0000a3b0       scan_tree                  000000018000b3b0 f   trees.obj
 0001:0000a4f0       send_tree                  000000018000b4f0 f   trees.obj
 0001:0000aac0       build_bl_tree              000000018000bac0 f   trees.obj
 0001:0000ab90       send_all_trees             000000018000bb90 f   trees.obj
 0001:0000b210       compress_block             000000018000c210 f   trees.obj
 0001:0000b660       detect_data_type           000000018000c660 f   trees.obj
 0001:0000b6e0       bi_reverse                 000000018000c6e0 f   trees.obj
 0001:0000b700       bi_flush                   000000018000c700 f   trees.obj
 0001:0000b780       bi_windup                  000000018000c780 f   trees.obj
 0001:0000b7e0       copy_block                 000000018000c7e0 f   trees.obj
 0001:0000b960       unz64local_getByte         000000018000c960 f   unzip.obj
 0001:0000b9d0       unz64local_getShort        000000018000c9d0 f   unzip.obj
 0001:0000ba50       unz64local_getLong         000000018000ca50 f   unzip.obj
 0001:0000bb20       unz64local_getLong64       000000018000cb20 f   unzip.obj
 0001:0000bca0       strcmpcasenosensitive_internal 000000018000cca0 f   unzip.obj
 0001:0000bd40       unz64local_SearchCentralDir 000000018000cd40 f   unzip.obj
 0001:0000bec0       unz64local_SearchCentralDir64 000000018000cec0 f   unzip.obj
 0001:0000c0e0       unzOpenInternal            000000018000d0e0 f   unzip.obj
 0001:0000c6a0       unz64local_DosDateToTmuDate 000000018000d6a0 f   unzip.obj
 0001:0000c700       unz64local_GetCurrentFileInfoInternal 000000018000d700 f   unzip.obj
 0001:0000d1f0       unz64local_CheckCurrentFileCoherencyHeader 000000018000e1f0 f   unzip.obj
 0001:0000dc90       time                       000000018000ec90 f   zip.obj
 0001:0000dca0       decrypt_byte               000000018000eca0 f   zip.obj
 0001:0000dcc0       update_keys                000000018000ecc0 f   zip.obj
 0001:0000dd20       init_keys                  000000018000ed20 f   zip.obj
 0001:0000dd90       crypthead                  000000018000ed90 f   zip.obj
 0001:0000dee0       allocate_new_datablock     000000018000eee0 f   zip.obj
 0001:0000df10       free_datablock             000000018000ef10 f   zip.obj
 0001:0000df40       init_linkedlist            000000018000ef40 f   zip.obj
 0001:0000df50       free_linkedlist            000000018000ef50 f   zip.obj
 0001:0000df70       add_data_in_datablock      000000018000ef70 f   zip.obj
 0001:0000e050       zip64local_putValue        000000018000f050 f   zip.obj
 0001:0000e0c0       zip64local_putValue_inmemory 000000018000f0c0 f   zip.obj
 0001:0000e110       zip64local_TmzDateToDosDate 000000018000f110 f   zip.obj
 0001:0000e160       zip64local_getByte         000000018000f160 f   zip.obj
 0001:0000e1d0       zip64local_getShort        000000018000f1d0 f   zip.obj
 0001:0000e250       zip64local_getLong         000000018000f250 f   zip.obj
 0001:0000e320       zip64local_getLong64       000000018000f320 f   zip.obj
 0001:0000e4a0       zip64local_SearchCentralDir 000000018000f4a0 f   zip.obj
 0001:0000e620       zip64local_SearchCentralDir64 000000018000f620 f   zip.obj
 0001:0000fa90       zip64FlushWriteBuffer      0000000180010a90 f   zip.obj
 0001:000106b4       ?dllmain_crt_dispatch@@YAHQEAUHINSTANCE__@@KQEAX@Z 00000001800116b4 f   MSVCRT:dll_dllmain.obj
 0001:00010704       ?dllmain_crt_process_attach@@YAHQEAUHINSTANCE__@@QEAX@Z 0000000180011704 f   MSVCRT:dll_dllmain.obj
 0001:00010830       ?dllmain_crt_process_detach@@YAH_N@Z 0000000180011830 f   MSVCRT:dll_dllmain.obj
 0001:000108b4       ?dllmain_dispatch@@YAHQEAUHINSTANCE__@@KQEAX@Z 00000001800118b4 f   MSVCRT:dll_dllmain.obj
 0001:000109ac       ?dllmain_raw@@YAHQEAUHINSTANCE__@@KQEAX@Z 00000001800119ac f   MSVCRT:dll_dllmain.obj
 0001:00010aa0       ?find_pe_section@@YAPEAU_IMAGE_SECTION_HEADER@@QEAE_K@Z 0000000180011aa0 f   MSVCRT:utility.obj
 0001:00010aec       ?is_potentially_valid_image_base@@YA_NQEAX@Z 0000000180011aec f   MSVCRT:utility.obj
 0001:00011690       $$000000                   0000000180012690     MSVCRT:_chkstk_.obj
 0001:00011700       $$000000                   0000000180012700     MSVCRT:_guard_dispatch_.obj
 0001:00011712       ?fin$0@?0??dllmain_crt_process_attach@@YAHQEAUHINSTANCE__@@QEAX@Z@4HA 0000000180012712 f   MSVCRT:dll_dllmain.obj
 0001:00011729       ?fin$0@?0??dllmain_crt_process_detach@@YAH_N@Z@4HA 0000000180012729 f   MSVCRT:dll_dllmain.obj
 0001:00011745       ?filt$0@?0??dllmain_dispatch@@YAHQEAUHINSTANCE__@@KQEAX@Z@4HA 0000000180012745 f   MSVCRT:dll_dllmain.obj
 0001:0001177b       __scrt_is_nonwritable_in_current_image$filt$0 000000018001277b f   MSVCRT:utility.obj
 0002:000002a0       crc_table                  00000001800132a0     crc32.obj
 0002:000022a0       ?my_version@?1??deflateInit2_@@9@9 00000001800152a0     deflate.obj
 0002:000022b0       configuration_table        00000001800152b0     deflate.obj
 0002:00002350       ?lenfix@?1??fixedtables@@9@9 0000000180015350     infback.obj
 0002:00002b50       ?distfix@?1??fixedtables@@9@9 0000000180015b50     infback.obj
 0002:00002bd0       ?order@?1??inflateBack@@9@9 0000000180015bd0     infback.obj
 0002:00002c00       ?lenfix@?1??fixedtables@@9@9 0000000180015c00     inflate.obj
 0002:00003400       ?distfix@?1??fixedtables@@9@9 0000000180016400     inflate.obj
 0002:00003480       ?order@?1??inflate@@9@9    0000000180016480     inflate.obj
 0002:000034b0       ?dext@?1??inflate_table@@9@9 00000001800164b0     inftrees.obj
 0002:000034f0       ?lext@?1??inflate_table@@9@9 00000001800164f0     inftrees.obj
 0002:00003530       ?lbase@?1??inflate_table@@9@9 0000000180016530     inftrees.obj
 0002:00003570       ?dbase@?1??inflate_table@@9@9 0000000180016570     inftrees.obj
 0002:000038b0       static_dtree               00000001800168b0     trees.obj
 0002:00003930       extra_blbits               0000000180016930     trees.obj
 0002:00003980       extra_lbits                0000000180016980     trees.obj
 0002:00003a00       base_dist                  0000000180016a00     trees.obj
 0002:00003a80       base_length                0000000180016a80     trees.obj
 0002:00003b00       extra_dbits                0000000180016b00     trees.obj
 0002:00003b80       static_ltree               0000000180016b80     trees.obj
 0002:00004000       bl_order                   0000000180017000     trees.obj
 0002:00004890       $unwind$adler32_combine_   0000000180017890     adler32.obj
 0002:00004898       $unwind$compress2          0000000180017898     compress.obj
 0002:000048a0       $chain$0$compress2         00000001800178a0     compress.obj
 0002:000048b4       $chain$2$compress2         00000001800178b4     compress.obj
 0002:000048c8       $chain$3$compress2         00000001800178c8     compress.obj
 0002:000048d8       $unwind$compress           00000001800178d8     compress.obj
 0002:000048e0       $unwind$crc32_little       00000001800178e0     crc32.obj
 0002:000048e8       $chain$0$crc32_little      00000001800178e8     crc32.obj
 0002:000048fc       $chain$1$crc32_little      00000001800178fc     crc32.obj
 0002:0000490c       $unwind$crc32_big          000000018001790c     crc32.obj
 0002:00004914       $chain$0$crc32_big         0000000180017914     crc32.obj
 0002:00004928       $chain$1$crc32_big         0000000180017928     crc32.obj
 0002:00004938       $unwind$gf2_matrix_square  0000000180017938     crc32.obj
 0002:00004940       $unwind$crc32_combine_     0000000180017940     crc32.obj
 0002:00004954       $unwind$deflateInit_       0000000180017954     deflate.obj
 0002:0000495c       $unwind$deflateInit2_      000000018001795c     deflate.obj
 0002:0000496c       $chain$2$deflateInit2_     000000018001796c     deflate.obj
 0002:00004988       $chain$3$deflateInit2_     0000000180017988     deflate.obj
 0002:0000499c       $chain$4$deflateInit2_     000000018001799c     deflate.obj
 0002:000049ac       $chain$6$deflateInit2_     00000001800179ac     deflate.obj
 0002:000049cc       $chain$7$deflateInit2_     00000001800179cc     deflate.obj
 0002:000049e8       $chain$8$deflateInit2_     00000001800179e8     deflate.obj
 0002:000049f8       $unwind$deflateSetDictionary 00000001800179f8     deflate.obj
 0002:00004a08       $chain$3$deflateSetDictionary 0000000180017a08     deflate.obj
 0002:00004a28       $chain$5$deflateSetDictionary 0000000180017a28     deflate.obj
 0002:00004a3c       $chain$6$deflateSetDictionary 0000000180017a3c     deflate.obj
 0002:00004a4c       $unwind$deflateResetKeep   0000000180017a4c     deflate.obj
 0002:00004a58       $chain$0$deflateResetKeep  0000000180017a58     deflate.obj
 0002:00004a6c       $chain$1$deflateResetKeep  0000000180017a6c     deflate.obj
 0002:00004a7c       $unwind$deflateReset       0000000180017a7c     deflate.obj
 0002:00004a88       $unwind$deflatePrime       0000000180017a88     deflate.obj
 0002:00004a94       $unwind$deflateParams      0000000180017a94     deflate.obj
 0002:00004aa4       $chain$0$deflateParams     0000000180017aa4     deflate.obj
 0002:00004ab8       $chain$1$deflateParams     0000000180017ab8     deflate.obj
 0002:00004acc       $chain$2$deflateParams     0000000180017acc     deflate.obj
 0002:00004adc       $chain$4$deflateParams     0000000180017adc     deflate.obj
 0002:00004af0       $chain$5$deflateParams     0000000180017af0     deflate.obj
 0002:00004b00       $unwind$flush_pending      0000000180017b00     deflate.obj
 0002:00004b10       $chain$0$flush_pending     0000000180017b10     deflate.obj
 0002:00004b24       $chain$1$flush_pending     0000000180017b24     deflate.obj
 0002:00004b34       $unwind$deflate            0000000180017b34     deflate.obj
 0002:00004b40       $chain$1$deflate           0000000180017b40     deflate.obj
 0002:00004b58       $chain$2$deflate           0000000180017b58     deflate.obj
 0002:00004b6c       $chain$3$deflate           0000000180017b6c     deflate.obj
 0002:00004b7c       $chain$5$deflate           0000000180017b7c     deflate.obj
 0002:00004b94       $chain$6$deflate           0000000180017b94     deflate.obj
 0002:00004ba4       $unwind$deflateEnd         0000000180017ba4     deflate.obj
 0002:00004bac       $chain$0$deflateEnd        0000000180017bac     deflate.obj
 0002:00004bc0       $chain$2$deflateEnd        0000000180017bc0     deflate.obj
 0002:00004bd4       $chain$3$deflateEnd        0000000180017bd4     deflate.obj
 0002:00004be4       $unwind$deflateCopy        0000000180017be4     deflate.obj
 0002:00004bf0       $chain$0$deflateCopy       0000000180017bf0     deflate.obj
 0002:00004c04       $chain$3$deflateCopy       0000000180017c04     deflate.obj
 0002:00004c1c       $chain$5$deflateCopy       0000000180017c1c     deflate.obj
 0002:00004c34       $chain$6$deflateCopy       0000000180017c34     deflate.obj
 0002:00004c44       $unwind$read_buf           0000000180017c44     deflate.obj
 0002:00004c58       $unwind$lm_init            0000000180017c58     deflate.obj
 0002:00004c64       $unwind$longest_match      0000000180017c64     deflate.obj
 0002:00004c80       $unwind$fill_window        0000000180017c80     deflate.obj
 0002:00004c90       $chain$0$fill_window       0000000180017c90     deflate.obj
 0002:00004ca4       $chain$1$fill_window       0000000180017ca4     deflate.obj
 0002:00004cb4       $unwind$deflate_stored     0000000180017cb4     deflate.obj
 0002:00004cc8       $unwind$deflate_fast       0000000180017cc8     deflate.obj
 0002:00004ce0       $unwind$deflate_slow       0000000180017ce0     deflate.obj
 0002:00004cfc       $unwind$deflate_rle        0000000180017cfc     deflate.obj
 0002:00004d14       $unwind$deflate_huff       0000000180017d14     deflate.obj
 0002:00004d24       $unwind$_vsnprintf_l       0000000180017d24     gzlib.obj
 0002:00004d34       $unwind$_vsnprintf         0000000180017d34     gzlib.obj
 0002:00004d48       $unwind$_snprintf          0000000180017d48     gzlib.obj
 0002:00004d58       $unwind$gz_reset           0000000180017d58     gzlib.obj
 0002:00004d64       $unwind$gz_open            0000000180017d64     gzlib.obj
 0002:00004d78       $chain$0$gz_open           0000000180017d78     gzlib.obj
 0002:00004d8c       $chain$1$gz_open           0000000180017d8c     gzlib.obj
 0002:00004da0       $chain$2$gz_open           0000000180017da0     gzlib.obj
 0002:00004db0       $chain$3$gz_open           0000000180017db0     gzlib.obj
 0002:00004dc0       $unwind$gzdopen            0000000180017dc0     gzlib.obj
 0002:00004dd0       $unwind$gzrewind           0000000180017dd0     gzlib.obj
 0002:00004dd8       $unwind$gzseek64           0000000180017dd8     gzlib.obj
 0002:00004de4       $chain$0$gzseek64          0000000180017de4     gzlib.obj
 0002:00004df8       $chain$2$gzseek64          0000000180017df8     gzlib.obj
 0002:00004e0c       $chain$4$gzseek64          0000000180017e0c     gzlib.obj
 0002:00004e20       $unwind$gzseek             0000000180017e20     gzlib.obj
 0002:00004e28       $unwind$gztell             0000000180017e28     gzlib.obj
 0002:00004e30       $unwind$gzoffset64         0000000180017e30     gzlib.obj
 0002:00004e38       $unwind$gzoffset           0000000180017e38     gzlib.obj
 0002:00004e40       $unwind$gz_error           0000000180017e40     gzlib.obj
 0002:00004e50       $unwind$gz_load            0000000180017e50     gzread.obj
 0002:00004e64       $unwind$gz_avail           0000000180017e64     gzread.obj
 0002:00004e6c       $unwind$gz_look            0000000180017e6c     gzread.obj
 0002:00004e7c       $unwind$gz_decomp          0000000180017e7c     gzread.obj
 0002:00004e90       $unwind$gz_fetch           0000000180017e90     gzread.obj
 0002:00004e98       $unwind$gz_skip            0000000180017e98     gzread.obj
 0002:00004ea4       $unwind$gzread             0000000180017ea4     gzread.obj
 0002:00004eb0       $chain$0$gzread            0000000180017eb0     gzread.obj
 0002:00004ec4       $chain$5$gzread            0000000180017ec4     gzread.obj
 0002:00004ee4       $unwind$gzgetc             0000000180017ee4     gzread.obj
 0002:00004eec       $unwind$gzungetc           0000000180017eec     gzread.obj
 0002:00004ef8       $unwind$gzgets             0000000180017ef8     gzread.obj
 0002:00004f04       $chain$3$gzgets            0000000180017f04     gzread.obj
 0002:00004f24       $chain$5$gzgets            0000000180017f24     gzread.obj
 0002:00004f44       $chain$6$gzgets            0000000180017f44     gzread.obj
 0002:00004f54       $unwind$gzdirect           0000000180017f54     gzread.obj
 0002:00004f5c       $unwind$gzclose_r          0000000180017f5c     gzread.obj
 0002:00004f6c       $unwind$vsnprintf          0000000180017f6c     gzwrite.obj
 0002:00004f80       $unwind$gz_init            0000000180017f80     gzwrite.obj
 0002:00004f8c       $unwind$gz_comp            0000000180017f8c     gzwrite.obj
 0002:00004fa0       $unwind$gz_zero            0000000180017fa0     gzwrite.obj
 0002:00004fac       $chain$1$gz_zero           0000000180017fac     gzwrite.obj
 0002:00004fc4       $chain$3$gz_zero           0000000180017fc4     gzwrite.obj
 0002:00004fdc       $unwind$gzwrite            0000000180017fdc     gzwrite.obj
 0002:00004ff4       $unwind$gzputc             0000000180017ff4     gzwrite.obj
 0002:00005000       $unwind$gzputs             0000000180018000     gzwrite.obj
 0002:00005008       $unwind$gzvprintf          0000000180018008     gzwrite.obj
 0002:00005014       $chain$2$gzvprintf         0000000180018014     gzwrite.obj
 0002:00005030       $chain$3$gzvprintf         0000000180018030     gzwrite.obj
 0002:00005048       $unwind$gzprintf           0000000180018048     gzwrite.obj
 0002:00005050       $unwind$gzflush            0000000180018050     gzwrite.obj
 0002:0000505c       $unwind$gzsetparams        000000018001805c     gzwrite.obj
 0002:00005070       $unwind$gzclose_w          0000000180018070     gzwrite.obj
 0002:0000507c       $unwind$inflateBackInit_   000000018001807c     infback.obj
 0002:0000508c       $chain$1$inflateBackInit_  000000018001808c     infback.obj
 0002:000050a4       $chain$3$inflateBackInit_  00000001800180a4     infback.obj
 0002:000050bc       $chain$4$inflateBackInit_  00000001800180bc     infback.obj
 0002:000050cc       $unwind$inflateBack        00000001800180cc     infback.obj
 0002:000050dc       $chain$3$inflateBack       00000001800180dc     infback.obj
 0002:000050fc       $chain$4$inflateBack       00000001800180fc     infback.obj
 0002:0000510c       $unwind$inflateBackEnd     000000018001810c     infback.obj
 0002:00005114       $unwind$inflate_fast       0000000180018114     inffast.obj
 0002:0000512c       $unwind$inflateReset2      000000018001812c     inflate.obj
 0002:0000513c       $chain$0$inflateReset2     000000018001813c     inflate.obj
 0002:00005150       $chain$2$inflateReset2     0000000180018150     inflate.obj
 0002:00005164       $chain$3$inflateReset2     0000000180018164     inflate.obj
 0002:00005174       $unwind$inflateInit2_      0000000180018174     inflate.obj
 0002:00005180       $chain$1$inflateInit2_     0000000180018180     inflate.obj
 0002:00005198       $chain$3$inflateInit2_     0000000180018198     inflate.obj
 0002:000051b0       $chain$4$inflateInit2_     00000001800181b0     inflate.obj
 0002:000051c0       $unwind$updatewindow       00000001800181c0     inflate.obj
 0002:000051d4       $chain$0$updatewindow      00000001800181d4     inflate.obj
 0002:000051e8       $chain$1$updatewindow      00000001800181e8     inflate.obj
 0002:000051f8       $unwind$inflate            00000001800181f8     inflate.obj
 0002:00005204       $chain$4$inflate           0000000180018204     inflate.obj
 0002:00005228       $chain$6$inflate           0000000180018228     inflate.obj
 0002:0000524c       $chain$7$inflate           000000018001824c     inflate.obj
 0002:0000525c       $unwind$inflateEnd         000000018001825c     inflate.obj
 0002:00005264       $unwind$inflateGetDictionary 0000000180018264     inflate.obj
 0002:00005274       $unwind$inflateSetDictionary 0000000180018274     inflate.obj
 0002:00005288       $unwind$syncsearch         0000000180018288     inflate.obj
 0002:00005290       $unwind$inflateSync        0000000180018290     inflate.obj
 0002:0000529c       $chain$1$inflateSync       000000018001829c     inflate.obj
 0002:000052b4       $chain$3$inflateSync       00000001800182b4     inflate.obj
 0002:000052cc       $chain$4$inflateSync       00000001800182cc     inflate.obj
 0002:000052dc       $unwind$inflateCopy        00000001800182dc     inflate.obj
 0002:000052e8       $chain$1$inflateCopy       00000001800182e8     inflate.obj
 0002:00005300       $chain$2$inflateCopy       0000000180018300     inflate.obj
 0002:00005314       $chain$3$inflateCopy       0000000180018314     inflate.obj
 0002:00005324       $chain$5$inflateCopy       0000000180018324     inflate.obj
 0002:00005340       $chain$6$inflateCopy       0000000180018340     inflate.obj
 0002:00005350       $unwind$inflate_table      0000000180018350     inftrees.obj
 0002:00005364       $chain$0$inflate_table     0000000180018364     inftrees.obj
 0002:00005378       $chain$1$inflate_table     0000000180018378     inftrees.obj
 0002:00005388       $unwind$call_ztell64       0000000180018388     ioapi.obj
 0002:00005390       $unwind$fseek_file_func    0000000180018390     ioapi.obj
 0002:00005398       $unwind$fseek64_file_func  0000000180018398     ioapi.obj
 0002:000053a0       $unwind$win32_build_iowin  00000001800183a0     iowin32.obj
 0002:000053a8       $chain$0$win32_build_iowin 00000001800183a8     iowin32.obj
 0002:000053bc       $chain$2$win32_build_iowin 00000001800183bc     iowin32.obj
 0002:000053d0       $chain$3$win32_build_iowin 00000001800183d0     iowin32.obj
 0002:000053e0       $unwind$win32_open64_file_func 00000001800183e0     iowin32.obj
 0002:000053e8       $unwind$win32_open64_file_funcA 00000001800183e8     iowin32.obj
 0002:000053f0       $unwind$win32_open64_file_funcW 00000001800183f0     iowin32.obj
 0002:000053f8       $unwind$win32_open_file_func 00000001800183f8     iowin32.obj
 0002:00005400       $unwind$win32_read_file_func 0000000180018400     iowin32.obj
 0002:0000540c       $unwind$win32_write_file_func 000000018001840c     iowin32.obj
 0002:00005418       $unwind$MySetFilePointerEx 0000000180018418     iowin32.obj
 0002:00005428       $unwind$win32_tell_file_func 0000000180018428     iowin32.obj
 0002:00005430       $unwind$win32_tell64_file_func 0000000180018430     iowin32.obj
 0002:00005438       $unwind$win32_seek_file_func 0000000180018438     iowin32.obj
 0002:00005444       $unwind$win32_seek64_file_func 0000000180018444     iowin32.obj
 0002:00005450       $unwind$win32_close_file_func 0000000180018450     iowin32.obj
 0002:0000545c       $unwind$pqdownheap         000000018001845c     trees.obj
 0002:00005468       $chain$1$pqdownheap        0000000180018468     trees.obj
 0002:00005480       $chain$3$pqdownheap        0000000180018480     trees.obj
 0002:00005498       $chain$4$pqdownheap        0000000180018498     trees.obj
 0002:000054a8       $unwind$gen_bitlen         00000001800184a8     trees.obj
 0002:000054c0       $chain$0$gen_bitlen        00000001800184c0     trees.obj
 0002:000054d4       $chain$1$gen_bitlen        00000001800184d4     trees.obj
 0002:000054e4       $unwind$gen_codes          00000001800184e4     trees.obj
 0002:000054ec       $unwind$build_tree         00000001800184ec     trees.obj
 0002:00005508       $unwind$scan_tree          0000000180018508     trees.obj
 0002:00005514       $chain$4$scan_tree         0000000180018514     trees.obj
 0002:00005538       $chain$5$scan_tree         0000000180018538     trees.obj
 0002:00005548       $unwind$send_tree          0000000180018548     trees.obj
 0002:00005550       $chain$6$send_tree         0000000180018550     trees.obj
 0002:0000557c       $chain$7$send_tree         000000018001857c     trees.obj
 0002:0000558c       $unwind$build_bl_tree      000000018001858c     trees.obj
 0002:00005594       $unwind$send_all_trees     0000000180018594     trees.obj
 0002:000055a4       $unwind$_tr_flush_block    00000001800185a4     trees.obj
 0002:000055b8       $unwind$compress_block     00000001800185b8     trees.obj
 0002:000055c4       $chain$1$compress_block    00000001800185c4     trees.obj
 0002:000055dc       $chain$4$compress_block    00000001800185dc     trees.obj
 0002:000055f8       $chain$5$compress_block    00000001800185f8     trees.obj
 0002:00005608       $chain$6$compress_block    0000000180018608     trees.obj
 0002:00005618       $unwind$copy_block         0000000180018618     trees.obj
 0002:00005620       $unwind$uncompress         0000000180018620     uncompr.obj
 0002:00005628       $chain$0$uncompress        0000000180018628     uncompr.obj
 0002:0000563c       $chain$2$uncompress        000000018001863c     uncompr.obj
 0002:00005650       $chain$4$uncompress        0000000180018650     uncompr.obj
 0002:00005664       $chain$5$uncompress        0000000180018664     uncompr.obj
 0002:00005674       $unwind$unz64local_getByte 0000000180018674     unzip.obj
 0002:00005684       $unwind$unz64local_getShort 0000000180018684     unzip.obj
 0002:00005698       $unwind$unz64local_getLong 0000000180018698     unzip.obj
 0002:000056ac       $unwind$unz64local_getLong64 00000001800186ac     unzip.obj
 0002:000056c0       $unwind$unz64local_SearchCentralDir 00000001800186c0     unzip.obj
 0002:000056d0       $chain$0$unz64local_SearchCentralDir 00000001800186d0     unzip.obj
 0002:000056e4       $chain$3$unz64local_SearchCentralDir 00000001800186e4     unzip.obj
 0002:000056fc       $chain$5$unz64local_SearchCentralDir 00000001800186fc     unzip.obj
 0002:00005714       $chain$6$unz64local_SearchCentralDir 0000000180018714     unzip.obj
 0002:00005724       $unwind$unz64local_SearchCentralDir64 0000000180018724     unzip.obj
[...]
 0004:0000066c       $pdata$0$updatewindow      000000018001c66c     inflate.obj
 0004:00000678       $pdata$1$updatewindow      000000018001c678     inflate.obj
 0004:00000684       $pdata$inflate             000000018001c684     inflate.obj
 0004:00000690       $pdata$4$inflate           000000018001c690     inflate.obj
 0004:0000069c       $pdata$6$inflate           000000018001c69c     inflate.obj
 0004:000006a8       $pdata$7$inflate           000000018001c6a8     inflate.obj
 0004:000006b4       $pdata$inflateEnd          000000018001c6b4     inflate.obj
 0004:000006c0       $pdata$inflateGetDictionary 000000018001c6c0     inflate.obj
 0004:000006cc       $pdata$inflateSetDictionary 000000018001c6cc     inflate.obj
 0004:000006d8       $pdata$syncsearch          000000018001c6d8     inflate.obj
 0004:000006e4       $pdata$inflateSync         000000018001c6e4     inflate.obj
 0004:000006f0       $pdata$1$inflateSync       000000018001c6f0     inflate.obj
 0004:000006fc       $pdata$3$inflateSync       000000018001c6fc     inflate.obj
 0004:00000708       $pdata$4$inflateSync       000000018001c708     inflate.obj
 0004:00000714       $pdata$inflateCopy         000000018001c714     inflate.obj
 0004:00000720       $pdata$1$inflateCopy       000000018001c720     inflate.obj
 0004:0000072c       $pdata$2$inflateCopy       000000018001c72c     inflate.obj
 0004:00000738       $pdata$3$inflateCopy       000000018001c738     inflate.obj
 0004:00000744       $pdata$5$inflateCopy       000000018001c744     inflate.obj
 0004:00000750       $pdata$6$inflateCopy       000000018001c750     inflate.obj
 0004:0000075c       $pdata$inflate_table       000000018001c75c     inftrees.obj
 0004:00000768       $pdata$0$inflate_table     000000018001c768     inftrees.obj
 0004:00000774       $pdata$1$inflate_table     000000018001c774     inftrees.obj
 0004:00000780       $pdata$call_ztell64        000000018001c780     ioapi.obj
 0004:0000078c       $pdata$fseek_file_func     000000018001c78c     ioapi.obj
 0004:00000798       $pdata$fseek64_file_func   000000018001c798     ioapi.obj
 0004:000007a4       $pdata$win32_build_iowin   000000018001c7a4     iowin32.obj
 0004:000007b0       $pdata$0$win32_build_iowin 000000018001c7b0     iowin32.obj
 0004:000007bc       $pdata$2$win32_build_iowin 000000018001c7bc     iowin32.obj
 0004:000007c8       $pdata$3$win32_build_iowin 000000018001c7c8     iowin32.obj
 0004:000007d4       $pdata$win32_open64_file_func 000000018001c7d4     iowin32.obj
 0004:000007e0       $pdata$win32_open64_file_funcA 000000018001c7e0     iowin32.obj
 0004:000007ec       $pdata$win32_open64_file_funcW 000000018001c7ec     iowin32.obj
 0004:000007f8       $pdata$win32_open_file_func 000000018001c7f8     iowin32.obj
 0004:00000804       $pdata$win32_read_file_func 000000018001c804     iowin32.obj
 0004:00000810       $pdata$win32_write_file_func 000000018001c810     iowin32.obj
 0004:0000081c       $pdata$MySetFilePointerEx  000000018001c81c     iowin32.obj
 0004:00000828       $pdata$win32_tell_file_func 000000018001c828     iowin32.obj
 0004:00000834       $pdata$win32_tell64_file_func 000000018001c834     iowin32.obj
 0004:00000840       $pdata$win32_seek_file_func 000000018001c840     iowin32.obj
 0004:0000084c       $pdata$win32_seek64_file_func 000000018001c84c     iowin32.obj
 0004:00000858       $pdata$win32_close_file_func 000000018001c858     iowin32.obj
 0004:00000864       $pdata$pqdownheap          000000018001c864     trees.obj
 0004:00000870       $pdata$1$pqdownheap        000000018001c870     trees.obj
 0004:0000087c       $pdata$3$pqdownheap        000000018001c87c     trees.obj
 0004:00000888       $pdata$4$pqdownheap        000000018001c888     trees.obj
 0004:00000894       $pdata$gen_bitlen          000000018001c894     trees.obj
 0004:000008a0       $pdata$0$gen_bitlen        000000018001c8a0     trees.obj
 0004:000008ac       $pdata$1$gen_bitlen        000000018001c8ac     trees.obj
 0004:000008b8       $pdata$gen_codes           000000018001c8b8     trees.obj
 0004:000008c4       $pdata$build_tree          000000018001c8c4     trees.obj
 0004:000008d0       $pdata$scan_tree           000000018001c8d0     trees.obj
 0004:000008dc       $pdata$4$scan_tree         000000018001c8dc     trees.obj
 0004:000008e8       $pdata$5$scan_tree         000000018001c8e8     trees.obj
 0004:000008f4       $pdata$send_tree           000000018001c8f4     trees.obj
 0004:00000900       $pdata$6$send_tree         000000018001c900     trees.obj
 0004:0000090c       $pdata$7$send_tree         000000018001c90c     trees.obj
 0004:00000918       $pdata$build_bl_tree       000000018001c918     trees.obj
 0004:00000924       $pdata$send_all_trees      000000018001c924     trees.obj
 0004:00000930       $pdata$_tr_flush_block     000000018001c930     trees.obj
 0004:0000093c       $pdata$compress_block      000000018001c93c     trees.obj
 0004:00000948       $pdata$1$compress_block    000000018001c948     trees.obj
 0004:00000954       $pdata$4$compress_block    000000018001c954     trees.obj
 0004:00000960       $pdata$5$compress_block    000000018001c960     trees.obj
 0004:0000096c       $pdata$6$compress_block    000000018001c96c     trees.obj
 0004:00000978       $pdata$copy_block          000000018001c978     trees.obj
 0004:00000984       $pdata$uncompress          000000018001c984     uncompr.obj
 0004:00000990       $pdata$0$uncompress        000000018001c990     uncompr.obj
 0004:0000099c       $pdata$2$uncompress        000000018001c99c     uncompr.obj
 0004:000009a8       $pdata$4$uncompress        000000018001c9a8     uncompr.obj
 0004:000009b4       $pdata$5$uncompress        000000018001c9b4     uncompr.obj
 0004:000009c0       $pdata$unz64local_getByte  000000018001c9c0     unzip.obj
 0004:000009cc       $pdata$unz64local_getShort 000000018001c9cc     unzip.obj
 0004:000009d8       $pdata$unz64local_getLong  000000018001c9d8     unzip.obj
 0004:000009e4       $pdata$unz64local_getLong64 000000018001c9e4     unzip.obj
 0004:000009f0       $pdata$unz64local_SearchCentralDir 000000018001c9f0     unzip.obj
 0004:000009fc       $pdata$0$unz64local_SearchCentralDir 000000018001c9fc     unzip.obj
 0004:00000a08       $pdata$3$unz64local_SearchCentralDir 000000018001ca08     unzip.obj
 0004:00000a14       $pdata$5$unz64local_SearchCentralDir 000000018001ca14     unzip.obj
 0004:00000a20       $pdata$6$unz64local_SearchCentralDir 000000018001ca20     unzip.obj
 0004:00000a2c       $pdata$unz64local_SearchCentralDir64 000000018001ca2c     unzip.obj
 0004:00000a38       $pdata$2$unz64local_SearchCentralDir64 000000018001ca38     unzip.obj
 0004:00000a44       $pdata$3$unz64local_SearchCentralDir64 000000018001ca44     unzip.obj
 0004:00000a50       $pdata$unzOpenInternal     000000018001ca50     unzip.obj
 0004:00000a5c       $pdata$3$unzOpenInternal   000000018001ca5c     unzip.obj
 0004:00000a68       $pdata$4$unzOpenInternal   000000018001ca68     unzip.obj
 0004:00000a74       $pdata$unzOpen2            000000018001ca74     unzip.obj
 0004:00000a80       $pdata$unzOpen2_64         000000018001ca80     unzip.obj
 0004:00000a8c       $pdata$unzClose            000000018001ca8c     unzip.obj
 0004:00000a98       $pdata$unz64local_GetCurrentFileInfoInternal 000000018001ca98     unzip.obj
 0004:00000aa4       $pdata$unzGetCurrentFileInfo64 000000018001caa4     unzip.obj
 0004:00000ab0       $pdata$unzGetCurrentFileInfo 000000018001cab0     unzip.obj
 0004:00000abc       $pdata$unzGoToFirstFile    000000018001cabc     unzip.obj
 0004:00000ac8       $pdata$unzGoToNextFile     000000018001cac8     unzip.obj
 0004:00000ad4       $pdata$unzLocateFile       000000018001cad4     unzip.obj
 0004:00000ae0       $pdata$3$unzLocateFile     000000018001cae0     unzip.obj
 0004:00000aec       $pdata$5$unzLocateFile     000000018001caec     unzip.obj
 0004:00000af8       $pdata$unzGetFilePos       000000018001caf8     unzip.obj
 0004:00000b04       $pdata$unzGoToFilePos64    000000018001cb04     unzip.obj
 0004:00000b10       $pdata$0$unzGoToFilePos64  000000018001cb10     unzip.obj
 0004:00000b1c       $pdata$1$unzGoToFilePos64  000000018001cb1c     unzip.obj
 0004:00000b28       $pdata$unzGoToFilePos      000000018001cb28     unzip.obj
 0004:00000b34       $pdata$unz64local_CheckCurrentFileCoherencyHeader 000000018001cb34     unzip.obj
 0004:00000b40       $pdata$unzOpenCurrentFile3 000000018001cb40     unzip.obj
 0004:00000b4c       $pdata$0$unzOpenCurrentFile3 000000018001cb4c     unzip.obj
 0004:00000b58       $pdata$1$unzOpenCurrentFile3 000000018001cb58     unzip.obj
 0004:00000b64       $pdata$2$unzOpenCurrentFile3 000000018001cb64     unzip.obj
 0004:00000b70       $pdata$4$unzOpenCurrentFile3 000000018001cb70     unzip.obj
 0004:00000b7c       $pdata$unzOpenCurrentFile  000000018001cb7c     unzip.obj
 0004:00000b88       $pdata$unzOpenCurrentFilePassword 000000018001cb88     unzip.obj
 0004:00000b94       $pdata$unzOpenCurrentFile2 000000018001cb94     unzip.obj
 0004:00000ba0       $pdata$unzReadCurrentFile  000000018001cba0     unzip.obj
 0004:00000bac       $pdata$0$unzReadCurrentFile 000000018001cbac     unzip.obj
 0004:00000bb8       $pdata$2$unzReadCurrentFile 000000018001cbb8     unzip.obj
 0004:00000bc4       $pdata$4$unzReadCurrentFile 000000018001cbc4     unzip.obj
 0004:00000bd0       $pdata$12$unzReadCurrentFile 000000018001cbd0     unzip.obj
 0004:00000bdc       $pdata$14$unzReadCurrentFile 000000018001cbdc     unzip.obj
 0004:00000be8       $pdata$unzGetLocalExtrafield 000000018001cbe8     unzip.obj
 0004:00000bf4       $pdata$0$unzGetLocalExtrafield 000000018001cbf4     unzip.obj
 0004:00000c00       $pdata$2$unzGetLocalExtrafield 000000018001cc00     unzip.obj
 0004:00000c0c       $pdata$4$unzGetLocalExtrafield 000000018001cc0c     unzip.obj
 0004:00000c18       $pdata$6$unzGetLocalExtrafield 000000018001cc18     unzip.obj
 0004:00000c24       $pdata$8$unzGetLocalExtrafield 000000018001cc24     unzip.obj
 0004:00000c30       $pdata$unzCloseCurrentFile 000000018001cc30     unzip.obj
 0004:00000c3c       $pdata$0$unzCloseCurrentFile 000000018001cc3c     unzip.obj
 0004:00000c48       $pdata$2$unzCloseCurrentFile 000000018001cc48     unzip.obj
 0004:00000c54       $pdata$unzGetGlobalComment 000000018001cc54     unzip.obj
 0004:00000c60       $pdata$update_keys         000000018001cc60     zip.obj
 0004:00000c6c       $pdata$init_keys           000000018001cc6c     zip.obj
 0004:00000c78       $pdata$crypthead           000000018001cc78     zip.obj
 0004:00000c84       $pdata$allocate_new_datablock 000000018001cc84     zip.obj
 0004:00000c90       $pdata$free_datablock      000000018001cc90     zip.obj
 0004:00000c9c       $pdata$0$free_datablock    000000018001cc9c     zip.obj
 0004:00000ca8       $pdata$1$free_datablock    000000018001cca8     zip.obj
 0004:00000cb4       $pdata$free_linkedlist     000000018001ccb4     zip.obj
 0004:00000cc0       $pdata$add_data_in_datablock 000000018001ccc0     zip.obj
 0004:00000ccc       $pdata$0$add_data_in_datablock 000000018001cccc     zip.obj
 0004:00000cd8       $pdata$2$add_data_in_datablock 000000018001ccd8     zip.obj
 0004:00000ce4       $pdata$zip64local_putValue 000000018001cce4     zip.obj
 0004:00000cf0       $pdata$0$zip64local_putValue 000000018001ccf0     zip.obj
 0004:00000cfc       $pdata$1$zip64local_putValue 000000018001ccfc     zip.obj
 0004:00000d08       $pdata$zip64local_putValue_inmemory 000000018001cd08     zip.obj
 0004:00000d14       $pdata$zip64local_getByte  000000018001cd14     zip.obj
 0004:00000d20       $pdata$zip64local_getShort 000000018001cd20     zip.obj
 0004:00000d2c       $pdata$zip64local_getLong  000000018001cd2c     zip.obj
 0004:00000d38       $pdata$zip64local_getLong64 000000018001cd38     zip.obj
 0004:00000d44       $pdata$zip64local_SearchCentralDir 000000018001cd44     zip.obj
 0004:00000d50       $pdata$0$zip64local_SearchCentralDir 000000018001cd50     zip.obj
 0004:00000d5c       $pdata$3$zip64local_SearchCentralDir 000000018001cd5c     zip.obj
 0004:00000d68       $pdata$5$zip64local_SearchCentralDir 000000018001cd68     zip.obj
 0004:00000d74       $pdata$6$zip64local_SearchCentralDir 000000018001cd74     zip.obj
 0004:00000d80       $pdata$zip64local_SearchCentralDir64 000000018001cd80     zip.obj
 0004:00000d8c       $pdata$2$zip64local_SearchCentralDir64 000000018001cd8c     zip.obj
 0004:00000d98       $pdata$3$zip64local_SearchCentralDir64 000000018001cd98     zip.obj
 0004:00000da4       $pdata$LoadCentralDirectoryRecord 000000018001cda4     zip.obj
 0004:00000db0       $pdata$zipOpen3            000000018001cdb0     zip.obj
 0004:00000dbc       $pdata$zipOpen2            000000018001cdbc     zip.obj
 0004:00000dc8       $pdata$zipOpen2_64         000000018001cdc8     zip.obj
 0004:00000dd4       $pdata$Write_LocalFileHeader 000000018001cdd4     zip.obj
 0004:00000de0       $pdata$zipOpenNewFileInZip4_64 000000018001cde0     zip.obj
 0004:00000dec       $pdata$0$zipOpenNewFileInZip4_64 000000018001cdec     zip.obj
 0004:00000df8       $pdata$2$zipOpenNewFileInZip4_64 000000018001cdf8     zip.obj
 0004:00000e04       $pdata$6$zipOpenNewFileInZip4_64 000000018001ce04     zip.obj
 0004:00000e10       $pdata$7$zipOpenNewFileInZip4_64 000000018001ce10     zip.obj
 0004:00000e1c       $pdata$zipOpenNewFileInZip3 000000018001ce1c     zip.obj
 0004:00000e28       $pdata$zipOpenNewFileInZip3_64 000000018001ce28     zip.obj
 0004:00000e34       $pdata$zipOpenNewFileInZip2 000000018001ce34     zip.obj
 0004:00000e40       $pdata$zipOpenNewFileInZip2_64 000000018001ce40     zip.obj
 0004:00000e4c       $pdata$zipOpenNewFileInZip64 000000018001ce4c     zip.obj
 0004:00000e58       $pdata$zipOpenNewFileInZip 000000018001ce58     zip.obj
 0004:00000e64       $pdata$zip64FlushWriteBuffer 000000018001ce64     zip.obj
 0004:00000e70       $pdata$0$zip64FlushWriteBuffer 000000018001ce70     zip.obj
 0004:00000e7c       $pdata$2$zip64FlushWriteBuffer 000000018001ce7c     zip.obj
 0004:00000e88       $pdata$3$zip64FlushWriteBuffer 000000018001ce88     zip.obj
 0004:00000e94       $pdata$4$zip64FlushWriteBuffer 000000018001ce94     zip.obj
 0004:00000ea0       $pdata$zipWriteInFileInZip 000000018001cea0     zip.obj
 0004:00000eac       $pdata$0$zipWriteInFileInZip 000000018001ceac     zip.obj
 0004:00000eb8       $pdata$1$zipWriteInFileInZip 000000018001ceb8     zip.obj
 0004:00000ec4       $pdata$2$zipWriteInFileInZip 000000018001cec4     zip.obj
 0004:00000ed0       $pdata$zipCloseFileInZipRaw64 000000018001ced0     zip.obj
 0004:00000edc       $pdata$Write_Zip64EndOfCentralDirectoryLocator 000000018001cedc     zip.obj
 0004:00000ee8       $pdata$Write_Zip64EndOfCentralDirectoryRecord 000000018001cee8     zip.obj
 0004:00000ef4       $pdata$Write_EndOfCentralDirectoryRecord 000000018001cef4     zip.obj
 0004:00000f00       $pdata$Write_GlobalComment 000000018001cf00     zip.obj
 0004:00000f0c       $pdata$zipClose            000000018001cf0c     zip.obj
 0004:00000f18       $pdata$0$zipClose          000000018001cf18     zip.obj
 0004:00000f24       $pdata$1$zipClose          000000018001cf24     zip.obj
 0004:00000f30       $pdata$2$zipClose          000000018001cf30     zip.obj
 0004:00000f3c       $pdata$3$zipClose          000000018001cf3c     zip.obj
 0004:00000f48       $pdata$4$zipClose          000000018001cf48     zip.obj
 0004:00000f54       $pdata$5$zipClose          000000018001cf54     zip.obj
 0004:00000f60       $pdata$?dllmain_crt_dispatch@@YAHQEAUHINSTANCE__@@KQEAX@Z 000000018001cf60     MSVCRT:dll_dllmain.obj
 0004:00000f6c       $pdata$?dllmain_crt_process_attach@@YAHQEAUHINSTANCE__@@QEAX@Z 000000018001cf6c     MSVCRT:dll_dllmain.obj
 0004:00000f78       $pdata$?dllmain_crt_process_detach@@YAH_N@Z 000000018001cf78     MSVCRT:dll_dllmain.obj
 0004:00000f84       $pdata$?dllmain_dispatch@@YAHQEAUHINSTANCE__@@KQEAX@Z 000000018001cf84     MSVCRT:dll_dllmain.obj
 0004:00000f90       $pdata$?dllmain_raw@@YAHQEAUHINSTANCE__@@KQEAX@Z 000000018001cf90     MSVCRT:dll_dllmain.obj
 0004:00000f9c       $pdata$_DllMainCRTStartup  000000018001cf9c     MSVCRT:dll_dllmain.obj
 0004:00000fa8       $pdata$?configure_argv@__scrt_narrow_argv_policy@@SAHXZ 000000018001cfa8     MSVCRT:utility.obj
 0004:00000fb4       $pdata$__scrt_acquire_startup_lock 000000018001cfb4     MSVCRT:utility.obj
 0004:00000fc0       $pdata$__scrt_dllmain_after_initialize_c 000000018001cfc0     MSVCRT:utility.obj
 0004:00000fcc       $pdata$__scrt_dllmain_before_initialize_c 000000018001cfcc     MSVCRT:utility.obj
 0004:00000fd8       $pdata$__scrt_dllmain_crt_thread_attach 000000018001cfd8     MSVCRT:utility.obj
 0004:00000fe4       $pdata$__scrt_dllmain_crt_thread_detach 000000018001cfe4     MSVCRT:utility.obj
 0004:00000ff0       $pdata$__scrt_dllmain_exception_filter 000000018001cff0     MSVCRT:utility.obj
 0004:00000ffc       $pdata$__scrt_dllmain_uninitialize_c 000000018001cffc     MSVCRT:utility.obj
 0004:00001008       $pdata$__scrt_dllmain_uninitialize_critical 000000018001d008     MSVCRT:utility.obj
 0004:00001014       $pdata$__scrt_initialize_crt 000000018001d014     MSVCRT:utility.obj
 0004:00001020       $pdata$__scrt_initialize_onexit_tables 000000018001d020     MSVCRT:utility.obj
 0004:0000102c       $pdata$__scrt_is_nonwritable_in_current_image 000000018001d02c     MSVCRT:utility.obj
 0004:00001038       $pdata$__scrt_release_startup_lock 000000018001d038     MSVCRT:utility.obj
 0004:00001044       $pdata$__scrt_uninitialize_crt 000000018001d044     MSVCRT:utility.obj
 0004:00001050       $pdata$_onexit             000000018001d050     MSVCRT:utility.obj
 0004:0000105c       $pdata$atexit              000000018001d05c     MSVCRT:utility.obj
 0004:00001068       $pdata$__security_init_cookie 000000018001d068     MSVCRT:gs_support.obj
 0004:00001074       $pdata$DllMain             000000018001d074     MSVCRT:dll_dllmain_stub.obj
 0004:00001080       $pdata$__scrt_initialize_default_local_stdio_options 000000018001d080     MSVCRT:default_local_stdio_options.obj
 0004:0000108c       $pdata$__scrt_fastfail     000000018001d08c     MSVCRT:utility_desktop.obj
 0004:00001098       $pdata$__scrt_get_show_window_mode 000000018001d098     MSVCRT:utility_desktop.obj
 0004:000010a4       $pdata$__scrt_is_managed_app 000000018001d0a4     MSVCRT:utility_desktop.obj
 0004:000010b0       $pdata$__scrt_unhandled_exception_filter 000000018001d0b0     MSVCRT:utility_desktop.obj
 0004:000010bc       $pdata$_RTC_Initialize     000000018001d0bc     MSVCRT:_initsect_.obj
 0004:000010c8       $pdata$_RTC_Terminate      000000018001d0c8     MSVCRT:_initsect_.obj
 0004:000010d4       $pdata$__isa_available_init 000000018001d0d4     MSVCRT:_cpu_disp_.obj
 0004:000010f8       $pdata$?fin$0@?0??dllmain_crt_process_attach@@YAHQEAUHINSTANCE__@@QEAX@Z@4HA 000000018001d0f8     MSVCRT:dll_dllmain.obj
 0004:00001104       $pdata$?fin$0@?0??dllmain_crt_process_detach@@YAH_N@Z@4HA 000000018001d104     MSVCRT:dll_dllmain.obj
 0004:00001110       $pdata$?filt$0@?0??dllmain_dispatch@@YAHQEAUHINSTANCE__@@KQEAX@Z@4HA 000000018001d110     MSVCRT:dll_dllmain.obj
 0004:0000111c       $pdata$__scrt_is_nonwritable_in_current_image$filt$0 000000018001d11c     MSVCRT:utility.obj
 0005:00000000       __guard_fids_?dllmain_crt_process_attach@@YAHQEAUHINSTANCE__@@QEAX@Z 000000018001e000     MSVCRT:dll_dllmain.obj
 0005:00000008       __guard_fids_?dllmain_dispatch@@YAHQEAUHINSTANCE__@@KQEAX@Z 000000018001e008     MSVCRT:dll_dllmain.obj
 0005:0000000c       __guard_fids___scrt_set_unhandled_exception_filter 000000018001e00c     MSVCRT:utility_desktop.obj
 0005:00000010       __guard_fids__             000000018001e010     MSVCRT:guard_support.obj
 0005:00000014       __guard_fids__guard_icall_checks_enforced 000000018001e014     MSVCRT:guard_support.obj
 0006:00000060       $R000000                   000000018001f060     zlib.res
