 zlib1

 Timestamp is 56714cb2 (Wed Dec 16 13:36:18 2015)

 Preferred load address is 10000000

 Start         Length     Name                   Class
 0001:00000000 0000f248H .text$mn                CODE
 0002:00000000 000000ecH .idata$5                DATA
 0002:000000ec 00000004H .CRT$XCA                DATA
 0002:000000f0 00000004H .CRT$XCZ                DATA
 0002:000000f4 00000004H .CRT$XIA                DATA
 0002:000000f8 00000004H .CRT$XIAA               DATA
 0002:000000fc 00000004H .CRT$XIC                DATA
 0002:00000100 00000004H .CRT$XIZ                DATA
 0002:00000110 00004198H .rdata                  DATA
 0002:000042b0 00000004H .rdata$sxdata           DATA
 0002:000042b4 00000004H .rtc$IAA                DATA
 0002:000042b8 00000004H .rtc$IZZ                DATA
 0002:000042bc 00000004H .rtc$TAA                DATA
 0002:000042c0 00000004H .rtc$TZZ                DATA
 0002:000042c8 00000064H .xdata$x                DATA
 0002:00004330 00000c41H .edata                  DATA
 0002:00004f74 00000028H .idata$2                DATA
 0002:00004f9c 00000014H .idata$3                DATA
 0002:00004fb0 000000ecH .idata$4                DATA
 0002:0000509c 00000358H .idata$6                DATA
 0003:00000000 00000050H .data                   DATA
 0003:00000050 00000348H .bss                    DATA
 0004:00000000 00000058H .rsrc$01                DATA
 0004:00000060 00000338H .rsrc$02                DATA

  Address         Publics by Value              Rva+Base       Lib:Object

 0000:00000000       ___guard_fids_count        00000000     <absolute>
 0000:00000000       ___guard_fids_table        00000000     <absolute>
 0000:00000000       ___guard_flags             00000000     <absolute>
 0000:00000001       ___safe_se_handler_count   00000001     <absolute>
 0000:00000000       ___ImageBase               10000000     <linker-defined>
 0001:00000000       _adler32                   10001000 f   adler32.obj
 0001:00000330       _adler32_combine           10001330 f   adler32.obj
 0001:00000350       _compress2                 10001350 f   compress.obj
 0001:00000400       _compress                  10001400 f   compress.obj
 0001:00000420       _compressBound             10001420 f   compress.obj
 0001:00000440       _get_crc_table             10001440 f   crc32.obj
 0001:00000450       _crc32                     10001450 f   crc32.obj
 0001:00000880       _crc32_combine             10001880 f   crc32.obj
 0001:000008a0       _deflateInit_              100018a0 f   deflate.obj
 0001:000008d0       _deflateInit2_             100018d0 f   deflate.obj
 0001:00000b00       _deflateSetDictionary      10001b00 f   deflate.obj
 0001:00000ca0       _deflateResetKeep          10001ca0 f   deflate.obj
 0001:00000d50       _deflateReset              10001d50 f   deflate.obj
 0001:00000d80       _deflateSetHeader          10001d80 f   deflate.obj
 0001:00000db0       _deflatePending            10001db0 f   deflate.obj
 0001:00000df0       _deflatePrime              10001df0 f   deflate.obj
 0001:00000e80       _deflateParams             10001e80 f   deflate.obj
 0001:00000f80       _deflateTune               10001f80 f   deflate.obj
 0001:00000fc0       _deflateBound              10001fc0 f   deflate.obj
 0001:00001130       _deflate                   10002130 f   deflate.obj
 0001:000019a0       _deflateEnd                100029a0 f   deflate.obj
 0001:00001a70       _deflateCopy               10002a70 f   deflate.obj
 0001:00002d40       _gzclose                   10003d40 f   gzclose.obj
 0001:000030d0       _gzopen                    100040d0 f   gzlib.obj
 0001:000030f0       _gzdopen                   100040f0 f   gzlib.obj
 0001:00003150       _gzopen_w                  10004150 f   gzlib.obj
 0001:00003170       _gzbuffer                  10004170 f   gzlib.obj
 0001:000031b0       _gzrewind                  100041b0 f   gzlib.obj
 0001:00003210       _gzseek64                  10004210 f   gzlib.obj
 0001:000033a0       _gzseek                    100043a0 f   gzlib.obj
 0001:000033e0       _gztell64                  100043e0 f   gzlib.obj
 0001:00003440       _gztell                    10004440 f   gzlib.obj
 0001:00003470       _gzoffset64                10004470 f   gzlib.obj
 0001:000034c0       _gzoffset                  100044c0 f   gzlib.obj
 0001:000034f0       _gzeof                     100044f0 f   gzlib.obj
 0001:00003520       _gzerror                   10004520 f   gzlib.obj
 0001:00003570       _gzclearerr                10004570 f   gzlib.obj
 0001:000035c0       _gz_error                  100045c0 f   gzlib.obj
 0001:00003b40       _gzread                    10004b40 f   gzread.obj
 0001:00003c90       _gzgetc                    10004c90 f   gzread.obj
 0001:00003cf0       _gzgetc_                   10004cf0 f   gzread.obj
 0001:00003d00       _gzungetc                  10004d00 f   gzread.obj
 0001:00003dd0       _gzgets                    10004dd0 f   gzread.obj
 0001:00003ee0       _gzdirect                  10004ee0 f   gzread.obj
 0001:00003f20       _gzclose_r                 10004f20 f   gzread.obj
 0001:000042a0       _gzwrite                   100052a0 f   gzwrite.obj
 0001:000043c0       _gzputc                    100053c0 f   gzwrite.obj
 0001:00004470       _gzputs                    10005470 f   gzwrite.obj
 0001:000044b0       _gzvprintf                 100054b0 f   gzwrite.obj
 0001:00004570       _gzprintf                  10005570 f   gzwrite.obj
 0001:00004590       _gzflush                   10005590 f   gzwrite.obj
 0001:000045f0       _gzsetparams               100055f0 f   gzwrite.obj
 0001:000046a0       _gzclose_w                 100056a0 f   gzwrite.obj
 0001:00004750       _inflateBackInit_          10005750 f   infback.obj
 0001:00004840       _inflateBack               10005840 f   infback.obj
 0001:00005650       _inflateBackEnd            10006650 f   infback.obj
 0001:00005690       _inflate_fast              10006690 f   inffast.obj
 0001:00005ac0       _inflateResetKeep          10006ac0 f   inflate.obj
 0001:00005b60       _inflateReset              10006b60 f   inflate.obj
 0001:00005ba0       _inflateReset2             10006ba0 f   inflate.obj
 0001:00005c30       _inflateInit2_             10006c30 f   inflate.obj
 0001:00005cf0       _inflateInit_              10006cf0 f   inflate.obj
 0001:00005d10       _inflatePrime              10006d10 f   inflate.obj
 0001:00005ea0       _inflate                   10006ea0 f   inflate.obj
 0001:00007590       _inflateEnd                10008590 f   inflate.obj
 0001:000075e0       _inflateGetDictionary      100085e0 f   inflate.obj
 0001:00007650       _inflateSetDictionary      10008650 f   inflate.obj
 0001:000076f0       _inflateGetHeader          100086f0 f   inflate.obj
 0001:000077a0       _inflateSync               100087a0 f   inflate.obj
 0001:00007880       _inflateSyncPoint          10008880 f   inflate.obj
 0001:000078b0       _inflateCopy               100088b0 f   inflate.obj
 0001:00007a20       _inflateUndermine          10008a20 f   inflate.obj
 0001:00007a50       _inflateMark               10008a50 f   inflate.obj
 0001:00007ab0       _inflate_table             10008ab0 f   inftrees.obj
 0001:00007e90       _call_zopen64              10008e90 f   ioapi.obj
 0001:00007eb0       _call_zseek64              10008eb0 f   ioapi.obj
 0001:00007f10       _call_ztell64              10008f10 f   ioapi.obj
 0001:00007f40       _fill_zlib_filefunc64_32_def_from_filefunc32 10008f40 f   ioapi.obj
 0001:000080d0       _fill_fopen64_filefunc     100090d0 f   ioapi.obj
 0001:000081c0       _win32_open64_file_func    100091c0 f   iowin32.obj
 0001:000081c0       _win32_open_file_func      100091c0 f   iowin32.obj
 0001:000081c0       _win32_open64_file_funcA   100091c0 f   iowin32.obj
 0001:00008220       _win32_open64_file_funcW   10009220 f   iowin32.obj
 0001:00008280       _win32_read_file_func      10009280 f   iowin32.obj
 0001:000082d0       _win32_write_file_func     100092d0 f   iowin32.obj
 0001:00008380       _win32_tell_file_func      10009380 f   iowin32.obj
 0001:000083d0       _win32_tell64_file_func    100093d0 f   iowin32.obj
 0001:00008430       _win32_seek_file_func      10009430 f   iowin32.obj
 0001:00008490       _win32_seek64_file_func    10009490 f   iowin32.obj
 0001:000084f0       _win32_close_file_func     100094f0 f   iowin32.obj
 0001:00008520       _win32_error_file_func     10009520 f   iowin32.obj
 0001:00008540       _fill_win32_filefunc       10009540 f   iowin32.obj
 0001:00008580       _fill_win32_filefunc64A    10009580 f   iowin32.obj
 0001:00008580       _fill_win32_filefunc64     10009580 f   iowin32.obj
 0001:000085c0       _fill_win32_filefunc64W    100095c0 f   iowin32.obj
 0001:00008600       __tr_init                  10009600 f   trees.obj
 0001:00009590       __tr_stored_block          1000a590 f   trees.obj
 0001:00009640       __tr_flush_bits            1000a640 f   trees.obj
 0001:00009650       __tr_align                 1000a650 f   trees.obj
 0001:00009740       __tr_flush_block           1000a740 f   trees.obj
 0001:00009f30       _uncompress                1000af30 f   uncompr.obj
 0001:0000a320       _unzStringFileNameCompare  1000b320 f   unzip.obj
 0001:0000abe0       _unzOpen2                  1000bbe0 f   unzip.obj
 0001:0000ac20       _unzOpen2_64               1000bc20 f   unzip.obj
 0001:0000ac80       _unzOpen                   1000bc80 f   unzip.obj
 0001:0000aca0       _unzOpen64                 1000bca0 f   unzip.obj
 0001:0000acc0       _unzClose                  1000bcc0 f   unzip.obj
 0001:0000ad00       _unzGetGlobalInfo64        1000bd00 f   unzip.obj
 0001:0000ad30       _unzGetGlobalInfo          1000bd30 f   unzip.obj
 0001:0000b3b0       _unzGetCurrentFileInfo64   1000c3b0 f   unzip.obj
 0001:0000b3e0       _unzGetCurrentFileInfo     1000c3e0 f   unzip.obj
 0001:0000b4a0       _unzGoToFirstFile          1000c4a0 f   unzip.obj
 0001:0000b510       _unzGoToNextFile           1000c510 f   unzip.obj
 0001:0000b5c0       _unzLocateFile             1000c5c0 f   unzip.obj
 0001:0000b780       _unzGetFilePos64           1000c780 f   unzip.obj
 0001:0000b7d0       _unzGetFilePos             1000c7d0 f   unzip.obj
 0001:0000b800       _unzGoToFilePos64          1000c800 f   unzip.obj
 0001:0000b870       _unzGoToFilePos            1000c870 f   unzip.obj
 0001:0000bb10       _unzOpenCurrentFile3       1000cb10 f   unzip.obj
 0001:0000bd80       _unzOpenCurrentFile        1000cd80 f   unzip.obj
 0001:0000bda0       _unzOpenCurrentFilePassword 1000cda0 f   unzip.obj
 0001:0000bdc0       _unzOpenCurrentFile2       1000cdc0 f   unzip.obj
 0001:0000bde0       _unzGetCurrentFileZStreamPos64 1000cde0 f   unzip.obj
 0001:0000be10       _unzReadCurrentFile        1000ce10 f   unzip.obj
 0001:0000c0c0       _unztell                   1000d0c0 f   unzip.obj
 0001:0000c0e0       _unztell64                 1000d0e0 f   unzip.obj
 0001:0000c110       _unzeof                    1000d110 f   unzip.obj
 0001:0000c150       _unzGetLocalExtrafield     1000d150 f   unzip.obj
 0001:0000c210       _unzCloseCurrentFile       1000d210 f   unzip.obj
 0001:0000c2b0       _unzGetGlobalComment       1000d2b0 f   unzip.obj
 0001:0000cca0       _LoadCentralDirectoryRecord 1000dca0 f   zip.obj
 0001:0000d150       _zipOpen3                  1000e150 f   zip.obj
 0001:0000d2c0       _zipOpen2                  1000e2c0 f   zip.obj
 0001:0000d300       _zipOpen2_64               1000e300 f   zip.obj
 0001:0000d360       _zipOpen64                 1000e360 f   zip.obj
 0001:0000d360       _zipOpen                   1000e360 f   zip.obj
 0001:0000d380       _Write_LocalFileHeader     1000e380 f   zip.obj
 0001:0000d590       _zipOpenNewFileInZip4_64   1000e590 f   zip.obj
 0001:0000da70       _zipOpenNewFileInZip3      1000ea70 f   zip.obj
 0001:0000dac0       _zipOpenNewFileInZip3_64   1000eac0 f   zip.obj
 0001:0000db10       _zipOpenNewFileInZip2      1000eb10 f   zip.obj
 0001:0000db50       _zipOpenNewFileInZip2_64   1000eb50 f   zip.obj
 0001:0000db90       _zipOpenNewFileInZip64     1000eb90 f   zip.obj
 0001:0000dbd0       _zipOpenNewFileInZip       1000ebd0 f   zip.obj
 0001:0000dcd0       _zipWriteInFileInZip       1000ecd0 f   zip.obj
 0001:0000ddd0       _zipCloseFileInZipRaw      1000edd0 f   zip.obj
 0001:0000ddf0       _zipCloseFileInZipRaw64    1000edf0 f   zip.obj
 0001:0000e2e0       _zipCloseFileInZip         1000f2e0 f   zip.obj
 0001:0000e300       _Write_Zip64EndOfCentralDirectoryLocator 1000f300 f   zip.obj
 0001:0000e380       _Write_Zip64EndOfCentralDirectoryRecord 1000f380 f   zip.obj
 0001:0000e4a0       _Write_EndOfCentralDirectoryRecord 1000f4a0 f   zip.obj
 0001:0000e5e0       _Write_GlobalComment       1000f5e0 f   zip.obj
 0001:0000e650       _zipClose                  1000f650 f   zip.obj
 0001:0000e7e0       _zlibVersion               1000f7e0 f   zutil.obj
 0001:0000e7f0       _zlibCompileFlags          1000f7f0 f   zutil.obj
 0001:0000e800       _zError                    1000f800 f   zutil.obj
 0001:0000e820       _zcalloc                   1000f820 f   zutil.obj
 0001:0000e840       _zcfree                    1000f840 f   zutil.obj
 0001:0000e89d       __CRT_INIT@12              1000f89d f   MSVCRT:crtdll.obj
 0001:0000ea94       __DllMainCRTStartup@12     1000fa94 f   MSVCRT:crtdll.obj
 0001:0000ebea       ___CppXcptFilter           1000fbea f   MSVCRT:MSVCR120.dll
 0001:0000ebf0       __amsg_exit                1000fbf0 f   MSVCRT:MSVCR120.dll
 0001:0000ec00       __FindPESection            1000fc00 f   MSVCRT:pesect.obj
 0001:0000ec50       __IsNonwritableInCurrentImage 1000fc50 f   MSVCRT:pesect.obj
 0001:0000ed10       __ValidateImageBase        1000fd10 f   MSVCRT:pesect.obj
 0001:0000ed41       ___atonexitinit            1000fd41 f   MSVCRT:atonexit.obj
 0001:0000ed7d       __onexit                   1000fd7d f   MSVCRT:atonexit.obj
 0001:0000ee26       _atexit                    1000fe26 f   MSVCRT:atonexit.obj
 0001:0000ee3b       ___security_init_cookie    1000fe3b f   MSVCRT:gs_support.obj
 0001:0000eed7       _DllMain@12                1000fed7 f   MSVCRT:dllmain.obj
 0001:0000eef9       __RTC_Initialize           1000fef9 f   MSVCRT:initsect.obj
 0001:0000ef19       __RTC_Terminate            1000ff19 f   MSVCRT:initsect.obj
 0001:0000ef3a       __initterm                 1000ff3a f   MSVCRT:MSVCR120.dll
 0001:0000ef40       __initterm_e               1000ff40 f   MSVCRT:MSVCR120.dll
 0001:0000ef46       ___clean_type_info_names   1000ff46 f   MSVCRT:tncleanup.obj
 0001:0000ef60       __SEH_prolog4              1000ff60 f   MSVCRT:sehprolg4.obj
 0001:0000efa5       __SEH_epilog4              1000ffa5 f   MSVCRT:sehprolg4.obj
 0001:0000efb9       __except_handler4          1000ffb9 f   MSVCRT:chandler4gs.obj
 0001:0000efdc       __lock                     1000ffdc f   MSVCRT:MSVCR120.dll
 0001:0000efe2       __unlock                   1000ffe2 f   MSVCRT:MSVCR120.dll
 0001:0000efe8       ___dllonexit               1000ffe8 f   MSVCRT:MSVCR120.dll
 0001:0000efee       ___clean_type_info_names_internal 1000ffee f   MSVCRT:MSVCR120.dll
 0001:0000eff4       @__security_check_cookie@4 1000fff4 f   MSVCRT:secchk.obj
 0001:0000f004       __except_handler4_common   10010004 f   MSVCRT:MSVCR120.dll
 0001:0000f00a       ___raise_securityfailure   1001000a f   MSVCRT:gs_report.obj
 0001:0000f047       ___report_gsfailure        10010047 f   MSVCRT:gs_report.obj
 0001:0000f142       __crt_debugger_hook        10010142 f   MSVCRT:MSVCR120.dll
 0001:0000f148       ___crtUnhandledException   10010148 f   MSVCRT:MSVCR120.dll
 0001:0000f14e       ___crtTerminateProcess     1001014e f   MSVCRT:MSVCR120.dll
 0001:0000f154       _IsProcessorFeaturePresent@4 10010154 f   kernel32:KERNEL32.dll
 0001:0000f160       __alldiv                   10010160 f   MSVCRT:lldiv.obj
 0001:0000f210       __alloca_probe             10010210 f   MSVCRT:chkstk.obj
 0001:0000f210       __chkstk                   10010210 f   MSVCRT:chkstk.obj
 0001:0000f23c       _memcpy                    1001023c f   MSVCRT:MSVCR120.dll
 0001:0000f242       _memset                    10010242 f   MSVCRT:MSVCR120.dll
 0002:00000000       __imp__CreateFileA@28      10011000     kernel32:KERNEL32.dll
 0002:00000004       __imp__SetFilePointer@16   10011004     kernel32:KERNEL32.dll
 0002:00000008       __imp__WriteFile@20        10011008     kernel32:KERNEL32.dll
 0002:0000000c       __imp__ReadFile@20         1001100c     kernel32:KERNEL32.dll
 0002:00000010       __imp__CreateFileW@28      10011010     kernel32:KERNEL32.dll
 0002:00000014       __imp__GetLastError@0      10011014     kernel32:KERNEL32.dll
 0002:00000018       __imp__CloseHandle@4       10011018     kernel32:KERNEL32.dll
 0002:0000001c       __imp__IsDebuggerPresent@0 1001101c     kernel32:KERNEL32.dll
 0002:00000020       __imp__DisableThreadLibraryCalls@4 10011020     kernel32:KERNEL32.dll
 0002:00000024       __imp__GetSystemTimeAsFileTime@4 10011024     kernel32:KERNEL32.dll
 0002:00000028       __imp__GetCurrentThreadId@0 10011028     kernel32:KERNEL32.dll
 0002:0000002c       __imp__GetCurrentProcessId@0 1001102c     kernel32:KERNEL32.dll
 0002:00000030       __imp__QueryPerformanceCounter@4 10011030     kernel32:KERNEL32.dll
 0002:00000034       __imp__DecodePointer@4     10011034     kernel32:KERNEL32.dll
 0002:00000038       __imp__EncodePointer@4     10011038     kernel32:KERNEL32.dll
 0002:0000003c       __imp__IsProcessorFeaturePresent@4 1001103c     kernel32:KERNEL32.dll
 0002:00000040       \177KERNEL32_NULL_THUNK_DATA 10011040     kernel32:KERNEL32.dll
 0002:00000044       __imp___ftelli64           10011044     MSVCRT:MSVCR120.dll
 0002:00000048       __imp___fseeki64           10011048     MSVCRT:MSVCR120.dll
 0002:0000004c       __imp__fopen               1001104c     MSVCRT:MSVCR120.dll
 0002:00000050       __imp__fread               10011050     MSVCRT:MSVCR120.dll
 0002:00000054       __imp__ferror              10011054     MSVCRT:MSVCR120.dll
 0002:00000058       __imp__fwrite              10011058     MSVCRT:MSVCR120.dll
 0002:0000005c       __imp__fclose              1001105c     MSVCRT:MSVCR120.dll
 0002:00000060       __imp__rand                10011060     MSVCRT:MSVCR120.dll
 0002:00000064       __imp___errno              10011064     MSVCRT:MSVCR120.dll
 0002:00000068       __imp___time64             10011068     MSVCRT:MSVCR120.dll
 0002:0000006c       __imp___vsnprintf          1001106c     MSVCRT:MSVCR120.dll
 0002:0000006c       __imp__vsnprintf           1001106c     MSVCRT:MSVCR120.dll
 0002:00000070       __imp____CppXcptFilter     10011070     MSVCRT:MSVCR120.dll
 0002:00000074       __imp___amsg_exit          10011074     MSVCRT:MSVCR120.dll
 0002:00000078       __imp___malloc_crt         10011078     MSVCRT:MSVCR120.dll
 0002:0000007c       __imp___initterm           1001107c     MSVCRT:MSVCR120.dll
 0002:00000080       __imp___initterm_e         10011080     MSVCRT:MSVCR120.dll
 0002:00000084       __imp___lock               10011084     MSVCRT:MSVCR120.dll
 0002:00000088       __imp___unlock             10011088     MSVCRT:MSVCR120.dll
 0002:0000008c       __imp___calloc_crt         1001108c     MSVCRT:MSVCR120.dll
 0002:00000090       __imp____dllonexit         10011090     MSVCRT:MSVCR120.dll
 0002:00000094       __imp___onexit             10011094     MSVCRT:MSVCR120.dll
 0002:00000098       __imp____clean_type_info_names_internal 10011098     MSVCRT:MSVCR120.dll
 0002:0000009c       __imp___except_handler4_common 1001109c     MSVCRT:MSVCR120.dll
 0002:000000a0       __imp___crt_debugger_hook  100110a0     MSVCRT:MSVCR120.dll
 0002:000000a4       __imp____crtUnhandledException 100110a4     MSVCRT:MSVCR120.dll
 0002:000000a8       __imp____crtTerminateProcess 100110a8     MSVCRT:MSVCR120.dll
 0002:000000ac       __imp__memchr              100110ac     MSVCRT:MSVCR120.dll
 0002:000000b0       __imp__strerror            100110b0     MSVCRT:MSVCR120.dll
 0002:000000b4       __imp__wcstombs            100110b4     MSVCRT:MSVCR120.dll
 0002:000000b8       __imp___snprintf           100110b8     MSVCRT:MSVCR120.dll
 0002:000000bc       __imp__malloc              100110bc     MSVCRT:MSVCR120.dll
 0002:000000c0       __imp__free                100110c0     MSVCRT:MSVCR120.dll
 0002:000000c4       __imp___wopen              100110c4     MSVCRT:MSVCR120.dll
 0002:000000c8       __imp___lseeki64           100110c8     MSVCRT:MSVCR120.dll
 0002:000000cc       __imp__srand               100110cc     MSVCRT:MSVCR120.dll
 0002:000000d0       __imp__open                100110d0     MSVCRT:MSVCR120.dll
 0002:000000d0       __imp___open               100110d0     MSVCRT:MSVCR120.dll
 0002:000000d4       __imp__read                100110d4     MSVCRT:MSVCR120.dll
 0002:000000d4       __imp___read               100110d4     MSVCRT:MSVCR120.dll
 0002:000000d8       __imp__close               100110d8     MSVCRT:MSVCR120.dll
 0002:000000d8       __imp___close              100110d8     MSVCRT:MSVCR120.dll
 0002:000000dc       __imp__write               100110dc     MSVCRT:MSVCR120.dll
 0002:000000dc       __imp___write              100110dc     MSVCRT:MSVCR120.dll
 0002:000000e0       __imp__memcpy              100110e0     MSVCRT:MSVCR120.dll
 0002:000000e4       __imp__memset              100110e4     MSVCRT:MSVCR120.dll
 0002:000000e8       \177MSVCR120_NULL_THUNK_DATA 100110e8     MSVCRT:MSVCR120.dll
 0002:000000ec       ___xc_a                    100110ec     MSVCRT:cinitexe.obj
 0002:000000f0       ___xc_z                    100110f0     MSVCRT:cinitexe.obj
 0002:000000f4       ___xi_a                    100110f4     MSVCRT:cinitexe.obj
 0002:00000100       ___xi_z                    10011100     MSVCRT:cinitexe.obj
 0002:00000110       __pRawDllMain              10011110     MSVCRT:crtdll.obj
 0002:00000110       __pDefaultRawDllMain       10011110     MSVCRT:crtdll.obj
 0002:0000011c       ??_C@_05IAIEPMAK@1?42?48?$AA@ 1001111c     compress.obj
 0002:00003410       __dist_code                10014410     trees.obj
 0002:00003610       __length_code              10014610     trees.obj
 0002:00003e78       _unz_copyright             10014e78     unzip.obj
 0002:00003ecc       _z_errmsg                  10014ecc     zutil.obj
 0002:00003ef4       ??_C@_02DKCKIIND@?$CFs?$AA@ 10014ef4     gzlib.obj
 0002:00003ef8       ??_C@_07EBNKNFJN@?$DMfd?3?$CFd?$DO?$AA@ 10014ef8     gzlib.obj
 0002:00003f00       ??_C@_0O@BNNCBLEN@out?5of?5memory?$AA@ 10014f00     gzlib.obj
 0002:00003f0e       ??_C@_00CNPNBAHC@?$AA@     10014f0e     gzlib.obj
 0002:00003f10       ??_C@_02LMMGGCAJ@?3?5?$AA@ 10014f10     gzlib.obj
 0002:00003f14       ??_C@_06DIJPEION@?$CFs?$CFs?$CFs?$AA@ 10014f14     gzlib.obj
 0002:00003f1c       ??_C@_0BH@CFIIDOJD@unexpected?5end?5of?5file?$AA@ 10014f1c     gzread.obj
 0002:00003f34       ??_C@_0CH@CPOLIEKA@internal?5error?3?5inflate?5stream?5c@ 10014f34     gzread.obj
 0002:00003f5c       ??_C@_0BG@HCKBMIHF@compressed?5data?5error?$AA@ 10014f5c     gzread.obj
 0002:00003f74       ??_C@_0CF@MLPJFDMM@requested?5length?5does?5not?5fit?5in@ 10014f74     gzread.obj
 0002:00003f9c       ??_C@_0BP@IIKIGMCC@out?5of?5room?5to?5push?5characters?$AA@ 10014f9c     gzread.obj
 0002:00003fbc       ??_C@_0CH@DEEGAHIB@internal?5error?3?5deflate?5stream?5c@ 10014fbc     gzwrite.obj
 0002:00003fe4       ??_C@_0BD@PJCBIDD@invalid?5block?5type?$AA@ 10014fe4     infback.obj
 0002:00003ff8       ??_C@_0BN@LGAADGOK@invalid?5stored?5block?5lengths?$AA@ 10014ff8     infback.obj
 0002:00004018       ??_C@_0CE@GMIGFPBB@too?5many?5length?5or?5distance?5symb@ 10015018     infback.obj
 0002:0000403c       ??_C@_0BJ@HDEPPGOH@invalid?5code?5lengths?5set?$AA@ 1001503c     infback.obj
 0002:00004058       ??_C@_0BK@BMMPFBBH@invalid?5bit?5length?5repeat?$AA@ 10015058     infback.obj
 0002:00004074       ??_C@_0CF@DGDMADCD@invalid?5code?5?9?9?5missing?5end?9of?9b@ 10015074     infback.obj
 0002:0000409c       ??_C@_0BM@IIMGAINC@invalid?5literal?1lengths?5set?$AA@ 1001509c     infback.obj
 0002:000040b8       ??_C@_0BG@GMDFCBGP@invalid?5distances?5set?$AA@ 100150b8     infback.obj
 0002:000040d0       ??_C@_0BM@FFFLPBBC@invalid?5literal?1length?5code?$AA@ 100150d0     infback.obj
 0002:000040ec       ??_C@_0BG@LBKINIKP@invalid?5distance?5code?$AA@ 100150ec     infback.obj
 0002:00004104       ??_C@_0BO@ECPMAOGG@invalid?5distance?5too?5far?5back?$AA@ 10015104     infback.obj
 0002:00004124       ??_C@_0BH@LIBMMIGA@incorrect?5header?5check?$AA@ 10015124     inflate.obj
 0002:0000413c       ??_C@_0BL@IHKGDAEE@unknown?5compression?5method?$AA@ 1001513c     inflate.obj
 0002:00004158       ??_C@_0BE@EMOGCLGO@invalid?5window?5size?$AA@ 10015158     inflate.obj
 0002:0000416c       ??_C@_0BJ@BLBBCOMO@unknown?5header?5flags?5set?$AA@ 1001516c     inflate.obj
 0002:00004188       ??_C@_0BE@GONKLEPM@header?5crc?5mismatch?$AA@ 10015188     inflate.obj
 0002:0000419c       ??_C@_0BF@MEIGEHBE@incorrect?5data?5check?$AA@ 1001519c     inflate.obj
 0002:000041b4       ??_C@_0BH@FGKKJGOC@incorrect?5length?5check?$AA@ 100151b4     inflate.obj
 0002:000041cc       ??_C@_02JDPG@rb?$AA@       100151cc     ioapi.obj
 0002:000041d0       ??_C@_03HMFOOINA@r?$CLb?$AA@ 100151d0     ioapi.obj
 0002:000041d4       ??_C@_02GMLFBBN@wb?$AA@    100151d4     ioapi.obj
 0002:000041d8       ??_C@_01JOAMLHOP@?9?$AA@   100151d8     zip.obj
 0002:000041dc       ??_C@_0BA@MOKMMFOD@need?5dictionary?$AA@ 100151dc     zutil.obj
 0002:000041ec       ??_C@_0L@FNAOCBOG@stream?5end?$AA@ 100151ec     zutil.obj
 0002:000041f8       ??_C@_0L@KIJFAKBJ@file?5error?$AA@ 100151f8     zutil.obj
 0002:00004204       ??_C@_0N@MKKNPMJD@stream?5error?$AA@ 10015204     zutil.obj
 0002:00004214       ??_C@_0L@HAHMBNLP@data?5error?$AA@ 10015214     zutil.obj
 0002:00004220       ??_C@_0BE@OGGJBMCE@insufficient?5memory?$AA@ 10015220     zutil.obj
 0002:00004234       ??_C@_0N@DFPGLBGC@buffer?5error?$AA@ 10015234     zutil.obj
 0002:00004244       ??_C@_0BF@CJFPCCEG@incompatible?5version?$AA@ 10015244     zutil.obj
 0002:00004260       __load_config_used         10015260     MSVCRT:loadcfg.obj
 0002:000042b0       ___safe_se_handler_table   100152b0     <linker-defined>
 0002:000042b4       ___rtc_iaa                 100152b4     MSVCRT:initsect.obj
 0002:000042b8       ___rtc_izz                 100152b8     MSVCRT:initsect.obj
 0002:000042bc       ___rtc_taa                 100152bc     MSVCRT:initsect.obj
 0002:000042c0       ___rtc_tzz                 100152c0     MSVCRT:initsect.obj
 0002:00004f74       __IMPORT_DESCRIPTOR_KERNEL32 10015f74     kernel32:KERNEL32.dll
 0002:00004f88       __IMPORT_DESCRIPTOR_MSVCR120 10015f88     MSVCRT:MSVCR120.dll
 0002:00004f9c       __NULL_IMPORT_DESCRIPTOR   10015f9c     kernel32:KERNEL32.dll
 0003:00000000       ___native_dllmain_reason   10017000     MSVCRT:natstart.obj
 0003:00000004       ___security_cookie         10017004     MSVCRT:gs_cookie.obj
 0003:00000008       ___security_cookie_complement 10017008     MSVCRT:gs_cookie.obj
 0003:00000054       ?__type_info_root_node@@3U__type_info_node@@A 10017054     MSVCRT:tncleanup.obj
 0003:00000384       ___native_startup_lock     10017384     <common>
 0003:00000388       ___native_startup_state    10017388     <common>
 0003:0000038c       ___onexitend               1001738c     <common>
 0003:00000390       ___onexitbegin             10017390     <common>
 0003:00000394       ___dyn_tls_init_callback   10017394     <common>

 entry point at        0001:0000ea94

 Static symbols

 0001:00000270       _adler32_combine_          10001270 f   adler32.obj
 0001:00000470       _crc32_little              10001470 f   crc32.obj
 0001:00000730       _gf2_matrix_times          10001730 f   crc32.obj
 0001:00000750       _gf2_matrix_square         10001750 f   crc32.obj
 0001:00000790       _crc32_combine_            10001790 f   crc32.obj
 0001:000010b0       _putShortMSB               100020b0 f   deflate.obj
 0001:000010e0       _flush_pending             100020e0 f   deflate.obj
 0001:00001c20       _read_buf                  10002c20 f   deflate.obj
 0001:00001ca0       _lm_init                   10002ca0 f   deflate.obj
 0001:00001d50       _longest_match             10002d50 f   deflate.obj
 0001:00001ed0       _fill_window               10002ed0 f   deflate.obj
 0001:000020b0       _deflate_stored            100030b0 f   deflate.obj
 0001:00002230       _deflate_fast              10003230 f   deflate.obj
 0001:00002540       _deflate_slow              10003540 f   deflate.obj
 0001:00002940       _deflate_rle               10003940 f   deflate.obj
 0001:00002be0       _deflate_huff              10003be0 f   deflate.obj
 0001:00002d70       _gz_reset                  10003d70 f   gzlib.obj
 0001:00002dd0       _gz_open                   10003dd0 f   gzlib.obj
 0001:0000304c       $LN57                      1000404c     gzlib.obj
 0001:00003078       $LN49                      10004078     gzlib.obj
 0001:000036a0       _gz_load                   100046a0 f   gzread.obj
 0001:00003720       _gz_avail                  10004720 f   gzread.obj
 0001:000037a0       _gz_look                   100047a0 f   gzread.obj
 0001:00003940       _gz_decomp                 10004940 f   gzread.obj
 0001:00003a50       _gz_fetch                  10004a50 f   gzread.obj
 0001:00003ad0       _gz_skip                   10004ad0 f   gzread.obj
 0001:00003fb0       _gz_init                   10004fb0 f   gzwrite.obj
 0001:000040b0       _gz_comp                   100050b0 f   gzwrite.obj
 0001:000041f0       _gz_zero                   100051f0 f   gzwrite.obj
 0001:00004820       _fixedtables               10005820 f   infback.obj
 0001:00005608       $LN499                     10006608     infback.obj
 0001:00005624       $LN467                     10006624     infback.obj
 0001:00005638       $LN500                     10006638     infback.obj
 0001:00005d80       _fixedtables               10006d80 f   inflate.obj
 0001:00005da0       _updatewindow              10006da0 f   inflate.obj
 0001:000074f8       $LN903                     100084f8     inflate.obj
 0001:00007574       $LN904                     10008574     inflate.obj
 0001:00007720       _syncsearch                10008720 f   inflate.obj
 0001:00007f90       _fopen64_file_func         10008f90 f   ioapi.obj
 0001:00007fe0       _fread_file_func           10008fe0 f   ioapi.obj
 0001:00008000       _fwrite_file_func          10009000 f   ioapi.obj
 0001:00008020       _ftell64_file_func         10009020 f   ioapi.obj
 0001:00008040       _fseek64_file_func         10009040 f   ioapi.obj
 0001:00008090       _fclose_file_func          10009090 f   ioapi.obj
 0001:000080b0       _ferror_file_func          100090b0 f   ioapi.obj
 0001:00008110       _win32_translate_open_mode 10009110 f   iowin32.obj
 0001:00008180       _win32_build_iowin         10009180 f   iowin32.obj
 0001:00008320       _MySetFilePointerEx        10009320 f   iowin32.obj
 0001:00008660       _init_block                10009660 f   trees.obj
 0001:000086e0       _pqdownheap                100096e0 f   trees.obj
 0001:000087c0       _gen_bitlen                100097c0 f   trees.obj
 0001:000089e0       _gen_codes                 100099e0 f   trees.obj
 0001:00008a50       _build_tree                10009a50 f   trees.obj
 0001:00008c60       _scan_tree                 10009c60 f   trees.obj
 0001:00008d50       _send_tree                 10009d50 f   trees.obj
 0001:00009270       _build_bl_tree             1000a270 f   trees.obj
 0001:00009350       _send_all_trees            1000a350 f   trees.obj
 0001:00009940       _compress_block            1000a940 f   trees.obj
 0001:00009d40       _detect_data_type          1000ad40 f   trees.obj
 0001:00009db0       _bi_reverse                1000adb0 f   trees.obj
 0001:00009dd0       _bi_flush                  1000add0 f   trees.obj
 0001:00009e50       _bi_windup                 1000ae50 f   trees.obj
 0001:00009eb0       _copy_block                1000aeb0 f   trees.obj
 0001:00009ff0       _unz64local_getByte        1000aff0 f   unzip.obj
 0001:00009ff0       _zip64local_getByte        1000aff0 f   zip.obj
 0001:0000a040       _unz64local_getShort       1000b040 f   unzip.obj
 0001:0000a0b0       _unz64local_getLong        1000b0b0 f   unzip.obj
 0001:0000a160       _unz64local_getLong64      1000b160 f   unzip.obj
 0001:0000a2d0       _strcmpcasenosensitive_internal 1000b2d0 f   unzip.obj
 0001:0000a370       _zip64local_SearchCentralDir 1000b370 f   zip.obj
 0001:0000a370       _unz64local_SearchCentralDir 1000b370 f   unzip.obj
 0001:0000a520       _unz64local_SearchCentralDir64 1000b520 f   unzip.obj
 0001:0000a7b0       _unzOpenInternal           1000b7b0 f   unzip.obj
 0001:0000ad60       _unz64local_DosDateToTmuDate 1000bd60 f   unzip.obj
 0001:0000ade0       _unz64local_GetCurrentFileInfoInternal 1000bde0 f   unzip.obj
 0001:0000b8c0       _unz64local_CheckCurrentFileCoherencyHeader 1000c8c0 f   unzip.obj
 0001:0000c340       _decrypt_byte              1000d340 f   zip.obj
 0001:0000c360       _update_keys               1000d360 f   zip.obj
 0001:0000c3b0       _init_keys                 1000d3b0 f   zip.obj
 0001:0000c400       _crypthead                 1000d400 f   zip.obj
 0001:0000c530       _allocate_new_datablock    1000d530 f   zip.obj
 0001:0000c560       _free_datablock            1000d560 f   zip.obj
 0001:0000c590       _init_linkedlist           1000d590 f   zip.obj
 0001:0000c5a0       _free_linkedlist           1000d5a0 f   zip.obj
 0001:0000c5c0       _add_data_in_datablock     1000d5c0 f   zip.obj
 0001:0000c670       _zip64local_putValue       1000d670 f   zip.obj
 0001:0000c6f0       _zip64local_putValue_inmemory 1000d6f0 f   zip.obj
 0001:0000c730       _zip64local_TmzDateToDosDate 1000d730 f   zip.obj
 0001:0000c780       _zip64local_getShort       1000d780 f   zip.obj
 0001:0000c7f0       _zip64local_getLong        1000d7f0 f   zip.obj
 0001:0000c8a0       _zip64local_getLong64      1000d8a0 f   zip.obj
 0001:0000ca10       _zip64local_SearchCentralDir64 1000da10 f   zip.obj
 0001:0000dc10       _zip64FlushWriteBuffer     1000ec10 f   zip.obj
 0001:0000e851       _pre_c_init                1000f851 f   MSVCRT:crtdll.obj
 0001:0000eab7       ___DllMainCRTStartup       1000fab7 f   MSVCRT:crtdll.obj
 0001:0000ef60       $$000000                   1000ff60     MSVCRT:sehprolg4.obj
 0001:0000f160       $$000000                   10010160     MSVCRT:lldiv.obj
 0001:0000f210       $$000000                   10010210     MSVCRT:chkstk.obj
 0002:000000f8       _pcinit                    100110f8     MSVCRT:crtdll.obj
 0002:000000fc       _pinit                     100110fc     MSVCRT:atonexit.obj
 0002:00000114       _GS_ExceptionPointers      10011114     MSVCRT:gs_report.obj
 0002:00000130       _crc_table                 10011130     crc32.obj
 0002:00002130       _configuration_table       10013130     deflate.obj
 0002:000021a8       ?my_version@?1??deflateInit2_@@9@9 100131a8     deflate.obj
 0002:000021b0       ?lenfix@?1??fixedtables@@9@9 100131b0     infback.obj
 0002:000029b0       ?order@?1??inflateBack@@9@9 100139b0     infback.obj
 0002:000029d8       ?distfix@?1??fixedtables@@9@9 100139d8     infback.obj
 0002:00002a58       ?lenfix@?1??fixedtables@@9@9 10013a58     inflate.obj
 0002:00003260       ?order@?1??inflate@@9@9    10014260     inflate.obj
 0002:00003288       ?distfix@?1??fixedtables@@9@9 10014288     inflate.obj
 0002:00003308       ?lext@?1??inflate_table@@9@9 10014308     inftrees.obj
 0002:00003348       ?dbase@?1??inflate_table@@9@9 10014348     inftrees.obj
 0002:00003388       ?lbase@?1??inflate_table@@9@9 10014388     inftrees.obj
 0002:000033c8       ?dext@?1??inflate_table@@9@9 100143c8     inftrees.obj
 0002:00003710       _static_dtree              10014710     trees.obj
 0002:00003790       _static_ltree              10014790     trees.obj
 0002:00003c10       _extra_dbits               10014c10     trees.obj
 0002:00003c90       _base_length               10014c90     trees.obj
 0002:00003d08       _extra_blbits              10014d08     trees.obj
 0002:00003d60       _extra_lbits               10014d60     trees.obj
 0002:00003de0       _bl_order                  10014de0     trees.obj
 0002:00003e00       _base_dist                 10014e00     trees.obj
 0002:000042c8       __sehtable$___DllMainCRTStartup 100152c8     MSVCRT:crtdll.obj
 0002:000042f0       __sehtable$__IsNonwritableInCurrentImage 100152f0     MSVCRT:pesect.obj
 0002:00004310       __sehtable$__onexit        10015310     MSVCRT:atonexit.obj
 0002:00004330       .edata                     10015330     zlib1.exp
 0002:00004358       rgpv                       10015358     zlib1.exp
 0002:000045f4       rgszName                   100155f4     zlib1.exp
 0002:000047d8       rgwOrd                     100157d8     zlib1.exp
 0002:000048ca       szName                     100158ca     zlib1.exp
 0002:000048d4       $N00001                    100158d4     zlib1.exp
 0002:000048dc       $N00140                    100158dc     zlib1.exp
 0002:000048ec       $N00002                    100158ec     zlib1.exp
 0002:000048f5       $N00039                    100158f5     zlib1.exp
 0002:000048ff       $N00046                    100158ff     zlib1.exp
 0002:0000490d       $N00003                    1001590d     zlib1.exp
 0002:00004913       $N00142                    10015913     zlib1.exp
 0002:00004921       $N00004                    10015921     zlib1.exp
 0002:00004929       $N00047                    10015929     zlib1.exp
 0002:00004936       $N00005                    10015936     zlib1.exp
 0002:00004942       $N00006                    10015942     zlib1.exp
 0002:0000494d       $N00007                    1001594d     zlib1.exp
 0002:0000495b       $N00008                    1001595b     zlib1.exp
 0002:00004968       $N00009                    10015968     zlib1.exp
 0002:00004976       $N00052                    10015976     zlib1.exp
 0002:00004985       $N00051                    10015985     zlib1.exp
 0002:00004992       $N00010                    10015992     zlib1.exp
 0002:0000499f       $N00164                    1001599f     zlib1.exp
 0002:000049b0       $N00011                    100159b0     zlib1.exp
 0002:000049c5       $N00144                    100159c5     zlib1.exp
 0002:000049d6       $N00145                    100159d6     zlib1.exp
 0002:000049e2       $N00110                    100159e2     zlib1.exp
 0002:000049f6       $N00111                    100159f6     zlib1.exp
 0002:00004a0c       $N00112                    10015a0c     zlib1.exp
 0002:00004a23       $N00113                    10015a23     zlib1.exp
 0002:00004a3a       $N00038                    10015a3a     zlib1.exp
 0002:00004a48       $N00146                    10015a48     zlib1.exp
 0002:00004a51       $N00048                    10015a51     zlib1.exp
 0002:00004a5c       $N00012                    10015a5c     zlib1.exp
 0002:00004a64       $N00147                    10015a64     zlib1.exp
 0002:00004a6e       $N00148                    10015a6e     zlib1.exp
 0002:00004a78       $N00149                    10015a78     zlib1.exp
 0002:00004a81       $N00013                    10015a81     zlib1.exp
 0002:00004a89       $N00034                    10015a89     zlib1.exp
 0002:00004a8f       $N00014                    10015a8f     zlib1.exp
 0002:00004a97       $N00015                    10015a97     zlib1.exp
 0002:00004a9f       $N00030                    10015a9f     zlib1.exp
 0002:00004aa6       $N00161                    10015aa6     zlib1.exp
 0002:00004aae       $N00041                    10015aae     zlib1.exp
 0002:00004ab5       $N00150                    10015ab5     zlib1.exp
 0002:00004abe       $N00016                    10015abe     zlib1.exp
 0002:00004ac5       $N00165                    10015ac5     zlib1.exp
 0002:00004ace       $N00028                    10015ace     zlib1.exp
 0002:00004ad7       $N00029                    10015ad7     zlib1.exp
 0002:00004ade       $N00040                    10015ade     zlib1.exp
 0002:00004ae5       $N00017                    10015ae5     zlib1.exp
 0002:00004aec       $N00032                    10015aec     zlib1.exp
 0002:00004af5       $N00031                    10015af5     zlib1.exp
 0002:00004afc       $N00035                    10015afc     zlib1.exp
 0002:00004b08       $N00033                    10015b08     zlib1.exp
 0002:00004b0f       $N00049                    10015b0f     zlib1.exp
 0002:00004b18       $N00167                    10015b18     zlib1.exp
 0002:00004b22       $N00018                    10015b22     zlib1.exp
 0002:00004b2a       $N00019                    10015b2a     zlib1.exp
 0002:00004b32       $N00044                    10015b32     zlib1.exp
 0002:00004b3e       $N00045                    10015b3e     zlib1.exp
 0002:00004b4d       $N00043                    10015b4d     zlib1.exp
 0002:00004b5e       $N00042                    10015b5e     zlib1.exp
 0002:00004b6a       $N00020                    10015b6a     zlib1.exp
 0002:00004b75       $N00166                    10015b75     zlib1.exp
 0002:00004b8a       $N00156                    10015b8a     zlib1.exp
 0002:00004b9b       $N00021                    10015b9b     zlib1.exp
 0002:00004ba9       $N00022                    10015ba9     zlib1.exp
 0002:00004bb6       $N00157                    10015bb6     zlib1.exp
 0002:00004bc2       $N00158                    10015bc2     zlib1.exp
 0002:00004bcf       $N00023                    10015bcf     zlib1.exp
 0002:00004bdc       $N00159                    10015bdc     zlib1.exp
 0002:00004bea       $N00163                    10015bea     zlib1.exp
 0002:00004bfb       $N00024                    10015bfb     zlib1.exp
 0002:00004c10       $N00025                    10015c10     zlib1.exp
 0002:00004c1c       $N00037                    10015c1c     zlib1.exp
 0002:00004c2d       $N00160                    10015c2d     zlib1.exp
 0002:00004c3e       $N00026                    10015c3e     zlib1.exp
 0002:00004c49       $N00062                    10015c49     zlib1.exp
 0002:00004c52       $N00072                    10015c52     zlib1.exp
 0002:00004c66       $N00064                    10015c66     zlib1.exp
 0002:00004c7c       $N00124                    10015c7c     zlib1.exp
 0002:00004c94       $N00125                    10015c94     zlib1.exp
 0002:00004cb2       $N00100                    10015cb2     zlib1.exp
 0002:00004cc0       $N00127                    10015cc0     zlib1.exp
 0002:00004cd0       $N00073                    10015cd0     zlib1.exp
 0002:00004ce4       $N00063                    10015ce4     zlib1.exp
 0002:00004cf5       $N00122                    10015cf5     zlib1.exp
 0002:00004d08       $N00076                    10015d08     zlib1.exp
 0002:00004d1e       $N00101                    10015d1e     zlib1.exp
 0002:00004d2d       $N00128                    10015d2d     zlib1.exp
 0002:00004d3e       $N00065                    10015d3e     zlib1.exp
 0002:00004d4f       $N00066                    10015d4f     zlib1.exp
 0002:00004d5f       $N00075                    10015d5f     zlib1.exp
 0002:00004d6d       $N00061                    10015d6d     zlib1.exp
 0002:00004d75       $N00077                    10015d75     zlib1.exp
 0002:00004d7e       $N00121                    10015d7e     zlib1.exp
 0002:00004d8a       $N00120                    10015d8a     zlib1.exp
 0002:00004d94       $N00067                    10015d94     zlib1.exp
 0002:00004da7       $N00078                    10015da7     zlib1.exp
 0002:00004dbb       $N00069                    10015dbb     zlib1.exp
 0002:00004dcf       $N00079                    10015dcf     zlib1.exp
 0002:00004dea       $N00068                    10015dea     zlib1.exp
 0002:00004dfd       $N00074                    10015dfd     zlib1.exp
 0002:00004e16       $N00071                    10015e16     zlib1.exp
 0002:00004e1d       $N00070                    10015e1d     zlib1.exp
 0002:00004e25       $N00126                    10015e25     zlib1.exp
 0002:00004e2f       $N00036                    10015e2f     zlib1.exp
 0002:00004e36       $N00084                    10015e36     zlib1.exp
 0002:00004e3f       $N00083                    10015e3f     zlib1.exp
 0002:00004e51       $N00087                    10015e51     zlib1.exp
 0002:00004e66       $N00136                    10015e66     zlib1.exp
 0002:00004e7d       $N00080                    10015e7d     zlib1.exp
 0002:00004e85       $N00088                    10015e85     zlib1.exp
 0002:00004e8e       $N00131                    10015e8e     zlib1.exp
 0002:00004e9a       $N00130                    10015e9a     zlib1.exp
 0002:00004ea4       $N00081                    10015ea4     zlib1.exp
 0002:00004eb8       $N00086                    10015eb8     zlib1.exp
 0002:00004ecd       $N00133                    10015ecd     zlib1.exp
 0002:00004ee5       $N00089                    10015ee5     zlib1.exp
 0002:00004efa       $N00134                    10015efa     zlib1.exp
 0002:00004f12       $N00135                    10015f12     zlib1.exp
 0002:00004f2a       $N00132                    10015f2a     zlib1.exp
 0002:00004f40       $N00082                    10015f40     zlib1.exp
 0002:00004f54       $N00050                    10015f54     zlib1.exp
 0002:00004f65       $N00027                    10015f65     zlib1.exp
 0002:00005100       .idata$6                   10016100     kernel32:KERNEL32.dll
 0002:000051ce       .idata$6                   100161ce     MSVCRT:MSVCR120.dll
 0003:0000000c       _static_bl_desc            1001700c     trees.obj
 0003:00000020       _static_d_desc             10017020     trees.obj
 0003:00000034       _static_l_desc             10017034     trees.obj
 0003:00000050       ___proc_attached           10017050     MSVCRT:crtdll.obj
 0003:00000060       _GS_ExceptionRecord        10017060     MSVCRT:gs_report.obj
 0003:000000b0       _GS_ContextRecord          100170b0     MSVCRT:gs_report.obj
 0003:0000037c       _DebuggerWasPresent        1001737c     MSVCRT:gs_report.obj
 0003:00000380       ?calls@?1??crypthead@@9@9  10017380     zip.obj
 0004:00000060       $R000000                   10018060     zlib.res
