 zlib1

 Timestamp is 56714ce2 (Wed Dec 16 13:37:06 2015)

 Preferred load address is 10000000

 Start         Length     Name                   Class
 0001:00000000 00020908H .text$mn                CODE
 0002:00000000 00000104H .CRT$XCA                DATA
 0002:00000104 00000104H .CRT$XCZ                DATA
 0002:00000208 00000104H .CRT$XIA                DATA
 0002:0000030c 00000104H .CRT$XIAA               DATA
 0002:00000410 00000104H .CRT$XIC                DATA
 0002:00000514 00000104H .CRT$XIZ                DATA
 0002:00000620 00004e71H .rdata                  DATA
 0002:00005494 000001b1H .rdata$debug            DATA
 0002:00005650 00000104H .rdata$sxdata           DATA
 0002:00005754 00000104H .rtc$IAA                DATA
 0002:00005858 00000104H .rtc$IZZ                DATA
 0002:0000595c 00000104H .rtc$TAA                DATA
 0002:00005a60 00000104H .rtc$TZZ                DATA
 0002:00005b68 00000178H .xdata$x                DATA
 0002:00005ce0 00000fb4H .edata                  DATA
 0003:00000000 000008b6H .data                   DATA
 0003:000008b8 0000036cH .bss                    DATA
 0004:00000000 00000188H .idata$5                DATA
 0004:00000188 00000028H .idata$2                DATA
 0004:000001b0 00000014H .idata$3                DATA
 0004:000001c4 00000188H .idata$4                DATA
 0004:0000034c 0000050cH .idata$6                DATA
 0005:00000000 00000169H .rsrc$01                DATA
 0005:00000170 000004dcH .rsrc$02                DATA

  Address         Publics by Value              Rva+Base       Lib:Object

 0000:00000000       ___guard_fids_table        00000000     <absolute>
 0000:00000000       ___guard_flags             00000000     <absolute>
 0000:00000000       ___guard_fids_count        00000000     <absolute>
 0000:00000001       ___safe_se_handler_count   00000001     <absolute>
 0000:00000000       ___ImageBase               10000000     <linker-defined>
 0001:000006a0       _adler32                   100016a0 f   adler32.obj
 0001:00000c40       _adler32_combine           10001c40 f   adler32.obj
 0001:00000d60       _adler32_combine64         10001d60 f   adler32.obj
 0001:00000f40       _compress                  10001f40 f   compress.obj
 0001:00000f60       _compress2                 10001f60 f   compress.obj
 0001:00001030       _compressBound             10002030 f   compress.obj
 0001:000010a0       _crc32                     100020a0 f   crc32.obj
 0001:000012f0       _crc32_combine             100022f0 f   crc32.obj
 0001:00001310       _get_crc_table             10002310 f   crc32.obj
 0001:00001ff0       _crc32_combine64           10002ff0 f   crc32.obj
 0001:000023f0       _deflate                   100033f0 f   deflate.obj
 0001:00003370       _deflateEnd                10004370 f   deflate.obj
 0001:000034c0       _deflateSetDictionary      100044c0 f   deflate.obj
 0001:00003730       _deflateCopy               10004730 f   deflate.obj
 0001:00003990       _deflateReset              10004990 f   deflate.obj
 0001:000039c0       _deflateParams             100049c0 f   deflate.obj
 0001:00003b00       _deflateTune               10004b00 f   deflate.obj
 0001:00003b60       _deflateBound              10004b60 f   deflate.obj
 0001:00003cf0       _deflatePending            10004cf0 f   deflate.obj
 0001:00003d40       _deflatePrime              10004d40 f   deflate.obj
 0001:00003e20       _deflateSetHeader          10004e20 f   deflate.obj
 0001:00003e60       _deflateInit_              10004e60 f   deflate.obj
 0001:00003e90       _deflateInit2_             10004e90 f   deflate.obj
 0001:000041f0       _deflateResetKeep          100051f0 f   deflate.obj
 0001:000075a0       _gzclose                   100085a0 f   gzclose.obj
 0001:00007600       _gzdopen                   10008600 f   gzlib.obj
 0001:00007670       _gzbuffer                  10008670 f   gzlib.obj
 0001:000076d0       _gzrewind                  100086d0 f   gzlib.obj
 0001:00007750       _gzeof                     10008750 f   gzlib.obj
 0001:000077b0       _gzerror                   100087b0 f   gzlib.obj
 0001:00007830       _gzclearerr                10008830 f   gzlib.obj
 0001:00007890       _gzopen                    10008890 f   gzlib.obj
 0001:000078b0       _gzseek                    100088b0 f   gzlib.obj
 0001:00007910       _gztell                    10008910 f   gzlib.obj
 0001:00007960       _gzoffset                  10008960 f   gzlib.obj
 0001:000079b0       _gzopen_w                  100089b0 f   gzlib.obj
 0001:000079d0       _gzopen64                  100089d0 f   gzlib.obj
 0001:000079f0       _gzseek64                  100089f0 f   gzlib.obj
 0001:00007cd0       _gztell64                  10008cd0 f   gzlib.obj
 0001:00007d40       _gzoffset64                10008d40 f   gzlib.obj
 0001:00007de0       _gz_error                  10008de0 f   gzlib.obj
 0001:00008710       _gzread                    10009710 f   gzread.obj
 0001:00008930       _gzgets                    10009930 f   gzread.obj
 0001:00008ae0       _gzgetc                    10009ae0 f   gzread.obj
 0001:00008bb0       _gzungetc                  10009bb0 f   gzread.obj
 0001:00008d80       _gzdirect                  10009d80 f   gzread.obj
 0001:00008dd0       _gzclose_r                 10009dd0 f   gzread.obj
 0001:00008ec0       _gzgetc_                   10009ec0 f   gzread.obj
 0001:00009990       _gzsetparams               1000a990 f   gzwrite.obj
 0001:00009a80       _gzwrite                   1000aa80 f   gzwrite.obj
 0001:00009c80       _gzprintf                  1000ac80 f   gzwrite.obj
 0001:00009cc0       _gzputs                    1000acc0 f   gzwrite.obj
 0001:00009d10       _gzputc                    1000ad10 f   gzwrite.obj
 0001:00009e40       _gzflush                   1000ae40 f   gzwrite.obj
 0001:00009ee0       _gzclose_w                 1000aee0 f   gzwrite.obj
 0001:0000a000       _gzvprintf                 1000b000 f   gzwrite.obj
 0001:0000a8a0       _inflateBack               1000b8a0 f   infback.obj
 0001:0000bc50       _inflateBackEnd            1000cc50 f   infback.obj
 0001:0000bca0       _inflateBackInit_          1000cca0 f   infback.obj
 0001:0000c330       _inflate_fast              1000d330 f   inffast.obj
 0001:0000cc80       _inflate                   1000dc80 f   inflate.obj
 0001:0000ed70       _inflateEnd                1000fd70 f   inflate.obj
 0001:0000edf0       _inflateSetDictionary      1000fdf0 f   inflate.obj
 0001:0000eec0       _inflateGetDictionary      1000fec0 f   inflate.obj
 0001:0000ef60       _inflateSync               1000ff60 f   inflate.obj
 0001:0000f0f0       _inflateCopy               100100f0 f   inflate.obj
 0001:0000f2b0       _inflateReset              100102b0 f   inflate.obj
 0001:0000f310       _inflateReset2             10010310 f   inflate.obj
 0001:0000f3e0       _inflatePrime              100103e0 f   inflate.obj
 0001:0000f480       _inflateMark               10010480 f   inflate.obj
 0001:0000f500       _inflateGetHeader          10010500 f   inflate.obj
 0001:0000f550       _inflateInit_              10010550 f   inflate.obj
 0001:0000f570       _inflateInit2_             10010570 f   inflate.obj
 0001:0000f680       _inflateSyncPoint          10010680 f   inflate.obj
 0001:0000f6d0       _inflateUndermine          100106d0 f   inflate.obj
 0001:0000f730       _inflateResetKeep          10010730 f   inflate.obj
 0001:00010600       _inflate_table             10011600 f   inftrees.obj
 0001:00010d20       _fill_fopen64_filefunc     10011d20 f   ioapi.obj
 0001:00010d80       _fill_fopen_filefunc       10011d80 f   ioapi.obj
 0001:00010de0       _call_zopen64              10011de0 f   ioapi.obj
 0001:00010e30       _call_zseek64              10011e30 f   ioapi.obj
 0001:00010eb0       _call_ztell64              10011eb0 f   ioapi.obj
 0001:00010f10       _fill_zlib_filefunc64_32_def_from_filefunc32 10011f10 f   ioapi.obj
 0001:000113c0       _fill_win32_filefunc       100123c0 f   iowin32.obj
 0001:00011420       _fill_win32_filefunc64     10012420 f   iowin32.obj
 0001:00011480       _fill_win32_filefunc64A    10012480 f   iowin32.obj
 0001:000114e0       _fill_win32_filefunc64W    100124e0 f   iowin32.obj
 0001:00011540       _win32_open_file_func      10012540 f   iowin32.obj
 0001:000115b0       _win32_read_file_func      100125b0 f   iowin32.obj
 0001:00011620       _win32_write_file_func     10012620 f   iowin32.obj
 0001:00011690       _win32_tell64_file_func    10012690 f   iowin32.obj
 0001:00011720       _win32_seek64_file_func    10012720 f   iowin32.obj
 0001:000117e0       _win32_close_file_func     100127e0 f   iowin32.obj
 0001:00011830       _win32_error_file_func     10012830 f   iowin32.obj
 0001:00011950       _win32_open64_file_func    10012950 f   iowin32.obj
 0001:000119c0       _win32_open64_file_funcA   100129c0 f   iowin32.obj
 0001:00011a30       _win32_open64_file_funcW   10012a30 f   iowin32.obj
 0001:00011b10       _win32_tell_file_func      10012b10 f   iowin32.obj
 0001:00011b90       _win32_seek_file_func      10012b90 f   iowin32.obj
 0001:00011e70       __tr_init                  10012e70 f   trees.obj
 0001:00011f00       __tr_tally                 10012f00 f   trees.obj
 0001:00012040       __tr_flush_block           10013040 f   trees.obj
 0001:00012410       __tr_flush_bits            10013410 f   trees.obj
 0001:00012430       __tr_align                 10013430 f   trees.obj
 0001:000126a0       __tr_stored_block          100136a0 f   trees.obj
 0001:00015cb0       _uncompress                10016cb0 f   uncompr.obj
 0001:00015dc0       _unzStringFileNameCompare  10016dc0 f   unzip.obj
 0001:00015e00       _unzOpen                   10016e00 f   unzip.obj
 0001:00015e20       _unzOpen64                 10016e20 f   unzip.obj
 0001:00015e40       _unzOpen2                  10016e40 f   unzip.obj
 0001:00015e90       _unzOpen2_64               10016e90 f   unzip.obj
 0001:00015ef0       _unzClose                  10016ef0 f   unzip.obj
 0001:00015f60       _unzGetGlobalInfo          10016f60 f   unzip.obj
 0001:00015fa0       _unzGetGlobalInfo64        10016fa0 f   unzip.obj
 0001:00015fe0       _unzGetGlobalComment       10016fe0 f   unzip.obj
 0001:000160b0       _unzGoToFirstFile          100170b0 f   unzip.obj
 0001:00016150       _unzGoToNextFile           10017150 f   unzip.obj
 0001:00016290       _unzLocateFile             10017290 f   unzip.obj
 0001:00016400       _unzGetFilePos             10017400 f   unzip.obj
 0001:00016440       _unzGoToFilePos            10017440 f   unzip.obj
 0001:00016490       _unzGetFilePos64           10017490 f   unzip.obj
 0001:00016500       _unzGoToFilePos64          10017500 f   unzip.obj
 0001:000165a0       _unzGetCurrentFileInfo64   100175a0 f   unzip.obj
 0001:000165d0       _unzGetCurrentFileInfo     100175d0 f   unzip.obj
 0001:000166d0       _unzGetCurrentFileZStreamPos64 100176d0 f   unzip.obj
 0001:00016730       _unzOpenCurrentFile        10017730 f   unzip.obj
 0001:00016750       _unzOpenCurrentFilePassword 10017750 f   unzip.obj
 0001:00016770       _unzOpenCurrentFile2       10017770 f   unzip.obj
 0001:00016790       _unzOpenCurrentFile3       10017790 f   unzip.obj
 0001:00016b10       _unzCloseCurrentFile       10017b10 f   unzip.obj
 0001:00016c00       _unzReadCurrentFile        10017c00 f   unzip.obj
 0001:000170e0       _unztell                   100180e0 f   unzip.obj
 0001:00017120       _unztell64                 10018120 f   unzip.obj
 0001:00017170       _unzeof                    10018170 f   unzip.obj
 0001:000171d0       _unzGetLocalExtrafield     100181d0 f   unzip.obj
 0001:000172e0       _unzGetOffset64            100182e0 f   unzip.obj
 0001:00017380       _unzGetOffset              10018380 f   unzip.obj
 0001:000173b0       _unzSetOffset64            100183b0 f   unzip.obj
 0001:00017450       _unzSetOffset              10018450 f   unzip.obj
 0001:00019b70       _zipOpen                   1001ab70 f   zip.obj
 0001:00019b90       _zipOpen64                 1001ab90 f   zip.obj
 0001:00019bb0       _zipOpen2                  1001abb0 f   zip.obj
 0001:00019c10       _zipOpen2_64               1001ac10 f   zip.obj
 0001:00019c80       _zipOpenNewFileInZip       1001ac80 f   zip.obj
 0001:00019cd0       _zipOpenNewFileInZip64     1001acd0 f   zip.obj
 0001:00019d20       _zipOpenNewFileInZip2      1001ad20 f   zip.obj
 0001:00019d70       _zipOpenNewFileInZip2_64   1001ad70 f   zip.obj
 0001:00019dc0       _zipOpenNewFileInZip3      1001adc0 f   zip.obj
 0001:00019e20       _zipOpenNewFileInZip3_64   1001ae20 f   zip.obj
 0001:00019e80       _zipOpenNewFileInZip4      1001ae80 f   zip.obj
 0001:00019ee0       _zipOpenNewFileInZip4_64   1001aee0 f   zip.obj
 0001:0001a630       _zipWriteInFileInZip       1001b630 f   zip.obj
 0001:0001a830       _zipCloseFileInZip         1001b830 f   zip.obj
 0001:0001a850       _zipCloseFileInZipRaw      1001b850 f   zip.obj
 0001:0001a870       _zipCloseFileInZipRaw64    1001b870 f   zip.obj
 0001:0001af80       _zipClose                  1001bf80 f   zip.obj
 0001:0001b1a0       _zipRemoveExtraInfoBlock   1001c1a0 f   zip.obj
 0001:0001c2a0       _LoadCentralDirectoryRecord 1001d2a0 f   zip.obj
 0001:0001c8e0       _zipOpen3                  1001d8e0 f   zip.obj
 0001:0001caa0       _Write_LocalFileHeader     1001daa0 f   zip.obj
 0001:0001cf60       _Write_Zip64EndOfCentralDirectoryLocator 1001df60 f   zip.obj
 0001:0001d020       _Write_Zip64EndOfCentralDirectoryRecord 1001e020 f   zip.obj
 0001:0001d1d0       _Write_EndOfCentralDirectoryRecord 1001e1d0 f   zip.obj
 0001:0001d3d0       _Write_GlobalComment       1001e3d0 f   zip.obj
 0001:0001e2a0       _zlibVersion               1001f2a0 f   zutil.obj
 0001:0001e2b0       _zlibCompileFlags          1001f2b0 f   zutil.obj
 0001:0001e3c0       _zError                    1001f3c0 f   zutil.obj
 0001:0001e3e0       _zcalloc                   1001f3e0 f   zutil.obj
 0001:0001e410       _zcfree                    1001f410 f   zutil.obj
 0001:0001e482       _GetLastError@0            1001f482 f   kernel32:KERNEL32.dll
 0001:0001e488       _WriteFile@20              1001f488 f   kernel32:KERNEL32.dll
 0001:0001e48e       _ReadFile@20               1001f48e f   kernel32:KERNEL32.dll
 0001:0001e494       _SetFilePointer@16         1001f494 f   kernel32:KERNEL32.dll
 0001:0001e49a       _CloseHandle@4             1001f49a f   kernel32:KERNEL32.dll
 0001:0001e4a0       _CreateFileA@28            1001f4a0 f   kernel32:KERNEL32.dll
 0001:0001e4a6       _CreateFileW@28            1001f4a6 f   kernel32:KERNEL32.dll
 0001:0001e4b0       __allrem                   1001f4b0 f   MSVCRTD:llrem.obj
 0001:0001e570       __allshr                   1001f570 f   MSVCRTD:llshr.obj
 0001:0001e592       _memcpy                    1001f592 f   MSVCRTD:MSVCR120D.dll
 0001:0001e598       _memset                    1001f598 f   MSVCRTD:MSVCR120D.dll
 0001:0001e59e       __snprintf                 1001f59e f   MSVCRTD:MSVCR120D.dll
 0001:0001e5a4       _strlen                    1001f5a4 f   MSVCRTD:MSVCR120D.dll
 0001:0001e5aa       _wcstombs                  1001f5aa f   MSVCRTD:MSVCR120D.dll
 0001:0001e5b0       _free                      1001f5b0 f   MSVCRTD:MSVCR120D.dll
 0001:0001e5b6       _malloc                    1001f5b6 f   MSVCRTD:MSVCR120D.dll
 0001:0001e5bc       __lseeki64                 1001f5bc f   MSVCRTD:MSVCR120D.dll
 0001:0001e5c2       __wopen                    1001f5c2 f   MSVCRTD:MSVCR120D.dll
 0001:0001e5c8       __errno                    1001f5c8 f   MSVCRTD:MSVCR120D.dll
 0001:0001e5ce       _memchr                    1001f5ce f   MSVCRTD:MSVCR120D.dll
 0001:0001e5d4       _strerror                  1001f5d4 f   MSVCRTD:MSVCR120D.dll
 0001:0001e5da       _fclose                    1001f5da f   MSVCRTD:MSVCR120D.dll
 0001:0001e5e0       _ferror                    1001f5e0 f   MSVCRTD:MSVCR120D.dll
 0001:0001e5e6       _fopen                     1001f5e6 f   MSVCRTD:MSVCR120D.dll
 0001:0001e5ec       _fread                     1001f5ec f   MSVCRTD:MSVCR120D.dll
 0001:0001e5f2       _fseek                     1001f5f2 f   MSVCRTD:MSVCR120D.dll
 0001:0001e5f8       _ftell                     1001f5f8 f   MSVCRTD:MSVCR120D.dll
 0001:0001e5fe       __fseeki64                 1001f5fe f   MSVCRTD:MSVCR120D.dll
 0001:0001e604       __ftelli64                 1001f604 f   MSVCRTD:MSVCR120D.dll
 0001:0001e60a       _fwrite                    1001f60a f   MSVCRTD:MSVCR120D.dll
 0001:0001e610       _strcmp                    1001f610 f   MSVCRTD:MSVCR120D.dll
 0001:0001e620       __allmul                   1001f620 f   MSVCRTD:llmul.obj
 0001:0001e660       __allshl                   1001f660 f   MSVCRTD:llshl.obj
 0001:0001e680       __aulldiv                  1001f680 f   MSVCRTD:ulldiv.obj
 0001:0001e6f0       __aullshr                  1001f6f0 f   MSVCRTD:ullshr.obj
 0001:0001e710       _rand                      1001f710 f   MSVCRTD:MSVCR120D.dll
 0001:0001e716       _srand                     1001f716 f   MSVCRTD:MSVCR120D.dll
 0001:0001e71c       __time64                   1001f71c f   MSVCRTD:MSVCR120D.dll
 0001:0001e730       __chkstk                   1001f730 f   MSVCRTD:chkstk.obj
 0001:0001e730       __alloca_probe             1001f730 f   MSVCRTD:chkstk.obj
 0001:0001e7e0       _NtCurrentTeb              1001f7e0 f i MSVCRTD:crtdll.obj
 0001:0001e7f0       __CRT_INIT@12              1001f7f0 f   MSVCRTD:crtdll.obj
 0001:0001ead0       __DllMainCRTStartup@12     1001fad0 f   MSVCRTD:crtdll.obj
 0001:0001ecc0       __vsnprintf                1001fcc0 f   MSVCRTD:MSVCR120D.dll
 0001:0001ecc6       ___CppXcptFilter           1001fcc6 f   MSVCRTD:MSVCR120D.dll
 0001:0001eccc       __amsg_exit                1001fccc f   MSVCRTD:MSVCR120D.dll
 0001:0001ecd2       __malloc_dbg               1001fcd2 f   MSVCRTD:MSVCR120D.dll
 0001:0001ecd8       __free_dbg                 1001fcd8 f   MSVCRTD:MSVCR120D.dll
 0001:0001ecde       __CrtSetCheckCount         1001fcde f   MSVCRTD:MSVCR120D.dll
 0001:0001ecf0       __FindPESection            1001fcf0 f   MSVCRTD:pesect.obj
 0001:0001ed70       __IsNonwritableInCurrentImage 1001fd70 f   MSVCRTD:pesect.obj
 0001:0001eea0       __ValidateImageBase        1001fea0 f   MSVCRTD:pesect.obj
 0001:0001ef00       ___atonexitinit            1001ff00 f   MSVCRTD:atonexit.obj
 0001:0001efb0       __onexit                   1001ffb0 f   MSVCRTD:atonexit.obj
 0001:0001f0b0       _atexit                    100200b0 f   MSVCRTD:atonexit.obj
 0001:0001f0e0       ___security_init_cookie    100200e0 f   MSVCRTD:gs_support.obj
 0001:0001f1c0       _DllMain@12                100201c0 f   MSVCRTD:dllmain.obj
 0001:0001f1f0       __RTC_Initialize           100201f0 f   MSVCRTD:initsect.obj
 0001:0001f220       __RTC_Terminate            10020220 f   MSVCRTD:initsect.obj
 0001:0001f246       __initterm                 10020246 f   MSVCRTD:MSVCR120D.dll
 0001:0001f24c       __initterm_e               1002024c f   MSVCRTD:MSVCR120D.dll
 0001:0001f260       ___clean_type_info_names   10020260 f   MSVCRTD:tncleanup.obj
 0001:0001f280       __except_handler4          10020280 f   MSVCRTD:chandler4gs.obj
 0001:0001f2a8       __lock                     100202a8 f   MSVCRTD:MSVCR120D.dll
 0001:0001f2ae       __unlock                   100202ae f   MSVCRTD:MSVCR120D.dll
 0001:0001f2b4       __CrtDbgReportW            100202b4 f   MSVCRTD:MSVCR120D.dll
 0001:0001f2ba       __calloc_dbg               100202ba f   MSVCRTD:MSVCR120D.dll
 0001:0001f2c0       ___dllonexit               100202c0 f   MSVCRTD:MSVCR120D.dll
 0001:0001f2c6       ___clean_type_info_names_internal 100202c6 f   MSVCRTD:MSVCR120D.dll
 0001:0001f2d0       @__security_check_cookie@4 100202d0 f   MSVCRTD:secchk.obj
 0001:0001f2e0       __except_handler4_common   100202e0 f   MSVCRTD:MSVCR120D.dll
 0001:0001f2f0       ___raise_securityfailure   100202f0 f   MSVCRTD:gs_report.obj
 0001:0001f340       ___report_gsfailure        10020340 f   MSVCRTD:gs_report.obj
 0001:0001f450       ___report_rangecheckfailure 10020450 f   MSVCRTD:gs_report.obj
 0001:0001f460       ___report_securityfailure  10020460 f   MSVCRTD:gs_report.obj
 0001:0001f540       ___report_securityfailureEx 10020540 f   MSVCRTD:gs_report.obj
 0001:0001f666       __crt_debugger_hook        10020666 f   MSVCRTD:MSVCR120D.dll
 0001:0001f66c       ___crtUnhandledException   1002066c f   MSVCRTD:MSVCR120D.dll
 0001:0001f672       ___crtTerminateProcess     10020672 f   MSVCRTD:MSVCR120D.dll
 0001:0001f678       _EncodePointer@4           10020678 f   kernel32:KERNEL32.dll
 0001:0001f67e       _DecodePointer@4           1002067e f   kernel32:KERNEL32.dll
 0001:0001f684       _QueryPerformanceCounter@4 10020684 f   kernel32:KERNEL32.dll
 0001:0001f68a       _GetCurrentProcessId@0     1002068a f   kernel32:KERNEL32.dll
 0001:0001f690       _GetCurrentThreadId@0      10020690 f   kernel32:KERNEL32.dll
 0001:0001f696       _GetSystemTimeAsFileTime@4 10020696 f   kernel32:KERNEL32.dll
 0001:0001f69c       _DisableThreadLibraryCalls@4 1002069c f   kernel32:KERNEL32.dll
 0001:0001f6a2       _IsDebuggerPresent@0       100206a2 f   kernel32:KERNEL32.dll
 0001:0001f6a8       _IsProcessorFeaturePresent@4 100206a8 f   kernel32:KERNEL32.dll
 0001:0001f6ae       __open                     100206ae f   MSVCRTD:MSVCR120D.dll
 0001:0001f6b4       __close                    100206b4 f   MSVCRTD:MSVCR120D.dll
 0001:0001f6ba       __read                     100206ba f   MSVCRTD:MSVCR120D.dll
 0001:0001f6c0       __write                    100206c0 f   MSVCRTD:MSVCR120D.dll
 0002:00000000       ___xc_a                    10022000     MSVCRTD:cinitexe.obj
 0002:00000104       ___xc_z                    10022104     MSVCRTD:cinitexe.obj
 0002:00000208       ___xi_a                    10022208     MSVCRTD:cinitexe.obj
 0002:00000514       ___xi_z                    10022514     MSVCRTD:cinitexe.obj
 0002:00002cc0       _deflate_copyright         10024cc0     deflate.obj
 0002:00004270       _inflate_copyright         10026270     inftrees.obj
 0002:000043e0       __length_code              100263e0     trees.obj
 0002:000044e0       __dist_code                100264e0     trees.obj
 0002:00005028       _unz_copyright             10027028     unzip.obj
 0002:00005090       _zip_copyright             10027090     zip.obj
 0002:000050f0       _z_errmsg                  100270f0     zutil.obj
 0002:00005120       __pDefaultRawDllMain       10027120     MSVCRTD:crtdll.obj
 0002:00005120       __pRawDllMain              10027120     MSVCRTD:crtdll.obj
 0002:00005124       ??_C@_0CL@CCAGLLEM@f?3?2dd?2vctools?2crt?2crtw32?2dllstuf@ 10027124     MSVCRTD:crtdll.obj
 0002:00005150       ??_C@_1MC@KPMPFEII@?$AA?$CI?$AA_?$AA_?$AAo?$AAn?$AAe?$AAx?$AAi?$AAt?$AAb?$AAe?$AAg?$AAi?$AAn?$AA?5?$AA?$CB?$AA?$DN?$AA?5?$AAN?$AAU?$AAL?$AAL?$AA?5?$AA?$CG?$AA?$CG?$AA?5?$AA_?$AA_?$AAo?$AAn?$AAe?$AAx@ 10027150     MSVCRTD:atonexit.obj
 0002:00005214       ??_C@_15GANGMFKL@?$AA?$CF?$AAs?$AA?$AA@ 10027214     MSVCRTD:atonexit.obj
 0002:00005220       ??_C@_1FK@IGIDCAPD@?$AAf?$AA?3?$AA?2?$AAd?$AAd?$AA?2?$AAv?$AAc?$AAt?$AAo?$AAo?$AAl?$AAs?$AA?2?$AAc?$AAr?$AAt?$AA?2?$AAc?$AAr?$AAt?$AAw?$AA3?$AA2?$AA?2?$AAd?$AAl?$AAl?$AAs?$AAt?$AAu?$AAf@ 10027220     MSVCRTD:atonexit.obj
 0002:0000527c       ??_C@_0CN@LMJJPMEG@f?3?2dd?2vctools?2crt?2crtw32?2dllstuf@ 1002727c     MSVCRTD:atonexit.obj
 0002:000052ac       ?ProcessDetach@NativeDll@<CrtImplementationDetails>@@0IB 100272ac     MSVCRTD:initsect.obj
 0002:000052b0       ?ProcessAttach@NativeDll@<CrtImplementationDetails>@@0IB 100272b0     MSVCRTD:initsect.obj
 0002:000052b4       ?ThreadAttach@NativeDll@<CrtImplementationDetails>@@0IB 100272b4     MSVCRTD:initsect.obj
 0002:000052b8       ?ThreadDetach@NativeDll@<CrtImplementationDetails>@@0IB 100272b8     MSVCRTD:initsect.obj
 0002:000052bc       ?ProcessVerifier@NativeDll@<CrtImplementationDetails>@@0IB 100272bc     MSVCRTD:initsect.obj
 0002:000052c0       ?value@?$integral_constant@_N$0A@@std@@2_NB 100272c0     MSVCRTD:tncleanup.obj
 0002:000052c1       ?value@?$integral_constant@_N$00@std@@2_NB 100272c1     MSVCRTD:tncleanup.obj
 0002:000052d0       __load_config_used         100272d0     MSVCRTD:loadcfg.obj
 0002:00005650       ___safe_se_handler_table   10027650     <linker-defined>
 0002:00005754       ___rtc_iaa                 10027754     MSVCRTD:initsect.obj
 0002:00005858       ___rtc_izz                 10027858     MSVCRTD:initsect.obj
 0002:0000595c       ___rtc_taa                 1002795c     MSVCRTD:initsect.obj
 0002:00005a60       ___rtc_tzz                 10027a60     MSVCRTD:initsect.obj
 0003:000007a0       ___native_dllmain_reason   100297a0     MSVCRTD:natstart.obj
 0003:000007a4       ___security_cookie         100297a4     MSVCRTD:gs_cookie.obj
 0003:000007a8       ___security_cookie_complement 100297a8     MSVCRTD:gs_cookie.obj
 0003:000008c8       ?__type_info_root_node@@3U__type_info_node@@A 100298c8     MSVCRTD:tncleanup.obj
 0003:00000bf0       ___native_startup_lock     10029bf0     <common>
 0003:00000c00       ___native_startup_state    10029c00     <common>
 0003:00000c04       ___onexitend               10029c04     <common>
 0003:00000c14       ___onexitbegin             10029c14     <common>
 0003:00000c18       ___dyn_tls_init_callback   10029c18     <common>
 0004:00000000       __imp__GetLastError@0      1002a000     kernel32:KERNEL32.dll
 0004:00000004       __imp__WriteFile@20        1002a004     kernel32:KERNEL32.dll
 0004:00000008       __imp__ReadFile@20         1002a008     kernel32:KERNEL32.dll
 0004:0000000c       __imp__SetFilePointer@16   1002a00c     kernel32:KERNEL32.dll
 0004:00000010       __imp__CloseHandle@4       1002a010     kernel32:KERNEL32.dll
 0004:00000014       __imp__CreateFileA@28      1002a014     kernel32:KERNEL32.dll
 0004:00000018       __imp__CreateFileW@28      1002a018     kernel32:KERNEL32.dll
 0004:0000001c       __imp__IsDebuggerPresent@0 1002a01c     kernel32:KERNEL32.dll
 0004:00000020       __imp__DisableThreadLibraryCalls@4 1002a020     kernel32:KERNEL32.dll
 0004:00000024       __imp__GetSystemTimeAsFileTime@4 1002a024     kernel32:KERNEL32.dll
 0004:00000028       __imp__GetCurrentThreadId@0 1002a028     kernel32:KERNEL32.dll
 0004:0000002c       __imp__GetCurrentProcessId@0 1002a02c     kernel32:KERNEL32.dll
 0004:00000030       __imp__QueryPerformanceCounter@4 1002a030     kernel32:KERNEL32.dll
 0004:00000034       __imp__DecodePointer@4     1002a034     kernel32:KERNEL32.dll
 0004:00000038       __imp__EncodePointer@4     1002a038     kernel32:KERNEL32.dll
 0004:0000003c       __imp__IsProcessorFeaturePresent@4 1002a03c     kernel32:KERNEL32.dll
 0004:00000040       \177KERNEL32_NULL_THUNK_DATA 1002a040     kernel32:KERNEL32.dll
 0004:00000078       __imp___errno              1002a078     MSVCRTD:MSVCR120D.dll
 0004:0000007c       __imp__memchr              1002a07c     MSVCRTD:MSVCR120D.dll
 0004:00000080       __imp__strerror            1002a080     MSVCRTD:MSVCR120D.dll
 0004:00000084       __imp__fclose              1002a084     MSVCRTD:MSVCR120D.dll
 0004:00000088       __imp__ferror              1002a088     MSVCRTD:MSVCR120D.dll
 0004:0000008c       __imp__fopen               1002a08c     MSVCRTD:MSVCR120D.dll
 0004:00000090       __imp__fread               1002a090     MSVCRTD:MSVCR120D.dll
 0004:00000094       __imp__fseek               1002a094     MSVCRTD:MSVCR120D.dll
 0004:00000098       __imp__ftell               1002a098     MSVCRTD:MSVCR120D.dll
 0004:0000009c       __imp___fseeki64           1002a09c     MSVCRTD:MSVCR120D.dll
 0004:000000a0       __imp___ftelli64           1002a0a0     MSVCRTD:MSVCR120D.dll
 0004:000000a4       __imp__fwrite              1002a0a4     MSVCRTD:MSVCR120D.dll
 0004:000000a8       __imp__strcmp              1002a0a8     MSVCRTD:MSVCR120D.dll
 0004:000000ac       __imp__rand                1002a0ac     MSVCRTD:MSVCR120D.dll
 0004:000000b0       __imp___wopen              1002a0b0     MSVCRTD:MSVCR120D.dll
 0004:000000b4       __imp___time64             1002a0b4     MSVCRTD:MSVCR120D.dll
 0004:000000b8       __imp___vsnprintf          1002a0b8     MSVCRTD:MSVCR120D.dll
 0004:000000b8       __imp__vsnprintf           1002a0b8     MSVCRTD:MSVCR120D.dll
 0004:000000bc       __imp____CppXcptFilter     1002a0bc     MSVCRTD:MSVCR120D.dll
 0004:000000c0       __imp___amsg_exit          1002a0c0     MSVCRTD:MSVCR120D.dll
 0004:000000c4       __imp___malloc_dbg         1002a0c4     MSVCRTD:MSVCR120D.dll
 0004:000000c8       __imp___free_dbg           1002a0c8     MSVCRTD:MSVCR120D.dll
 0004:000000cc       __imp___CrtSetCheckCount   1002a0cc     MSVCRTD:MSVCR120D.dll
 0004:000000d0       __imp___initterm           1002a0d0     MSVCRTD:MSVCR120D.dll
 0004:000000d4       __imp___initterm_e         1002a0d4     MSVCRTD:MSVCR120D.dll
 0004:000000d8       __imp___lock               1002a0d8     MSVCRTD:MSVCR120D.dll
 0004:000000dc       __imp___unlock             1002a0dc     MSVCRTD:MSVCR120D.dll
 0004:000000e0       __imp___CrtDbgReportW      1002a0e0     MSVCRTD:MSVCR120D.dll
 0004:000000e4       __imp___calloc_dbg         1002a0e4     MSVCRTD:MSVCR120D.dll
 0004:000000e8       __imp____dllonexit         1002a0e8     MSVCRTD:MSVCR120D.dll
 0004:000000ec       __imp___onexit             1002a0ec     MSVCRTD:MSVCR120D.dll
 0004:000000f0       __imp____clean_type_info_names_internal 1002a0f0     MSVCRTD:MSVCR120D.dll
 0004:000000f4       __imp___except_handler4_common 1002a0f4     MSVCRTD:MSVCR120D.dll
 0004:000000f8       __imp___crt_debugger_hook  1002a0f8     MSVCRTD:MSVCR120D.dll
 0004:000000fc       __imp____crtUnhandledException 1002a0fc     MSVCRTD:MSVCR120D.dll
 0004:00000100       __imp____crtTerminateProcess 1002a100     MSVCRTD:MSVCR120D.dll
 0004:00000104       __imp___lseeki64           1002a104     MSVCRTD:MSVCR120D.dll
 0004:00000108       __imp__malloc              1002a108     MSVCRTD:MSVCR120D.dll
 0004:0000010c       __imp__free                1002a10c     MSVCRTD:MSVCR120D.dll
 0004:00000110       __imp__wcstombs            1002a110     MSVCRTD:MSVCR120D.dll
 0004:00000114       __imp__strlen              1002a114     MSVCRTD:MSVCR120D.dll
 0004:00000118       __imp___snprintf           1002a118     MSVCRTD:MSVCR120D.dll
 0004:0000011c       __imp__memset              1002a11c     MSVCRTD:MSVCR120D.dll
 0004:00000120       __imp__memcpy              1002a120     MSVCRTD:MSVCR120D.dll
 0004:00000124       __imp__srand               1002a124     MSVCRTD:MSVCR120D.dll
 0004:00000128       __imp__open                1002a128     MSVCRTD:MSVCR120D.dll
 0004:00000128       __imp___open               1002a128     MSVCRTD:MSVCR120D.dll
 0004:0000012c       __imp__close               1002a12c     MSVCRTD:MSVCR120D.dll
 0004:0000012c       __imp___close              1002a12c     MSVCRTD:MSVCR120D.dll
 0004:00000130       __imp__read                1002a130     MSVCRTD:MSVCR120D.dll
 0004:00000130       __imp___read               1002a130     MSVCRTD:MSVCR120D.dll
 0004:00000134       __imp__write               1002a134     MSVCRTD:MSVCR120D.dll
 0004:00000134       __imp___write              1002a134     MSVCRTD:MSVCR120D.dll
 0004:00000138       \177MSVCR120D_NULL_THUNK_DATA 1002a138     MSVCRTD:MSVCR120D.dll
 0004:00000188       __IMPORT_DESCRIPTOR_KERNEL32 1002a188     kernel32:KERNEL32.dll
 0004:0000019c       __IMPORT_DESCRIPTOR_MSVCR120D 1002a19c     MSVCRTD:MSVCR120D.dll
 0004:000001b0       __NULL_IMPORT_DESCRIPTOR   1002a1b0     kernel32:KERNEL32.dll
